[dotenv@17.2.3] injecting env (0) from .env -- tip: 🔄 add secrets lifecycle management: https://dotenvx.com/ops


  Commerce Complete Coverage
    MerchantRegistry Additional TEST Helpers
      ✔ TEST_if_vaultAndScore
      ✔ TEST_if_vaultAndScore - no vault
      ✔ TEST_cover_additional_branches - all variants
      ✔ TEST_cover_additional_branches - with forces
      ✔ TEST_force_eval_360_and_neighbors
      ✔ TEST_force_eval_360_and_neighbors - with thresholds
      ✔ TEST_line365_condexpr_variant2
      ✔ TEST_line365_condexpr_variant2 - with force
      ✔ TEST_line367_condexpr_variant2
      ✔ TEST_line367_condexpr_variant2 - with forces
      ✔ TEST_line374_condexpr_variant
      ✔ TEST_line374_condexpr_variant - force left
      ✔ TEST_force_eval_367_variants
      ✔ TEST_force_eval_367_variants - with forces
      ✔ TEST_force_eval_369_370_combo
      ✔ TEST_force_eval_369_370_combo - zero amount
      ✔ TEST_dup_constructor_or_local
      ✔ TEST_dup_constructor_or_local2
      ✔ TEST_dup_constructor_or_msgsender_variant
      ✔ TEST_trick_constructor_or_line87 - with zero
      ✔ TEST_trick_constructor_or_line87 - with address
      ✔ TEST_line87_txorigin_variant
      ✔ TEST_line87_ledger_security_variant - with zero
      ✔ TEST_line87_ledger_security_variant - with address
      ✔ TEST_line118_msgsender_false_arm
      ✔ TEST_line130_msgsender_vaultZero_false - no force
      ✔ TEST_line130_msgsender_vaultZero_false - with force
    MerchantRegistry Combined Branch Coverage
      ✔ should cover all merchant status branches
      ✔ should cover all vault presence branches
      ✔ should cover all score threshold branches
      ✔ should cover refund threshold branches
      ✔ should cover dispute threshold branches
      ✔ should cover all force flag combinations
    MerchantRegistry Line-Specific Branch Coverage
      ✔ should cover line 365 condexpr - all combinations
      ✔ should cover line 367 condexpr - all combinations
      ✔ should cover line 374 condexpr - all combinations
      ✔ should cover line 367 variants - all combinations
      ✔ should cover lines 369-370 combo - all combinations
    MerchantRegistry Constructor and Line 87 Coverage
      ✔ should cover constructor OR chain variants
      ✔ should cover line 87 with zero addresses
      ✔ should cover line 87 with valid addresses
    MerchantRegistry Lines 118 and 130 Coverage
      ✔ should cover line 118 merchant status check
      ✔ should cover line 130 vault zero check - both branches
    MerchantRegistry Dense 360-375 Hotspot Coverage
      ✔ should cover 360 neighbors - all merchant states (42ms)
      ✔ should cover 360 neighbors with vault presence

  VFIDECommerce - Exhaustive TEST Coverage (Part 1/3)
    Basic TEST toggle functions
      ✔ TEST_setOnlyDAOOff
      ✔ TEST_setForceAlreadyMerchant
      ✔ TEST_setForceNoVault
      ✔ TEST_setForceLowScore
      ✔ TEST_setForceZeroSenderRefund
      ✔ TEST_setForceZeroSenderDispute
    Eval functions - Part 1
      ✔ TEST_eval_addMerchant_flags
      ✔ TEST_eval_addMerchant_subexpr
      ✔ TEST_eval_noteRefund_forceFlag
      ✔ TEST_eval_noteDispute_forceFlag
      ✔ TEST_exercise_addMerchant_checks
      ✔ TEST_exercise_noteFlags
      ✔ TEST_exec_addMerchant_branches
      ✔ TEST_cover_addMerchant_variants
    Conditional TEST functions
      ✔ TEST_if_alreadyMerchant_left
      ✔ TEST_if_forceAlready_right
      ✔ TEST_if_noVault_left
      ✔ TEST_if_forceNoVault_right
      ✔ TEST_if_lowScore_left
      ✔ TEST_if_forceLowScore_right
      ✔ TEST_exec_addMerchant_ifvariants
    Status check functions
      ✔ TEST_if_merchant_status_none
      ✔ TEST_if_vaultHub_vaultOf_isZero
      ✔ TEST_if_seer_getScore_lt_min
      ✔ TEST_if_refund_threshold_reached
      ✔ TEST_if_dispute_threshold_reached
    Force variants
      ✔ TEST_if_vaultOf_isZero_or_force
      ✔ TEST_if_seer_score_below_min_or_force
      ✔ TEST_if_alreadyMerchant_or_force
      ✔ TEST_if_onlyDAO_off_flag
    Vault and score checks
      ✔ TEST_if_vaultAndScore

  VFIDECommerce - Exhaustive TEST Coverage (Part 2/3)
    Additional coverage functions - Part 1
      ✔ TEST_cover_additional_branches
      ✔ TEST_force_eval_360_and_neighbors
      ✔ TEST_line365_condexpr_variant2
      ✔ TEST_line367_condexpr_variant2
      ✔ TEST_line374_condexpr_variant
      ✔ TEST_force_eval_367_variants
      ✔ TEST_force_eval_369_370_combo
    Constructor and local variants
      ✔ TEST_dup_constructor_or_local
      ✔ TEST_dup_constructor_or_local2
      ✔ TEST_dup_constructor_or_msgsender_variant
      ✔ TEST_trick_constructor_or_line87
      ✔ TEST_line87_txorigin_variant
      ✔ TEST_line87_ledger_security_variant
    Specific line coverage
      ✔ TEST_line118_msgsender_false_arm
      ✔ TEST_line130_msgsender_vaultZero_false
      ✔ TEST_line250_condexpr_alt
      ✔ TEST_force_eval_line87_msgsender
      ✔ TEST_force_eval_addMerchant_msgsender_variants
      ✔ TEST_line118_already_or_force
      ✔ TEST_line130_vaultZero_or_force
      ✔ TEST_line238_refunds_threshold
      ✔ TEST_line250_condexpr_variant
      ✔ TEST_line291_sender_zero_or_force_refund
      ✔ TEST_line305_seer_lt_or_force
    Additional IF variants
      ✔ TEST_if_addMerchant_or_force
      ✔ TEST_if_vaultOf_or_force2
      ✔ TEST_if_seer_lt_min_or_force2
      ✔ TEST_cover_addMerchant_near118_130
    Execution functions with state changes
      ✔ TEST_exec_addMerchant_msgsender_full
      ✔ TEST_exec_note_guards_and_restore
    More conditional checks
      ✔ TEST_if_msgsender_alreadyMerchant
      ✔ TEST_if_constructor_zero_check
      ✔ TEST_exec_addMerchant_msgsender_ifvariants
      ✔ TEST_line130_msgsender_vaultZero_or_force
    Coverage region tests
      ✔ TEST_cover_250_300_region
      ✔ TEST_cover_mass_250_410
    All force flag combinations
      ✔ should test all 64 combinations of 6 boolean flags (479ms)

  VFIDECommerce - Exhaustive TEST Coverage (Part 3/3)
    Escrow eval functions
      ✔ TEST_eval_open_checks
      ✔ TEST_if_securityCheck_addr
      ✔ TEST_if_escrow_state_eq
      ✔ TEST_if_escrow_buyerVault_zero
      ✔ TEST_if_escrow_sellerVault_zero
      ✔ TEST_exec_open_ifvariants
    Access check functions
      ✔ TEST_eval_access_checks
      ✔ TEST_if_buyerVault_zero
      ✔ TEST_if_release_allowed
      ✔ TEST_if_refund_allowed
      ✔ TEST_exec_access_ifvariants
      ✔ TEST_cover_escrow_more
    Hotspot functions
      ✔ TEST_hotspot_300s
      ✔ TEST_hotspot_330s
      ✔ TEST_hotspot_360s
      ✔ TEST_hotspot_490s
      ✔ TEST_cover_post360s
    Message sender specific checks
      ✔ TEST_if_msgsender_release_allowed
      ✔ TEST_if_msgsender_refund_allowed
      ✔ TEST_if_msgsender_dispute_allowed
      ✔ TEST_if_notFunded
      ✔ TEST_if_resolve_buyerWins_branch
      ✔ TEST_force_eval_release_refund_resolve
    Line-specific conditional expressions
      ✔ TEST_line435_condexpr_variants
      ✔ TEST_line447_condexpr_variants
      ✔ TEST_line456_condexpr_variants
      ✔ TEST_line466_condexpr_variants
      ✔ TEST_line503_506_combo
    Duplicate and extended variants
      1) TEST_dup_line435_with_locals
      2) TEST_line435_msgsender_include
      3) TEST_line447_many_ors
      4) TEST_line503_extended_variants
      5) TEST_line644_combo
      ✔ TEST_line371_alt
    Comprehensive variant combinations
      ✔ should test all hotspot functions with different parameters
      ✔ should test all line-specific expressions in sequence
      6) should test all extended variants
    Massive permutation testing
      ✔ should test all boolean flag permutations for open_ifvariants
      ✔ should test all score thresholds
      ✔ should test multiple amounts
      ✔ should test all refund/dispute counts
    Final comprehensive coverage
      ✔ should exercise every TEST function at least once

  VFIDECommerce: Push to 95% Coverage
    MerchantRegistry TEST Helpers - Branch Coverage
      ✔ should exercise TEST_setOnlyDAOOff
      ✔ should exercise TEST_setForceAlreadyMerchant
      ✔ should exercise TEST_setForceNoVault
      ✔ should exercise TEST_setForceLowScore
      ✔ should exercise TEST_setForceZeroSenderRefund
      ✔ should exercise TEST_setForceZeroSenderDispute
    MerchantRegistry TEST Helpers - Conditional Branches
      ✔ should exercise TEST_if_alreadyMerchant_left - true
      ✔ should exercise TEST_if_alreadyMerchant_left - false
      ✔ should exercise TEST_if_forceAlready_right - true
      ✔ should exercise TEST_if_forceAlready_right - false
      ✔ should exercise TEST_if_noVault_left - true
      ✔ should exercise TEST_if_noVault_left - false
      ✔ should exercise TEST_if_forceNoVault_right - true
      ✔ should exercise TEST_if_forceNoVault_right - false
      ✔ should exercise TEST_if_lowScore_left - true
      ✔ should exercise TEST_if_lowScore_left - false
      ✔ should exercise TEST_if_forceLowScore_right - true
      ✔ should exercise TEST_if_forceLowScore_right - false
    MerchantRegistry TEST Helpers - Complex Variants
      ✔ should exercise TEST_exec_addMerchant_ifvariants - all false
      ✔ should exercise TEST_exec_addMerchant_ifvariants - forceA true
      ✔ should exercise TEST_exec_addMerchant_ifvariants - forceB true
      ✔ should exercise TEST_exec_addMerchant_ifvariants - forceC true
      ✔ should exercise TEST_exec_addMerchant_ifvariants - all forces true
    MerchantRegistry TEST Helpers - Status Checks
      ✔ should exercise TEST_if_merchant_status_none - true
      ✔ should exercise TEST_if_merchant_status_none - false
      ✔ should exercise TEST_if_vaultHub_vaultOf_isZero - true
      ✔ should exercise TEST_if_vaultHub_vaultOf_isZero - false
    MerchantRegistry TEST Helpers - addMerchant Variants
      ✔ should exercise TEST_cover_addMerchant_variants - not merchant
      ✔ should exercise TEST_cover_addMerchant_variants - is merchant
      ✔ should exercise TEST_cover_addMerchant_variants - force already
      ✔ should exercise TEST_cover_addMerchant_variants - no vault left
      ✔ should exercise TEST_cover_addMerchant_variants - has vault left
      ✔ should exercise TEST_cover_addMerchant_variants - force no vault
      ✔ should exercise TEST_cover_addMerchant_variants - low score left
      ✔ should exercise TEST_cover_addMerchant_variants - good score left
      ✔ should exercise TEST_cover_addMerchant_variants - force low score
    MerchantRegistry TEST Helpers - Additional Eval Functions
      ✔ should exercise TEST_eval_addMerchant_flags
      ✔ should exercise TEST_eval_addMerchant_subexpr
      ✔ should exercise TEST_eval_noteRefund_forceFlag
      ✔ should exercise TEST_eval_noteDispute_forceFlag
      ✔ should exercise TEST_exercise_addMerchant_checks
      ✔ should exercise TEST_exercise_noteFlags
      ✔ should exercise TEST_exec_addMerchant_branches

  Commerce: MerchantRegistry + CommerceEscrow
    7) merchant can register and buyer can open/fund/release an escrow
    8) merchant can request refund and disputes/resolution work

  Commerce negative paths and auto-suspend
    9) open reverts for zero amount and unregistered merchant and locked vaults
    10) markFunded reverts when not enough balance and release/refund unauthorized
    11) auto-suspends merchant after repeated refunds/disputes

  CouncilElection Contract Tests
    Deployment
      ✔ should set DAO correctly
      ✔ should set default council size to 12
      ✔ should set default term to 180 days
      ✔ should revert if deploying with zero addresses
    Module Configuration
      ✔ should allow DAO to set modules
      ✔ should revert if non-DAO tries to set modules
    Parameter Configuration
      ✔ should allow DAO to set params
      ✔ should revert if setting council size to zero
      ✔ should revert if non-DAO tries to set params
    Candidate Registration
      12) should allow eligible user to register
      ✔ should revert if not eligible (low score)
      ✔ should revert if not eligible (no vault)
      13) should allow candidate to unregister
    Council Setting
      14) "before each" hook for "should allow DAO to set council"
    Council Refresh
      15) "before each" hook for "should allow DAO to refresh council"

  DAO Contract Tests
    Deployment and Setup
      ✔ should set admin correctly
      ✔ should set default voting period
      ✔ should set default quorum
      ✔ should allow admin to set modules
      ✔ should revert if non-admin tries to set admin
    Proposal Creation
      ✔ should create a proposal
      ✔ should revert if proposer not eligible
      ✔ should revert if proposer has no vault
      ✔ should allow zero target address
    Voting
      ✔ should allow eligible voter to vote
      ✔ should revert if already voted
      ✔ should revert if not eligible to vote
      ✔ should count votes correctly
    Finalization
      ✔ should finalize passed proposal
      ✔ should finalize failed proposal
      ✔ should revert if voting not ended
    Parameter Updates
      ✔ should allow admin to update voting period
      ✔ should revert if non-admin tries to update params

  DAOTimelock Contract Tests
    Deployment
      ✔ should set admin correctly
      ✔ should set default delay to 48 hours
      ✔ should revert if deploying with zero admin
    Admin Functions
      ✔ should allow admin to update admin
      ✔ should revert if non-admin tries to set admin
      ✔ should revert if setting admin to zero
      ✔ should allow admin to update delay
      ✔ should allow admin to set ledger
      ✔ should allow admin to set panic guard
    Queue Transaction
      ✔ should queue a transaction
      ✔ should revert if non-admin tries to queue
      ✔ should revert if queuing same transaction twice
      ✔ should calculate correct ETA
    Cancel Transaction
      ✔ should cancel a queued transaction
      ✔ should revert if non-admin tries to cancel
      ✔ should revert if cancelling non-existent transaction
    Execute Transaction
      ✔ should execute after delay
      ✔ should revert if executed too early
      ✔ should revert if executing non-existent transaction
    Edge Cases
      ✔ should handle zero value transactions
      ✔ should handle empty data
      ✔ should handle different delays

  DevReserveVestingVault
    Deployment
      ✔ should deploy with correct VFIDE
      ✔ should deploy with correct beneficiary
      ✔ should deploy with correct vaultHub
      ✔ should deploy with correct allocation
      ✔ should set correct cliff period
      ✔ should set correct vesting period
      ✔ should revert on zero VFIDE
      ✔ should revert on zero beneficiary
      ✔ should allow zero securityHub (optional)
      ✔ should revert on zero allocation
    Views - vested()
      ✔ should return 0 before presale launch
      ✔ should return 0 before cliff
      ✔ should return partial amount after cliff
      ✔ should return full allocation at end
      ✔ should calculate linear vesting correctly
    Views - claimable()
      ✔ should return 0 before cliff
      ✔ should return vested minus claimed
    Claim
      ✔ should revert if presale not launched
      ✔ should revert before cliff
      ✔ should allow claim after cliff
      ✔ should transfer to beneficiary's vault
      ✔ should emit Claimed event
      ✔ should revert if not beneficiary
      ✔ should revert if vault is locked
      ✔ should allow multiple partial claims
      ✔ should sync start on first claim
      ✔ should emit SyncedStart event on first claim
    pauseClaims
      ✔ should allow beneficiary to pause
      ✔ should allow beneficiary to unpause
      ✔ should emit PauseSet event
      ✔ should revert if not beneficiary
      ✔ should prevent claims when paused
      ✔ should allow claims when unpaused
    Edge Cases
      ✔ should handle full vesting period
      ✔ should handle claiming everything in one go at end
      ✔ should correctly track totalClaimed across claims
      ✔ should handle beneficiaryVault call

  DevReserveVestingVault
    Deployment
      ✔ should deploy with correct VFIDE
      ✔ should deploy with correct beneficiary
      ✔ should deploy with correct vaultHub
      ✔ should deploy with correct allocation
      ✔ should set correct cliff period
      ✔ should set correct vesting period
      ✔ should revert on zero VFIDE
      ✔ should revert on zero beneficiary
      ✔ should allow zero securityHub (optional)
    syncStart
      16) should sync start time from presale
      17) should calculate cliff timestamp correctly
      18) should calculate end timestamp correctly
      19) should emit SyncedStart event
      20) should be idempotent
    claimable
      21) "before each" hook for "should return 0 before cliff"
    claim
      22) "before each" hook for "should revert before cliff"
    setPause
      23) should allow beneficiary to pause
      24) should allow beneficiary to unpause
      25) should emit PauseSet event
      26) should revert if not beneficiary
    Edge Cases
      27) should handle full vesting period
      28) should handle claiming everything in one go at end

  EmergencyControl Contract Tests
    Deployment
      ✔ should set DAO correctly
      ✔ should set breaker correctly
      ✔ should set default cooldown to 5 minutes
      ✔ should revert if deploying with zero addresses
    Module Configuration
      ✔ should allow DAO to set modules
      ✔ should revert if non-DAO tries to set modules
    Cooldown Configuration
      ✔ should allow DAO to set cooldown
      ✔ should revert if non-DAO tries to set cooldown
    Committee Management
      ✔ should allow DAO to add member
      ✔ should revert if adding zero address
      ✔ should revert if adding duplicate member
      ✔ should allow DAO to remove member
      ✔ should revert if removing non-member
      ✔ should allow DAO to reset committee
      ✔ should revert if threshold exceeds member count
    Committee Voting
      ✔ should allow member to vote for halt
      ✔ should allow member to vote for unhalt
      ✔ should revert if non-member tries to vote
      ✔ should revert if member votes twice for same stance
      ✔ should trigger when threshold reached
    DAO Toggle
      ✔ should allow DAO to toggle halt
      ✔ should revert if non-DAO tries to toggle
      ✔ should enforce cooldown
      ✔ should allow toggle after cooldown passes
    Vote Reset
      29) should allow DAO to reset votes
      30) should revert if non-DAO tries to reset

  Finance Complete Coverage
    StablecoinRegistry Additional TEST Helpers
      ✔ TEST_eval_onlyDAO - with DAO
      ✔ TEST_eval_onlyDAO - with non-DAO
      ✔ TEST_eval_onlyDAO - with TEST_onlyDAO_off enabled
      ✔ TEST_decimalsOrTry_public - with valid token
      ✔ TEST_decimalsOrTry_public - with invalid address
      ✔ TEST_exec_decimals_branches - force return
      ✔ TEST_exec_decimals_branches - staticcall
      ✔ TEST_exec_decimals_branches - fallback
      ✔ TEST_log_hasLedger
      31) TEST_exercise_decimals_try - with forceDecimalsReturn
      32) TEST_exercise_decimals_try - with staticcall
      33) TEST_exercise_decimals_try - with fallback
      ✔ TEST_exercise_deposit_send_checks
      ✔ TEST_exercise_deposit_send_checks - with valid data
      ✔ TEST_if_forceDecimalsReturn - false
      ✔ TEST_if_forceDecimalsReturn - true
      ✔ TEST_if_staticcall_ok - valid token
      ✔ TEST_if_staticcall_ok - invalid address
      ✔ TEST_if_deposit_notWhitelisted - not whitelisted
      ✔ TEST_if_deposit_notWhitelisted - whitelisted
      ✔ TEST_if_deposit_zeroAmount - zero
      ✔ TEST_if_deposit_zeroAmount - non-zero
      ✔ TEST_if_send_zeroToOrAmt - zero address
      ✔ TEST_if_send_zeroToOrAmt - zero amount
      ✔ TEST_if_send_zeroToOrAmt - valid
      ✔ TEST_if_send_tokenIsZero - zero
      ✔ TEST_if_send_tokenIsZero - valid
      ✔ TEST_cover_decimals_and_deposit - comprehensive
      ✔ TEST_cover_decimals_and_deposit - force decimals
      ✔ TEST_cover_decimals_and_deposit - all zero states
    StablecoinRegistry Decimals Branch Exhaustive
      34) should cover all decimals branches with force flag
      ✔ should cover all staticcall branches
      ✔ should cover all exec_decimals_branches paths
    StablecoinRegistry Deposit/Send Validation Exhaustive
      ✔ should cover all deposit validation branches
      ✔ should cover all amount validation branches
      ✔ should cover all send validation branches
      ✔ should cover all token zero branches
    StablecoinRegistry Combined Coverage
      ✔ should cover all combinations of deposit/send checks
      ✔ should cover comprehensive decimals and deposit combinations
    EcoTreasuryVault Additional TEST Helpers
      35) TEST_eval_onlyDAO - with DAO
      36) TEST_eval_onlyDAO - with non-DAO
      37) TEST_eval_onlyDAO - with TEST_onlyDAO_off_Tx enabled
      38) TEST_log_hasLedger
      39) TEST_eval_hasModules
      40) TEST_if_deposit_zeroAmount - zero
      41) TEST_if_deposit_zeroAmount - non-zero
      42) TEST_if_send_zeroToOrAmt - zero address
      43) TEST_if_send_zeroToOrAmt - zero amount
      44) TEST_if_send_zeroToOrAmt - valid
      45) TEST_if_token_not_ok - not whitelisted
      46) TEST_if_token_not_ok - whitelisted
      47) TEST_if_token_addr_zero - zero
      48) TEST_if_token_addr_zero - valid
    EcoTreasuryVault Validation Branch Exhaustive
      49) should cover all deposit amount validation branches
      50) should cover all send validation branches
      51) should cover all token validation branches
      52) should cover all token address zero branches
    EcoTreasuryVault Module and DAO Exhaustive
      53) should cover eval_onlyDAO for all states
      54) should cover hasModules check
      55) should cover log_hasLedger for all states

  VFIDEFinance - Exhaustive TEST Coverage
    StablecoinRegistry TEST Functions
      ✔ TEST_setOnlyDAOOff - toggle onlyDAO bypass
      ✔ TEST_setForceDecimals - set forced decimals value
      ✔ TEST_eval_onlyDAO - evaluate DAO check
      ✔ TEST_decimalsOrTry_public - get token decimals
      ✔ TEST_exec_decimals_branches - all decimals branches
      ✔ TEST_log_hasLedger - check ledger exists
      ✔ TEST_exercise_decimals_try - exercise staticcall paths
      ✔ TEST_exercise_deposit_send_checks - deposit/send validations
      ✔ TEST_if_forceDecimalsReturn - check force flag
      ✔ TEST_if_staticcall_ok - staticcall success check
      ✔ TEST_if_deposit_notWhitelisted - deposit whitelist check
      ✔ TEST_if_deposit_zeroAmount - zero amount check
      ✔ TEST_if_send_zeroToOrAmt - send zero checks
      ✔ TEST_if_send_tokenIsZero - token zero check
      ✔ TEST_cover_decimals_and_deposit - comprehensive coverage
      ✔ TEST_exec_decimals_and_tx_ifvariants - all if variants
      ✔ TEST_if_asset_ok - asset whitelist check
      ✔ TEST_if_token_staticcall_dec_ok - decimals staticcall
      ✔ TEST_if_deposit_checks_explicit - explicit deposit checks
      ✔ TEST_if_send_allowed_and_tokenNonZero - send checks
      ✔ TEST_if_asset_not_ok - negative asset check
      ✔ TEST_if_staticcall_returns_short - short return check
      ✔ TEST_if_treasury_force_flags - force flag checks
      ✔ TEST_if_deposit_send_whitelist_and_zero - combined checks
      ✔ TEST_if_force_flags_state - force flags state
      ✔ TEST_cover_more_finance - more coverage
      ✔ TEST_cover_finance_more2 - additional coverage
      ✔ TEST_exec_finance_413_checks - line 413 checks
      ✔ TEST_exec_decimals_for_token - decimals execution
    EcoTreasuryVault TEST Functions
      ✔ TEST_setOnlyDAOOff_Tx - toggle DAO bypass for treasury
      ✔ TEST_setForceDepositInsufficient - force deposit insufficient
      ✔ TEST_setForceSendInsufficient - force send insufficient
      ✔ TEST_eval_deposit_checks - deposit validation
      ✔ TEST_eval_send_checks - send validation
      ✔ TEST_if_send_zero_guard - send zero guard
      ✔ TEST_exec_treasury_ifvariants - all treasury variants
      ✔ TEST_if_to_or_amount_zero - zero checks
      ✔ TEST_if_token_is_vfide_or_whitelisted - token checks
      ✔ TEST_if_TEST_force_flags_either - force flags OR
      ✔ TEST_exec_send_variants - send variants
    Combined exhaustive tests
      ✔ should test all registry TEST functions in sequence
      ✔ should test all treasury TEST functions in sequence
      ✔ should test all boolean combinations (57ms)

  VFIDEFinance: Push to 100% Coverage
    StablecoinRegistry TEST Helpers
      ✔ should exercise TEST_setOnlyDAOOff
      ✔ should exercise TEST_setForceDecimals
      ✔ should exercise TEST_if_deposit_zeroAmount - true branch
      ✔ should exercise TEST_if_deposit_zeroAmount - false branch
      ✔ should exercise TEST_if_send_zeroToOrAmt - zero address
      ✔ should exercise TEST_if_send_zeroToOrAmt - zero amount
      ✔ should exercise TEST_if_send_zeroToOrAmt - both non-zero
      ✔ should exercise TEST_if_send_tokenIsZero - true branch
      ✔ should exercise TEST_if_send_tokenIsZero - false branch
    StablecoinRegistry TEST Helpers - Additional
      ✔ should exercise TEST_cover_decimals_and_deposit with forceDecimalsReturn=true
      ✔ should exercise TEST_cover_decimals_and_deposit with forceDecimalsReturn=false
      ✔ should exercise TEST_cover_decimals_and_deposit with non-whitelisted token
      ✔ should exercise TEST_cover_decimals_and_deposit with zero amount
      ✔ should exercise TEST_cover_decimals_and_deposit with zero address recipient
      ✔ should exercise TEST_cover_decimals_and_deposit with zero token address
    StablecoinRegistry Modifier Branches
      ✔ should test onlyDAO modifier - DAO can call
      ✔ should test onlyDAO modifier - non-DAO reverts
      ✔ should test onlyDAO modifier - TEST_onlyDAO_off bypasses check
    StablecoinRegistry Admin Functions
      ✔ should test setLedger
      ✔ should test addAsset with forced decimals
      ✔ should test addAsset with staticcall decimals
      ✔ should test removeAsset
      ✔ should test setSymbolHint
    EcoTreasuryVault Admin Functions
      ✔ should test setModules

  StablecoinRegistry and EcoTreasuryVault
    ✔ DAO can whitelist asset and treasury accepts deposits
    ✔ non-DAO cannot add asset

  StablecoinRegistry and EcoTreasuryVault extra flows
    ✔ DAO can remove asset and set symbol hint
    ✔ treasury send works for whitelisted stable and VFIDE, and reverts for non-DAO

  GovernanceHooks
    Deployment
      ✔ should deploy with correct ledger
      ✔ should deploy with correct seer
      56) should emit ModulesSet on deployment
      ✔ should deploy with zero address ledger (optional)
      ✔ should deploy with zero address seer (optional)
      ✔ should deploy with both zero addresses
    setModules
      ✔ should update ledger address (62ms)
      ✔ should update seer address
      ✔ should update both addresses
      ✔ should emit ModulesSet
      ✔ should allow setting zero addresses
      ✔ should allow anyone to call setModules
    onProposalQueued
      ✔ should execute without reverting
      ✔ should log system event when ledger is set
      ✔ should not revert when ledger is zero address
      ✔ should handle multiple proposal IDs
      ✔ should handle zero value proposals
      ✔ should handle zero target address
    onVoteCast
      ✔ should execute without reverting for support vote
      ✔ should execute without reverting for against vote
      ✔ should log system event when ledger is set
      ✔ should not revert when ledger is zero address
      ✔ should handle multiple voters
      ✔ should handle zero address voter
    onFinalized
      ✔ should execute for passed proposal
      ✔ should execute for failed proposal
      ✔ should log system event when ledger is set (passed)
      ✔ should log system event when ledger is set (failed)
      ✔ should not revert when ledger is zero address
      ✔ should handle multiple proposal finalizations
    Hook Integration Flow
      ✔ should execute complete governance flow
      ✔ should handle multiple proposals simultaneously
      ✔ should work with ledger logging disabled
    Edge Cases
      ✔ should handle ledger reverts gracefully
      ✔ should allow rapid successive calls
      ✔ should handle very large proposal IDs
      57) should allow module updates mid-flow

  Interface Compliance Tests
    IVFIDEToken Interface
      58) Should implement all IVFIDEToken interface functions
    IDAO Interface
      59) Should verify DAO interface structure
    ISeer Interface
      60) Should verify Seer reputation interface
    IProofLedger Interface
      61) Should verify ProofLedger interface functions
    IVaultHub Interface
      62) Should verify VaultHub interface compliance
    ISecurityHub Interface
      63) Should verify SecurityHub emergency interface
    ICouncilElection Interface
      64) Should verify CouncilElection interface functions
    IEmergencyControl Interface
      65) Should verify EmergencyControl interface
    IDAOTimelock Interface
      66) Should verify Timelock interface compliance
    ICommerceEscrow Interface
      67) Should verify Commerce escrow interface
    IMerchantRegistry Interface
      68) Should verify MerchantRegistry interface
    IReviewRegistry Interface
      69) Should verify ReviewRegistry interface compliance
    IGovernanceHooks Interface
      70) Should verify GovernanceHooks callback interface
    IProofScoreBurnRouter Interface
      71) Should verify ProofScoreBurnRouter interface
    ISystemHandover Interface
      72) Should verify SystemHandover interface functions
    IVFIDEPresale Interface
      73) Should verify Presale interface compliance
    IUserVault Interface
      74) Should verify UserVault interface functions
    IVaultFactory Interface
      75) Should verify VaultFactory creation interface
    IStablecoinRegistry Interface
      76) Should verify StablecoinRegistry interface
    IDevReserveVestingVault Interface
      77) Should verify DevReserveVestingVault interface
    IEcoTreasuryVault Interface
      78) Should verify EcoTreasuryVault interface compliance
    ISanctumFund Interface
      79) Should verify SanctumFund interface functions
    IGuardianLock Interface
      80) Should verify GuardianLock security interface
    IGuardianRegistry Interface
      81) Should verify GuardianRegistry interface
    IPanicGuard Interface
      82) Should verify PanicGuard emergency interface
    IEmergencyBreaker Interface
      83) Should verify EmergencyBreaker circuit breaker interface
    IERC20Minimal Interface
      84) Should verify ERC20 minimal interface compliance
    Cross-Interface Integration
      85) Should verify interfaces work together
      86) Should verify DAO and Timelock interface integration
      87) Should verify Seer and Ledger interface integration

  MerchantPortal
    88) "before each" hook for "Should register a merchant successfully"

  ProofLedger
    Deployment
      ✔ should deploy with correct DAO
      ✔ should revert on zero address DAO
    setDAO
      ✔ should allow DAO to update DAO address
      ✔ should emit DAOSet event
      ✔ should revert if non-DAO tries to update
      ✔ should revert on zero address
      ✔ should allow DAO to be set to itself
      ✔ should allow chained DAO updates
    logEvent
      ✔ should emit Log event with all parameters
      ✔ should allow anyone to log events
      ✔ should handle zero amount
      ✔ should handle empty strings
      ✔ should handle very large amounts
      ✔ should handle long action strings
      ✔ should handle long note strings
      ✔ should log multiple events in sequence
      ✔ should preserve msg.sender in 'by' field
      ✔ should use current block timestamp
    logSystemEvent
      ✔ should emit LogSystem event with all parameters
      ✔ should allow anyone to log system events
      ✔ should handle empty action string
      ✔ should handle zero addresses
      ✔ should handle long action strings
      ✔ should log multiple system events
      ✔ should use current block timestamp
    Mixed Logging
      ✔ should support both log types simultaneously
      ✔ should handle high-frequency logging
      ✔ should maintain independent event streams
    Access Control
      ✔ should allow only DAO to change DAO
      ✔ should allow anyone to log events
      ✔ should allow anyone to log system events
    Edge Cases
      ✔ should handle DAO transferring to self
      ✔ should handle rapid DAO transfers
      ✔ should handle maximum uint256 amount in logs
      ✔ should handle special characters in strings
      ✔ should not revert on consecutive identical logs

  ProofScoreBurnRouter
    Deployment
      ✔ should deploy with correct seer
      ✔ should deploy with correct treasury
      ✔ should deploy with correct sanctum
      ✔ should deploy with correct vfideToken
      ✔ should set default baseBurnRate to 50 (0.5%)
      ✔ should set default maxBurnRate to 250 (2.5%)
      ✔ should set default sanctumRate to 25 (0.25%)
      89) should emit ModulesSet on deployment
      ✔ should revert on zero seer address
      ✔ should revert on zero treasury address
      ✔ should revert on zero vfide token address
      ✔ should allow zero sanctum address (optional)
    setModules
      ✔ should update seer address
      ✔ should update treasury address
      ✔ should update sanctum address
      ✔ should update vfideToken address
      ✔ should emit ModulesSet
      ✔ should allow anyone to call setModules
    route - Burn Rate Calculation
      ✔ should apply baseBurnRate/2 for score >= 900
      ✔ should apply maxBurnRate for score <= 300
      90) should apply linear interpolation for score 500
      ✔ should apply linear interpolation for score 600
      ✔ should handle score 1000 (maximum)
      ✔ should handle score 0 (minimum)
    route - Amount Routing
      91) should route burn amount to treasury
      92) should route sanctum amount to sanctum
      93) should return total deducted amount
      94) should handle zero amount
      95) should handle very large amounts
      ✔ should not call treasury if burn amount is zero
      96) should not call sanctum if sanctum amount is zero
    route - Events
      97) should emit RouteExecuted with correct parameters
      ✔ should emit Adjusted with correct score and rates
      98) should emit both RouteExecuted and Adjusted
    adjustScore
      99) should emit Adjusted event
      ✔ should fetch current score from seer
      ✔ should calculate burn rate based on score
      100) should handle increase flag true
      101) should handle increase flag false
      102) should handle zero delta
      103) should allow anyone to call adjustScore
    Edge Cases
      104) should handle multiple routes for same user
      105) should handle routes for different users
      ✔ should handle score changes between routes
      ✔ should handle uninitialized score (defaults to 500)
      ✔ should handle boundary scores correctly

  Advanced Security Testing - Critical Attack Vectors
    Front-Running Protection
      ✔ should prevent front-running in presale buy orders
      ✔ should prevent front-running in escrow release
      ✔ should prevent MEV extraction from Commerce transactions
    Flash Loan Attack Protection
      ✔ should prevent flash loan governance attacks
      ✔ should prevent flash loan manipulation of merchant scores
    Oracle Manipulation
      106) should prevent Seer score manipulation
      ✔ should validate score thresholds cannot be bypassed
    Timestamp Manipulation
      ✔ should be resilient to block.timestamp manipulation
    Denial of Service (DoS) Attacks
      ✔ should prevent DoS via unbounded loops
      ✔ should prevent DoS via always-reverting fallback
      ✔ should prevent DoS via block gas limit
    Access Control Edge Cases
      ✔ should prevent privilege escalation via delegatecall
      ✔ should prevent admin key compromise simulation
      ✔ should prevent ownership transfer exploits
    Integer Boundary Exploits
      ✔ should handle maximum uint256 amounts safely
      ✔ should prevent precision loss in calculations
    Cross-Contract Reentrancy
      ✔ should prevent reentrancy across multiple contracts
    Upgrade/Migration Vulnerabilities
      ✔ should test SystemHandover under attack
      ✔ should test emergency pause mechanisms
    Economic Attacks
      ✔ should prevent dust attacks on token economics
      ✔ should prevent fee/burn manipulation

  Seer Contract Tests
    Deployment
      ✔ should set DAO correctly
      ✔ should set default base score to 500
      ✔ should set default min score to 100
      ✔ should set default max score to 1000
      ✔ should revert if deploying with zero DAO
    Module Configuration
      ✔ should allow DAO to set modules
      ✔ should revert if non-DAO tries to set modules
      107) should revert if setting DAO to zero
    Policy Configuration
      ✔ should allow DAO to set policy
      ✔ should revert if non-DAO tries to set policy
    Score Management
      108) should initialize user with base score
      109) should allow DAO to set score directly
      110) should revert if non-DAO tries to set score
      111) should get score correctly
      ✔ should return base score for uninitialized user
    Governance Checks
      112) should check if user meets min score for governance
      113) should fail if user below min score
      114) should return minForGovernance value
    Commerce Checks
      115) should check if user meets min score for commerce
      116) should fail if user below min score
      117) should return minForCommerce value
    Flagging System
      118) should allow DAO to flag user
      119) should revert if non-DAO tries to flag
      120) should allow DAO to unflag user
      121) should check if user is flagged
    Score Adjustments
      122) "before each" hook for "should increase score"
    Batch Operations
      123) should initialize multiple users
      124) should handle multiple score updates
    Edge Cases
      125) should handle zero score setting
      126) should handle score updates for same user multiple times
      127) should track last update timestamp

  SystemHandover
    Deployment
      ✔ should deploy with correct devMultisig
      ✔ should deploy with correct DAO
      ✔ should deploy with correct timelock
      ✔ should deploy with correct seer
      ✔ should deploy with correct ledger
      ✔ should set minAvgCouncilScore from seer
      ✔ should set default monthsDelay to 180 days
      ✔ should set default maxExtensions to 1
      ✔ should set extensionSpan to 60 days
      ✔ should revert on zero dev address
      ✔ should revert on zero dao address
      ✔ should revert on zero timelock address
      ✔ should revert on zero seer address
      ✔ should allow zero ledger address (optional)
    armFromPresale
      ✔ should arm handover after presale starts
      ✔ should calculate handoverAt correctly
      ✔ should emit Armed event
      ✔ should be idempotent (can call multiple times)
      ✔ should revert if presale not started
      ✔ should allow anyone to arm
      ✔ should log to ledger
    setParams
      ✔ should allow dev to update monthsDelay
      ✔ should allow dev to update minAvgCouncilScore
      ✔ should allow dev to update maxExtensions
      ✔ should allow dev to update extensionSpan
      ✔ should enforce minimum monthsDelay of 90 days
      ✔ should update handoverAt if already armed
      ✔ should emit ParamsSet event
      ✔ should revert if non-dev tries to set params
      ✔ should log to ledger
    extendOnceIfNeeded
      ✔ should extend if network score is below threshold
      ✔ should add extensionSpan to handoverAt
      ✔ should increment extensionsUsed
      ✔ should not extend if network score is at threshold
      ✔ should not extend if network score is above threshold
      ✔ should revert if max extensions reached
      ✔ should revert if non-dev tries to extend
      ✔ should log to ledger when extended
      ✔ should allow extension with maxExtensions = 2
    executeHandover
      ✔ should execute handover after deadline
      ✔ should call dao.setAdmin
      ✔ should call timelock.setAdmin with DAO address
      ✔ should emit Executed event
      ✔ should use DAO address if newAdmin is zero
      ✔ should revert if executed too early
      ✔ should revert if non-dev tries to execute
      ✔ should include extensionsUsed in event
      ✔ should log to ledger
    setLedger
      ✔ should allow dev to update ledger
      ✔ should emit LedgerSet event
      ✔ should allow setting to zero address
      ✔ should revert if non-dev tries to set ledger
    Complete Handover Flow
      ✔ should execute full handover lifecycle

  VFIDEToken - Exhaustive TEST Coverage
    TEST_setForceSecurityStaticcallFail
      ✔ should toggle security staticcall fail flag
    TEST_setForceVaultHubZero
      ✔ should toggle vaultHub zero flag
    TEST_setForcePolicyLockedRequireRouter
      ✔ should toggle policy locked router requirement flag
    TEST_check_locked
      ✔ should check if vault is locked
      ✔ should return false for unlocked vault
      ✔ should return true for locked vault
    TEST_check_isVault
      ✔ should check if address is a vault
      ✔ should return false for non-vault address
      ✔ should return true for vault address
    TEST_force_router_requirement
      ✔ should execute router requirement check
      ✔ should work with policy locked flag
    Combined TEST scenarios
      ✔ should test all flags together
      ✔ should test locked check with different vaults
      ✔ should test isVault check with hub configuration
    Edge cases and permutations
      ✔ should handle all boolean flag permutations (54ms)
      ✔ should test multiple vault addresses
      ✔ should test all TEST functions in sequence

  VFIDEToken basic flows
    ✔ pre-mints dev reserve to vesting vault
    ✔ allows owner to disable vaultOnly and set presale, presale mints within cap
    ✔ transfers update balances

  VFIDEToken edge cases and fee routing
    ✔ presale cap is enforced
    ✔ fee routing: burn + sanctum to treasury sink
    ✔ policy lock prevents disabling critical modules
    ✔ vaultOnly enforces transfers when enabled

  VFIDEToken additional behaviors
    ✔ approve/increase/decrease allowance and transferFrom
    ✔ systemExempt bypasses vaultOnly and fees
    ✔ securityHub lock prevents transfers involving locked vaults
    ✔ burn sink receives burn amount instead of hard burn

  VFIDECommerce extra branch coverage
    ✔ open reverts when amount == 0 (COM_BadAmount)
    ✔ open reverts when merchant status is NONE / SUSPENDED / DELISTED (52ms)
    128) resolve onlyDAO and buyerWins / sellerWins success paths

  VFIDECommerce targeted branch tests
    ✔ MerchantRegistry: addMerchant TEST toggles and constructor zeros (50ms)
    ✔ MerchantRegistry: TEST force zero-sender refund/dispute revert COM_Zero
    129) CommerceEscrow: resolve buyerWins true branch is exercised

  VFIDECommerce constructor/resolve branch sweeps
    ✔ MerchantRegistry constructor reverts for each zero param (COM_Zero)
    ✔ CommerceEscrow constructor reverts for each zero param (COM_Zero) (54ms)
    130) resolve buyerWins true/false arms explicitly exercised

  VFIDECommerce
Fetching contract factory for VaultHubMock...
VaultHubMock factory: ContractFactory {
  interface: Interface {
    fragments: [
      [FunctionFragment],
      [FunctionFragment],
      [FunctionFragment],
      [FunctionFragment]
    ],
    deploy: ConstructorFragment {
      type: 'constructor',
      inputs: [],
      payable: false,
      gas: null
    },
    fallback: null,
    receive: false
  },
  bytecode: '0x60808060405234601557610263908161001b8239f35b600080fdfe608080604052600436101561001357600080fd5b60003560e01c9081630709df45146101d857508063714ccf7b1461017a578063a622ee7c146101385763e01fd2151461004b57600080fd5b3461013357602036600319011261013357610064610217565b6001600160a01b0381811660008181526020819052604090205490929116156100a9575b506000526000602052602060018060a01b0360406000205416604051908152f35b6040519060208201906bffffffffffffffffffffffff199060601b168152601482526040820182811067ffffffffffffffff82111761011d57604090815291519020600083815260208190529190912080546001600160a01b0319166001600160a01b039290921691909117905538610088565b634e487b7160e01b600052604160045260246000fd5b600080fd5b34610133576020366003190112610133576001600160a01b03610159610217565b166000526000602052602060018060a01b0360406000205416604051908152f35b3461013357604036600319011261013357610193610217565b602435906001600160a01b0382168203610133576001600160a01b03908116600090815260208190526040902080546001600160a01b03191692909116919091179055005b34610133576020366003190112610133576020906001600160a01b036101fc610217565b16600090815280835260409020546001600160a01b03168152f35b600435906001600160a01b03821682036101335756fea264697066735822122024270b20b327de01c26790f3260a4238e2da234d4f18430c164360283d07d24264736f6c634300081e0033',
  runner: HardhatEthersSigner {
    _gasLimit: 30000000,
    address: '0xf39Fd6e51aad88F6F4ce6aB8827279cffFb92266',
    provider: HardhatEthersProvider {
      _hardhatProvider: [LazyInitializationProviderAdapter],
      _networkName: 'hardhat',
      _blockListeners: [],
      _transactionHashListeners: Map(0) {},
      _eventListeners: []
    },
    _accounts: {
      initialIndex: 0,
      count: 20,
      path: "m/44'/60'/0'/0",
      passphrase: '',
      mnemonic: 'test test test test test test test test test test test junk',
      accountsBalance: '10000000000000000000000'
    }
  }
}
Deploying VaultHubMock...
VaultHubMock deployed at: undefined
Fetching contract factory for SeerMock...
SeerMock factory: ContractFactory {
  interface: Interface {
    fragments: [
      [FunctionFragment],
      [FunctionFragment],
      [FunctionFragment],
      [FunctionFragment],
      [FunctionFragment],
      [FunctionFragment],
      [FunctionFragment]
    ],
    deploy: ConstructorFragment {
      type: 'constructor',
      inputs: [],
      payable: false,
      gas: null
    },
    fallback: null,
    receive: false
  },
  bytecode: '0x6080806040523460245761025861ffff1960015416176001556101c0908161002a8239f35b600080fdfe608080604052600436101561001357600080fd5b60003560e01c90816311a8a5fc1461012157816313c2bedc146101025750806328dd9b39146100b45780634ccf04cf1461006c57806376dd110f14610071578063d47875d0146100715763e710c92b1461006c57600080fd5b610168565b346100af5760203660031901126100af576001600160a01b03610092610152565b166000526000602052602061ffff60406000205416604051908152f35b600080fd5b346100af5760403660031901126100af576100cd610152565b6024359061ffff82168092036100af576001600160a01b03166000908152602081905260409020805461ffff19169091179055005b346100af5760003660031901126100af5760209061ffff600154168152f35b346100af5760203660031901126100af5760043561ffff81168091036100af5761ffff196001541617600155600080f35b600435906001600160a01b03821682036100af57565b346100af5760003660031901126100af57602061ffff60015416604051908152f3fea2646970667358221220dd19985f42768416fd29e99f41e223cc792ecd929aeaa5ed033648449a1ea57264736f6c634300081e0033',
  runner: HardhatEthersSigner {
    _gasLimit: 30000000,
    address: '0xf39Fd6e51aad88F6F4ce6aB8827279cffFb92266',
    provider: HardhatEthersProvider {
      _hardhatProvider: [LazyInitializationProviderAdapter],
      _networkName: 'hardhat',
      _blockListeners: [],
      _transactionHashListeners: Map(0) {},
      _eventListeners: []
    },
    _accounts: {
      initialIndex: 0,
      count: 20,
      path: "m/44'/60'/0'/0",
      passphrase: '',
      mnemonic: 'test test test test test test test test test test test junk',
      accountsBalance: '10000000000000000000000'
    }
  }
}
Deploying SeerMock...
SeerMock deployed at: undefined
Fetching contract factory for ProofLedgerMock...
ProofLedgerMock factory: ContractFactory {
  interface: Interface {
    fragments: [
      [EventFragment],
      [EventFragment],
      [FunctionFragment],
      [FunctionFragment]
    ],
    deploy: ConstructorFragment {
      type: 'constructor',
      inputs: [],
      payable: false,
      gas: null
    },
    fallback: null,
    receive: false
  },
  bytecode: '0x60808060405234601557610232908161001b8239f35b600080fdfe608080604052600436101561001357600080fd5b60003560e01c908163c0f0a1c0146100db575063f77586ac1461003557600080fd5b346100d65760603660031901126100d65761004e610197565b60243567ffffffffffffffff81116100d65761006e9036906004016101ad565b6044356001600160a01b038116939291908490036100d6577fced1ec4381de62726c444b199e0f4596f6ba35d7257e5efcdfb0d2e6d41d4183926100bf6040519384936040855260408501916101db565b60208301959095526001600160a01b0316930390a2005b600080fd5b346100d65760803660031901126100d6576100f4610197565b60243567ffffffffffffffff81116100d6576101149036906004016101ad565b929060643567ffffffffffffffff81116100d6577f643f164414d284d576212b64fe871b87d9efc5300393d65c87d53aa4955014049383926101716101606101929436906004016101ad565b9290986060875260608701916101db565b604435602086015284810360408601526001600160a01b03909216966101db565b0390a2005b600435906001600160a01b03821682036100d657565b9181601f840112156100d65782359167ffffffffffffffff83116100d657602083818601950101116100d657565b908060209392818452848401376000828201840152601f01601f191601019056fea2646970667358221220ece89bd63f036b747a9838b3c674c811af9e54f16e1d227e31a2e91cc5aa0a9a64736f6c634300081e0033',
  runner: HardhatEthersSigner {
    _gasLimit: 30000000,
    address: '0xf39Fd6e51aad88F6F4ce6aB8827279cffFb92266',
    provider: HardhatEthersProvider {
      _hardhatProvider: [LazyInitializationProviderAdapter],
      _networkName: 'hardhat',
      _blockListeners: [],
      _transactionHashListeners: Map(0) {},
      _eventListeners: []
    },
    _accounts: {
      initialIndex: 0,
      count: 20,
      path: "m/44'/60'/0'/0",
      passphrase: '',
      mnemonic: 'test test test test test test test test test test test junk',
      accountsBalance: '10000000000000000000000'
    }
  }
}
Deploying ProofLedgerMock...
ProofLedgerMock deployed at: undefined
Mock contracts deployed: { vaultHub: 'undefined', seer: 'undefined', proofLedger: 'undefined' }
    131) Should add a merchant successfully
Fetching contract factory for VaultHubMock...
VaultHubMock factory: ContractFactory {
  interface: Interface {
    fragments: [
      [FunctionFragment],
      [FunctionFragment],
      [FunctionFragment],
      [FunctionFragment]
    ],
    deploy: ConstructorFragment {
      type: 'constructor',
      inputs: [],
      payable: false,
      gas: null
    },
    fallback: null,
    receive: false
  },
  bytecode: '0x60808060405234601557610263908161001b8239f35b600080fdfe608080604052600436101561001357600080fd5b60003560e01c9081630709df45146101d857508063714ccf7b1461017a578063a622ee7c146101385763e01fd2151461004b57600080fd5b3461013357602036600319011261013357610064610217565b6001600160a01b0381811660008181526020819052604090205490929116156100a9575b506000526000602052602060018060a01b0360406000205416604051908152f35b6040519060208201906bffffffffffffffffffffffff199060601b168152601482526040820182811067ffffffffffffffff82111761011d57604090815291519020600083815260208190529190912080546001600160a01b0319166001600160a01b039290921691909117905538610088565b634e487b7160e01b600052604160045260246000fd5b600080fd5b34610133576020366003190112610133576001600160a01b03610159610217565b166000526000602052602060018060a01b0360406000205416604051908152f35b3461013357604036600319011261013357610193610217565b602435906001600160a01b0382168203610133576001600160a01b03908116600090815260208190526040902080546001600160a01b03191692909116919091179055005b34610133576020366003190112610133576020906001600160a01b036101fc610217565b16600090815280835260409020546001600160a01b03168152f35b600435906001600160a01b03821682036101335756fea264697066735822122024270b20b327de01c26790f3260a4238e2da234d4f18430c164360283d07d24264736f6c634300081e0033',
  runner: HardhatEthersSigner {
    _gasLimit: 30000000,
    address: '0xf39Fd6e51aad88F6F4ce6aB8827279cffFb92266',
    provider: HardhatEthersProvider {
      _hardhatProvider: [LazyInitializationProviderAdapter],
      _networkName: 'hardhat',
      _blockListeners: [],
      _transactionHashListeners: Map(0) {},
      _eventListeners: []
    },
    _accounts: {
      initialIndex: 0,
      count: 20,
      path: "m/44'/60'/0'/0",
      passphrase: '',
      mnemonic: 'test test test test test test test test test test test junk',
      accountsBalance: '10000000000000000000000'
    }
  }
}
Deploying VaultHubMock...
VaultHubMock deployed at: undefined
Fetching contract factory for SeerMock...
SeerMock factory: ContractFactory {
  interface: Interface {
    fragments: [
      [FunctionFragment],
      [FunctionFragment],
      [FunctionFragment],
      [FunctionFragment],
      [FunctionFragment],
      [FunctionFragment],
      [FunctionFragment]
    ],
    deploy: ConstructorFragment {
      type: 'constructor',
      inputs: [],
      payable: false,
      gas: null
    },
    fallback: null,
    receive: false
  },
  bytecode: '0x6080806040523460245761025861ffff1960015416176001556101c0908161002a8239f35b600080fdfe608080604052600436101561001357600080fd5b60003560e01c90816311a8a5fc1461012157816313c2bedc146101025750806328dd9b39146100b45780634ccf04cf1461006c57806376dd110f14610071578063d47875d0146100715763e710c92b1461006c57600080fd5b610168565b346100af5760203660031901126100af576001600160a01b03610092610152565b166000526000602052602061ffff60406000205416604051908152f35b600080fd5b346100af5760403660031901126100af576100cd610152565b6024359061ffff82168092036100af576001600160a01b03166000908152602081905260409020805461ffff19169091179055005b346100af5760003660031901126100af5760209061ffff600154168152f35b346100af5760203660031901126100af5760043561ffff81168091036100af5761ffff196001541617600155600080f35b600435906001600160a01b03821682036100af57565b346100af5760003660031901126100af57602061ffff60015416604051908152f3fea2646970667358221220dd19985f42768416fd29e99f41e223cc792ecd929aeaa5ed033648449a1ea57264736f6c634300081e0033',
  runner: HardhatEthersSigner {
    _gasLimit: 30000000,
    address: '0xf39Fd6e51aad88F6F4ce6aB8827279cffFb92266',
    provider: HardhatEthersProvider {
      _hardhatProvider: [LazyInitializationProviderAdapter],
      _networkName: 'hardhat',
      _blockListeners: [],
      _transactionHashListeners: Map(0) {},
      _eventListeners: []
    },
    _accounts: {
      initialIndex: 0,
      count: 20,
      path: "m/44'/60'/0'/0",
      passphrase: '',
      mnemonic: 'test test test test test test test test test test test junk',
      accountsBalance: '10000000000000000000000'
    }
  }
}
Deploying SeerMock...
SeerMock deployed at: undefined
Fetching contract factory for ProofLedgerMock...
ProofLedgerMock factory: ContractFactory {
  interface: Interface {
    fragments: [
      [EventFragment],
      [EventFragment],
      [FunctionFragment],
      [FunctionFragment]
    ],
    deploy: ConstructorFragment {
      type: 'constructor',
      inputs: [],
      payable: false,
      gas: null
    },
    fallback: null,
    receive: false
  },
  bytecode: '0x60808060405234601557610232908161001b8239f35b600080fdfe608080604052600436101561001357600080fd5b60003560e01c908163c0f0a1c0146100db575063f77586ac1461003557600080fd5b346100d65760603660031901126100d65761004e610197565b60243567ffffffffffffffff81116100d65761006e9036906004016101ad565b6044356001600160a01b038116939291908490036100d6577fced1ec4381de62726c444b199e0f4596f6ba35d7257e5efcdfb0d2e6d41d4183926100bf6040519384936040855260408501916101db565b60208301959095526001600160a01b0316930390a2005b600080fd5b346100d65760803660031901126100d6576100f4610197565b60243567ffffffffffffffff81116100d6576101149036906004016101ad565b929060643567ffffffffffffffff81116100d6577f643f164414d284d576212b64fe871b87d9efc5300393d65c87d53aa4955014049383926101716101606101929436906004016101ad565b9290986060875260608701916101db565b604435602086015284810360408601526001600160a01b03909216966101db565b0390a2005b600435906001600160a01b03821682036100d657565b9181601f840112156100d65782359167ffffffffffffffff83116100d657602083818601950101116100d657565b908060209392818452848401376000828201840152601f01601f191601019056fea2646970667358221220ece89bd63f036b747a9838b3c674c811af9e54f16e1d227e31a2e91cc5aa0a9a64736f6c634300081e0033',
  runner: HardhatEthersSigner {
    _gasLimit: 30000000,
    address: '0xf39Fd6e51aad88F6F4ce6aB8827279cffFb92266',
    provider: HardhatEthersProvider {
      _hardhatProvider: [LazyInitializationProviderAdapter],
      _networkName: 'hardhat',
      _blockListeners: [],
      _transactionHashListeners: Map(0) {},
      _eventListeners: []
    },
    _accounts: {
      initialIndex: 0,
      count: 20,
      path: "m/44'/60'/0'/0",
      passphrase: '',
      mnemonic: 'test test test test test test test test test test test junk',
      accountsBalance: '10000000000000000000000'
    }
  }
}
Deploying ProofLedgerMock...
ProofLedgerMock deployed at: undefined
Mock contracts deployed: { vaultHub: 'undefined', seer: 'undefined', proofLedger: 'undefined' }
    132) Should revert if the merchant already exists
Fetching contract factory for VaultHubMock...
VaultHubMock factory: ContractFactory {
  interface: Interface {
    fragments: [
      [FunctionFragment],
      [FunctionFragment],
      [FunctionFragment],
      [FunctionFragment]
    ],
    deploy: ConstructorFragment {
      type: 'constructor',
      inputs: [],
      payable: false,
      gas: null
    },
    fallback: null,
    receive: false
  },
  bytecode: '0x60808060405234601557610263908161001b8239f35b600080fdfe608080604052600436101561001357600080fd5b60003560e01c9081630709df45146101d857508063714ccf7b1461017a578063a622ee7c146101385763e01fd2151461004b57600080fd5b3461013357602036600319011261013357610064610217565b6001600160a01b0381811660008181526020819052604090205490929116156100a9575b506000526000602052602060018060a01b0360406000205416604051908152f35b6040519060208201906bffffffffffffffffffffffff199060601b168152601482526040820182811067ffffffffffffffff82111761011d57604090815291519020600083815260208190529190912080546001600160a01b0319166001600160a01b039290921691909117905538610088565b634e487b7160e01b600052604160045260246000fd5b600080fd5b34610133576020366003190112610133576001600160a01b03610159610217565b166000526000602052602060018060a01b0360406000205416604051908152f35b3461013357604036600319011261013357610193610217565b602435906001600160a01b0382168203610133576001600160a01b03908116600090815260208190526040902080546001600160a01b03191692909116919091179055005b34610133576020366003190112610133576020906001600160a01b036101fc610217565b16600090815280835260409020546001600160a01b03168152f35b600435906001600160a01b03821682036101335756fea264697066735822122024270b20b327de01c26790f3260a4238e2da234d4f18430c164360283d07d24264736f6c634300081e0033',
  runner: HardhatEthersSigner {
    _gasLimit: 30000000,
    address: '0xf39Fd6e51aad88F6F4ce6aB8827279cffFb92266',
    provider: HardhatEthersProvider {
      _hardhatProvider: [LazyInitializationProviderAdapter],
      _networkName: 'hardhat',
      _blockListeners: [],
      _transactionHashListeners: Map(0) {},
      _eventListeners: []
    },
    _accounts: {
      initialIndex: 0,
      count: 20,
      path: "m/44'/60'/0'/0",
      passphrase: '',
      mnemonic: 'test test test test test test test test test test test junk',
      accountsBalance: '10000000000000000000000'
    }
  }
}
Deploying VaultHubMock...
VaultHubMock deployed at: undefined
Fetching contract factory for SeerMock...
SeerMock factory: ContractFactory {
  interface: Interface {
    fragments: [
      [FunctionFragment],
      [FunctionFragment],
      [FunctionFragment],
      [FunctionFragment],
      [FunctionFragment],
      [FunctionFragment],
      [FunctionFragment]
    ],
    deploy: ConstructorFragment {
      type: 'constructor',
      inputs: [],
      payable: false,
      gas: null
    },
    fallback: null,
    receive: false
  },
  bytecode: '0x6080806040523460245761025861ffff1960015416176001556101c0908161002a8239f35b600080fdfe608080604052600436101561001357600080fd5b60003560e01c90816311a8a5fc1461012157816313c2bedc146101025750806328dd9b39146100b45780634ccf04cf1461006c57806376dd110f14610071578063d47875d0146100715763e710c92b1461006c57600080fd5b610168565b346100af5760203660031901126100af576001600160a01b03610092610152565b166000526000602052602061ffff60406000205416604051908152f35b600080fd5b346100af5760403660031901126100af576100cd610152565b6024359061ffff82168092036100af576001600160a01b03166000908152602081905260409020805461ffff19169091179055005b346100af5760003660031901126100af5760209061ffff600154168152f35b346100af5760203660031901126100af5760043561ffff81168091036100af5761ffff196001541617600155600080f35b600435906001600160a01b03821682036100af57565b346100af5760003660031901126100af57602061ffff60015416604051908152f3fea2646970667358221220dd19985f42768416fd29e99f41e223cc792ecd929aeaa5ed033648449a1ea57264736f6c634300081e0033',
  runner: HardhatEthersSigner {
    _gasLimit: 30000000,
    address: '0xf39Fd6e51aad88F6F4ce6aB8827279cffFb92266',
    provider: HardhatEthersProvider {
      _hardhatProvider: [LazyInitializationProviderAdapter],
      _networkName: 'hardhat',
      _blockListeners: [],
      _transactionHashListeners: Map(0) {},
      _eventListeners: []
    },
    _accounts: {
      initialIndex: 0,
      count: 20,
      path: "m/44'/60'/0'/0",
      passphrase: '',
      mnemonic: 'test test test test test test test test test test test junk',
      accountsBalance: '10000000000000000000000'
    }
  }
}
Deploying SeerMock...
SeerMock deployed at: undefined
Fetching contract factory for ProofLedgerMock...
ProofLedgerMock factory: ContractFactory {
  interface: Interface {
    fragments: [
      [EventFragment],
      [EventFragment],
      [FunctionFragment],
      [FunctionFragment]
    ],
    deploy: ConstructorFragment {
      type: 'constructor',
      inputs: [],
      payable: false,
      gas: null
    },
    fallback: null,
    receive: false
  },
  bytecode: '0x60808060405234601557610232908161001b8239f35b600080fdfe608080604052600436101561001357600080fd5b60003560e01c908163c0f0a1c0146100db575063f77586ac1461003557600080fd5b346100d65760603660031901126100d65761004e610197565b60243567ffffffffffffffff81116100d65761006e9036906004016101ad565b6044356001600160a01b038116939291908490036100d6577fced1ec4381de62726c444b199e0f4596f6ba35d7257e5efcdfb0d2e6d41d4183926100bf6040519384936040855260408501916101db565b60208301959095526001600160a01b0316930390a2005b600080fd5b346100d65760803660031901126100d6576100f4610197565b60243567ffffffffffffffff81116100d6576101149036906004016101ad565b929060643567ffffffffffffffff81116100d6577f643f164414d284d576212b64fe871b87d9efc5300393d65c87d53aa4955014049383926101716101606101929436906004016101ad565b9290986060875260608701916101db565b604435602086015284810360408601526001600160a01b03909216966101db565b0390a2005b600435906001600160a01b03821682036100d657565b9181601f840112156100d65782359167ffffffffffffffff83116100d657602083818601950101116100d657565b908060209392818452848401376000828201840152601f01601f191601019056fea2646970667358221220ece89bd63f036b747a9838b3c674c811af9e54f16e1d227e31a2e91cc5aa0a9a64736f6c634300081e0033',
  runner: HardhatEthersSigner {
    _gasLimit: 30000000,
    address: '0xf39Fd6e51aad88F6F4ce6aB8827279cffFb92266',
    provider: HardhatEthersProvider {
      _hardhatProvider: [LazyInitializationProviderAdapter],
      _networkName: 'hardhat',
      _blockListeners: [],
      _transactionHashListeners: Map(0) {},
      _eventListeners: []
    },
    _accounts: {
      initialIndex: 0,
      count: 20,
      path: "m/44'/60'/0'/0",
      passphrase: '',
      mnemonic: 'test test test test test test test test test test test junk',
      accountsBalance: '10000000000000000000000'
    }
  }
}
Deploying ProofLedgerMock...
ProofLedgerMock deployed at: undefined
Mock contracts deployed: { vaultHub: 'undefined', seer: 'undefined', proofLedger: 'undefined' }
    133) Should revert if the vault is not set
Fetching contract factory for VaultHubMock...
VaultHubMock factory: ContractFactory {
  interface: Interface {
    fragments: [
      [FunctionFragment],
      [FunctionFragment],
      [FunctionFragment],
      [FunctionFragment]
    ],
    deploy: ConstructorFragment {
      type: 'constructor',
      inputs: [],
      payable: false,
      gas: null
    },
    fallback: null,
    receive: false
  },
  bytecode: '0x60808060405234601557610263908161001b8239f35b600080fdfe608080604052600436101561001357600080fd5b60003560e01c9081630709df45146101d857508063714ccf7b1461017a578063a622ee7c146101385763e01fd2151461004b57600080fd5b3461013357602036600319011261013357610064610217565b6001600160a01b0381811660008181526020819052604090205490929116156100a9575b506000526000602052602060018060a01b0360406000205416604051908152f35b6040519060208201906bffffffffffffffffffffffff199060601b168152601482526040820182811067ffffffffffffffff82111761011d57604090815291519020600083815260208190529190912080546001600160a01b0319166001600160a01b039290921691909117905538610088565b634e487b7160e01b600052604160045260246000fd5b600080fd5b34610133576020366003190112610133576001600160a01b03610159610217565b166000526000602052602060018060a01b0360406000205416604051908152f35b3461013357604036600319011261013357610193610217565b602435906001600160a01b0382168203610133576001600160a01b03908116600090815260208190526040902080546001600160a01b03191692909116919091179055005b34610133576020366003190112610133576020906001600160a01b036101fc610217565b16600090815280835260409020546001600160a01b03168152f35b600435906001600160a01b03821682036101335756fea264697066735822122024270b20b327de01c26790f3260a4238e2da234d4f18430c164360283d07d24264736f6c634300081e0033',
  runner: HardhatEthersSigner {
    _gasLimit: 30000000,
    address: '0xf39Fd6e51aad88F6F4ce6aB8827279cffFb92266',
    provider: HardhatEthersProvider {
      _hardhatProvider: [LazyInitializationProviderAdapter],
      _networkName: 'hardhat',
      _blockListeners: [],
      _transactionHashListeners: Map(0) {},
      _eventListeners: []
    },
    _accounts: {
      initialIndex: 0,
      count: 20,
      path: "m/44'/60'/0'/0",
      passphrase: '',
      mnemonic: 'test test test test test test test test test test test junk',
      accountsBalance: '10000000000000000000000'
    }
  }
}
Deploying VaultHubMock...
VaultHubMock deployed at: undefined
Fetching contract factory for SeerMock...
SeerMock factory: ContractFactory {
  interface: Interface {
    fragments: [
      [FunctionFragment],
      [FunctionFragment],
      [FunctionFragment],
      [FunctionFragment],
      [FunctionFragment],
      [FunctionFragment],
      [FunctionFragment]
    ],
    deploy: ConstructorFragment {
      type: 'constructor',
      inputs: [],
      payable: false,
      gas: null
    },
    fallback: null,
    receive: false
  },
  bytecode: '0x6080806040523460245761025861ffff1960015416176001556101c0908161002a8239f35b600080fdfe608080604052600436101561001357600080fd5b60003560e01c90816311a8a5fc1461012157816313c2bedc146101025750806328dd9b39146100b45780634ccf04cf1461006c57806376dd110f14610071578063d47875d0146100715763e710c92b1461006c57600080fd5b610168565b346100af5760203660031901126100af576001600160a01b03610092610152565b166000526000602052602061ffff60406000205416604051908152f35b600080fd5b346100af5760403660031901126100af576100cd610152565b6024359061ffff82168092036100af576001600160a01b03166000908152602081905260409020805461ffff19169091179055005b346100af5760003660031901126100af5760209061ffff600154168152f35b346100af5760203660031901126100af5760043561ffff81168091036100af5761ffff196001541617600155600080f35b600435906001600160a01b03821682036100af57565b346100af5760003660031901126100af57602061ffff60015416604051908152f3fea2646970667358221220dd19985f42768416fd29e99f41e223cc792ecd929aeaa5ed033648449a1ea57264736f6c634300081e0033',
  runner: HardhatEthersSigner {
    _gasLimit: 30000000,
    address: '0xf39Fd6e51aad88F6F4ce6aB8827279cffFb92266',
    provider: HardhatEthersProvider {
      _hardhatProvider: [LazyInitializationProviderAdapter],
      _networkName: 'hardhat',
      _blockListeners: [],
      _transactionHashListeners: Map(0) {},
      _eventListeners: []
    },
    _accounts: {
      initialIndex: 0,
      count: 20,
      path: "m/44'/60'/0'/0",
      passphrase: '',
      mnemonic: 'test test test test test test test test test test test junk',
      accountsBalance: '10000000000000000000000'
    }
  }
}
Deploying SeerMock...
SeerMock deployed at: undefined
Fetching contract factory for ProofLedgerMock...
ProofLedgerMock factory: ContractFactory {
  interface: Interface {
    fragments: [
      [EventFragment],
      [EventFragment],
      [FunctionFragment],
      [FunctionFragment]
    ],
    deploy: ConstructorFragment {
      type: 'constructor',
      inputs: [],
      payable: false,
      gas: null
    },
    fallback: null,
    receive: false
  },
  bytecode: '0x60808060405234601557610232908161001b8239f35b600080fdfe608080604052600436101561001357600080fd5b60003560e01c908163c0f0a1c0146100db575063f77586ac1461003557600080fd5b346100d65760603660031901126100d65761004e610197565b60243567ffffffffffffffff81116100d65761006e9036906004016101ad565b6044356001600160a01b038116939291908490036100d6577fced1ec4381de62726c444b199e0f4596f6ba35d7257e5efcdfb0d2e6d41d4183926100bf6040519384936040855260408501916101db565b60208301959095526001600160a01b0316930390a2005b600080fd5b346100d65760803660031901126100d6576100f4610197565b60243567ffffffffffffffff81116100d6576101149036906004016101ad565b929060643567ffffffffffffffff81116100d6577f643f164414d284d576212b64fe871b87d9efc5300393d65c87d53aa4955014049383926101716101606101929436906004016101ad565b9290986060875260608701916101db565b604435602086015284810360408601526001600160a01b03909216966101db565b0390a2005b600435906001600160a01b03821682036100d657565b9181601f840112156100d65782359167ffffffffffffffff83116100d657602083818601950101116100d657565b908060209392818452848401376000828201840152601f01601f191601019056fea2646970667358221220ece89bd63f036b747a9838b3c674c811af9e54f16e1d227e31a2e91cc5aa0a9a64736f6c634300081e0033',
  runner: HardhatEthersSigner {
    _gasLimit: 30000000,
    address: '0xf39Fd6e51aad88F6F4ce6aB8827279cffFb92266',
    provider: HardhatEthersProvider {
      _hardhatProvider: [LazyInitializationProviderAdapter],
      _networkName: 'hardhat',
      _blockListeners: [],
      _transactionHashListeners: Map(0) {},
      _eventListeners: []
    },
    _accounts: {
      initialIndex: 0,
      count: 20,
      path: "m/44'/60'/0'/0",
      passphrase: '',
      mnemonic: 'test test test test test test test test test test test junk',
      accountsBalance: '10000000000000000000000'
    }
  }
}
Deploying ProofLedgerMock...
ProofLedgerMock deployed at: undefined
Mock contracts deployed: { vaultHub: 'undefined', seer: 'undefined', proofLedger: 'undefined' }
    134) Should revert if the score is too low

  VFIDECommerce extra focused tests (TEST_* toggles)
    ✔ TEST_forceAlreadyMerchant forces addMerchant to revert
    ✔ TEST_forceNoVault forces addMerchant to revert
    ✔ TEST_forceLowScore forces addMerchant to revert
    ✔ TEST_setForceZeroSenderRefund triggers COM_Zero branch in _noteRefund
    ✔ TEST_setForceZeroSenderDispute triggers COM_Zero branch in _noteDispute
    135) auto-suspend triggers via repeated refunds/disputes (coverage of counter branches)

  VFIDECommerce focused branch tests
    ✔ addMerchant: TEST_forceAlreadyMerchant triggers COM_AlreadyMerchant
    ✔ addMerchant: TEST_forceNoVault triggers COM_NotAllowed
    ✔ addMerchant: TEST_forceLowScore triggers COM_NotAllowed
    ✔ _noteRefund/_noteDispute: TEST zero-sender branches
    136) open/markFunded: buyer missing vault and not-funded branches
    137) release/refund/resolve: transfer failure paths using ERC20FailTransfer

  VFIDECommerce micro-batch 1 (focused)
    ✔ addMerchant reverts when merchant has no vault
    ✔ addMerchant reverts when seer score is below min
    ✔ addMerchant reverts on duplicate registration
    ✔ _noteRefund reverts when called for zero address (COM_Zero branch)
    ✔ open reverts when buyer has no vault (missing buyer vault branch)

  VFIDECommerce micro-batch 2 (TEST toggles & zero-sender)
    ✔ TEST_setForceAlreadyMerchant flips already-merchant branch
    ✔ TEST_setForceNoVault flips no-vault branch even when vault exists
    ✔ TEST_setForceLowScore flips low-score branch regardless of score
    ✔ TEST zero-sender refund/dispute toggles hit COM_Zero branches
    ✔ open path: buyer vault present and merchant active succeeds

  VFIDECommerce micro-batch 3 (mocks & reentrancy)
    ✔ release succeeds with GasDrainer token (covers gas-heavy transfer path)
    ✔ Reentering token: transfer triggers reentrant release and original tx reverts leaving state unchanged (48ms)
    ✔ Reentering token: normal transfer (no reenter target) succeeds (40ms)

  VFIDECommerce micro-batch 4 (DAO paths & resolve permutations)
    ✔ DAO can release an escrow (not buyer) and state becomes RELEASED
    ✔ DAO can refund an escrow (not merchant) and state becomes REFUNDED and merchant _noteRefund called
    ✔ DAO resolve buyerWins=true transfers to buyer and state RESOLVED
    ✔ DAO resolve buyerWins=false transfers to seller and state RESOLVED
    ✔ non-DAO cannot call resolve (onlyDAO enforcement)

  VFIDECommerce micro-batch 5 (cond-expr permutations & disputes)
    ✔ addMerchant succeeds when score == min (boundary)
    ✔ addMerchant reverts when score == min-1 (boundary)
    ✔ combined TEST toggles: forceNoVault with v==0 and forceAlreadyMerchant when appropriate
    ✔ _noteDispute auto-suspends merchant after threshold

  VFIDECommerce micro-batch 6 (permute small branches)
    ✔ _noteRefund increments but does not suspend when below threshold
    ✔ _noteDispute increments but does not suspend when below threshold
    ✔ addMerchant with both TEST_forceNoVault and TEST_forceLowScore true reverts (OR branches)
    ✔ release reverts when called by stranger (NotAllowed branch)

  VFIDECommerce micro-batch 7 (state/negative branches)
    ✔ release reverts when escrow is not FUNDED (BadState)
    ✔ refund reverts when escrow is not FUNDED or DISPUTED (BadState)
    ✔ dispute reverts when escrow is not FUNDED (BadState)
    ✔ markFunded reverts when contract balance is insufficient (NotFunded)

  VFIDECommerce micro-batch 8 (remaining conditionals & transfer-fail)
    ✔ adding merchant twice reverts (AlreadyMerchant)
    ✔ _noteRefund/_noteDispute on non-merchant reverts (NotMerchant)
    ✔ auto-suspend via refunds reaches threshold and sets SUSPENDED
    ✔ open reverts when merchant is SUSPENDED
    ✔ release/refund/resolve revert when transfer returns false (transfer-fail token)

  VFIDECommerce additional coverage tests
    138) "before each" hook for "open reverts when merchant is suspended"

  VFIDECommerce reentrancy resilience
    139) attempted reentrancy via token.transfer should not break state (release remains safe)

  VFIDECommerce security fuzz - malicious token behaviors
    140) GasDrainer token: release succeeds even when token consumes more gas
    141) ERC20ReturnFalse: release/refund/resolve revert when token returns false
    142) combination randomized small sequences (open->fund->action) don't corrupt state

  VFIDECommerce security & boundary tests
    143) open reverts with COM_SecLocked when buyer or merchant vault locked
    144) release/refund revert with COM_SecLocked when vault locked
    145) failed transfer leaves escrow state unchanged
    146) open with very large amount reverts or handles safely (boundary test)

  VFIDEFinance targeted branch tests
    ✔ StablecoinRegistry constructor and TEST_setForceDecimals & decimals fallback
    ✔ EcoTreasuryVault: depositStable guards and TEST force insufficient
    ✔ EcoTreasuryVault: send guards, not-whitelisted, transfer fail and TEST force send insufficient
    ✔ onlyDAO toggle for EcoTreasury setModules

  VFIDEFinance coverage-focused tests
    ✔ setDAO and setLedger by DAO and addAsset fallback decimals path
    ✔ removeAsset reverts when not whitelisted and depositStable edge cases
    ✔ treasury send rejects zero token address and non-whitelisted tokens
    ✔ noteVFIDE emits ReceivedVFIDE
    ✔ setModules, depositStable success and send success with logging
    ✔ depositStable and send detect FI_Insufficient when token returns false

  VFIDEFinance extra focused tests
    ✔ addAsset then adding again reverts with FI_AlreadyWhitelisted
    ✔ TEST_setForceDecimals overrides decimals stored
    ✔ removeAsset reverts when not whitelisted and setSymbolHint reverts
    ✔ depositStable reverts when transferFrom returns false or TEST forced
    ✔ send reverts for zero token and non-whitelisted and TEST forced insufficient

  VFIDEFinance focused branch tests
    ✔ _decimalsOrTry: staticcall failure returns fallback 18 (reverting contract)
    ✔ _decimalsOrTry: EOA (no decimals) falls back to 18
    ✔ onlyDAO TEST toggle allows non-dao calls
    ✔ depositStable respects TEST_setForceDepositInsufficient
    ✔ send respects TEST_setForceSendInsufficient

  VFIDEFinance microbatch1 tests
MB1 beforeEach start 0xf39Fd6e51aad88F6F4ce6aB8827279cffFb92266
got ERC20Mock factory
deployed token 0x1727C0c846E6842Fc1cbC8f8FfBE4D3f0eDCd8E8
deploying token2
deployed token2 0xeEC9aaF13Eb6bC887C093B6F903716Ad51f0C9D6
    ✔ addAsset uses token.decimals and falling back when decimals() reverts
MB1 beforeEach start 0xf39Fd6e51aad88F6F4ce6aB8827279cffFb92266
got ERC20Mock factory
deployed token 0x92D5B05741938d4BFe068E91616F442E10edE5f0
deploying token2
deployed token2 0x92414C30eB8e24e7008b78f4c815422C2EB5bC58
    ✔ TEST_setForceDecimals forces a chosen decimals value
MB1 beforeEach start 0xf39Fd6e51aad88F6F4ce6aB8827279cffFb92266
got ERC20Mock factory
deployed token 0xBAC906222f5FA30081363B5292E612D9999b0454
deploying token2
deployed token2 0xDfFf94aA72b699D742a198a9E1ad0cf8f9c00e41
    ✔ addAsset rejects zero address and duplicate adds
MB1 beforeEach start 0xf39Fd6e51aad88F6F4ce6aB8827279cffFb92266
got ERC20Mock factory
deployed token 0xE620402c12c41904C8f5621b544AEAD8cDDd9BfC
deploying token2
deployed token2 0x861C0E547cfB41f616e198F5268e5D6473760F9c
    ✔ removeAsset and setSymbolHint guarded by onlyDAO and token must be whitelisted
MB1 beforeEach start 0xf39Fd6e51aad88F6F4ce6aB8827279cffFb92266
got ERC20Mock factory
deployed token 0xB8fA00f68457E3234f22502A3a554Fe6A36ce259
deploying token2
deployed token2 0x5bf75299DbCadbEbCb6f0A9F9a1fE1C2B4bD9722
    ✔ depositStable rejects non-whitelisted and transfer failures
MB1 beforeEach start 0xf39Fd6e51aad88F6F4ce6aB8827279cffFb92266
got ERC20Mock factory
deployed token 0x198A9fb08a3A376A5Fa7F8cd622F7D5411699480
deploying token2
deployed token2 0xB8EA28EadbC99DCcC106A8D7B1Fbe72a2E34832F
    ✔ send rejects zero-target, non-whitelisted and can send when whitelisted

  VFIDEFinance micro-batch 2 (vfide token path & onlyDAO toggle)
    ✔ send allows vfideToken even if not whitelisted
    ✔ onlyDAO toggle for treasury.setModules allows non-dao when TEST flag set

  VFIDEFinance micro-batch 3 (admin guards & send/deposit edge cases)
    ✔ setDAO rejects zero address and setLedger onlyDAO behavior
    ✔ add/remove/setSymbolHint guards and duplicate add
    ✔ depositStable/send edge cases: zero amount, token==zero, non-whitelist

  VFIDEFinance micro-batch 4 (decimals permutations & transfer-fail)
    ✔ _decimalsOrTry: contract that reverts falls back to 18
    ✔ _decimalsOrTry: TEST_setForceDecimals overrides return value
    ✔ depositStable reverts when token.transferFrom returns false (ERC20FailTransfer)
    ✔ depositStable respects TEST_setForceDepositInsufficient independent of token behavior

  VFIDEFinance more focused tests
    ✔ addAsset -> setSymbolHint -> removeAsset success path
    ✔ onlyDAO modifier blocks non-dao and TEST_setOnlyDAOOff allows it
    ✔ depositStable success and TEST forced insufficient path
    ✔ send success path by DAO and TEST forced send insufficient

  VFIDEFinance targeted branch tests
    ✔ onlyDAO modifier rejects non-dao calls and allows dao when set
    ✔ _decimalsOrTry: force decimals via TEST helper and via staticcall fallback
    ✔ depositStable detects FI_Insufficient when transferFrom returns false
    ✔ send covers not-whitelisted, not-allowed, and FI_Insufficient paths

  VFIDEPresale
    Deployment
      ✔ should deploy with correct vfide
      ✔ should deploy with correct vaultHub
      ✔ should deploy with correct registry
      ✔ should start as active
      ✔ should set default tier prices
      ✔ should enable all tiers by default
      ✔ should set default maxPerAddress
      ✔ should set default referral bonuses
      ✔ should revert on zero vfide
      ✔ should revert on zero vaultHub
      ✔ should revert on zero registry
      ✔ should allow zero ledger (optional)
      ✔ should allow zero securityHub (optional)
    setActive
      ✔ should allow owner to deactivate
      ✔ should allow owner to reactivate
      ✔ should emit ActiveSet event
      ✔ should revert if non-owner tries
    setTierEnabled
      ✔ should allow owner to disable tier
      ✔ should allow owner to enable disabled tier
      ✔ should emit TierEnabled event
      ✔ should revert on invalid tier
      ✔ should revert if non-owner tries
    setPrices
      ✔ should allow owner to update prices
      ✔ should emit PricesSet event
      ✔ should revert if non-owner tries
    setMaxPerAddress
      ✔ should allow owner to update cap
      ✔ should emit MaxPerAddressSet event
      ✔ should revert if non-owner tries
    setReferralBps
      ✔ should allow owner to update bonuses
      ✔ should emit ReferralBpsSet event
      ✔ should allow zero bonuses
      ✔ should revert if non-owner tries
    launch
      ✔ should set presaleStartTime
      ✔ should emit Launched event
      ✔ should revert if already launched
      ✔ should revert if non-owner tries
    Edge Cases
      ✔ should handle transferOwnership
      ✔ should allow new owner to call admin functions
      ✔ should prevent old owner from calling admin functions
      ✔ should handle all tiers disabled
      ✔ should handle very low prices
      ✔ should handle very high prices
      ✔ should handle very high maxPerAddress
      ✔ should handle zero maxPerAddress
      ✔ should handle max referral bonuses
    Module Updates
      ✔ should allow owner to update all modules
      ✔ should emit ModulesSet
      ✔ should revert on zero vfide in setModules
      ✔ should revert if non-owner tries setModules

  VFIDESecurity - GuardianRegistry
    Deployment
      ✔ should deploy with correct DAO
      ✔ should revert on zero DAO
    addGuardian
      ✔ should allow DAO to add guardian
      ✔ should increment guardian count
      ✔ should emit GuardianAdded event
      ✔ should revert if non-DAO tries
      ✔ should revert if already member
      ✔ should handle multiple guardians per vault
    removeGuardian
      ✔ should allow DAO to remove guardian
      ✔ should decrement guardian count
      ✔ should emit GuardianRemoved event
      ✔ should revert if non-DAO tries
      ✔ should revert if not member
    setThreshold
      ✔ should allow DAO to set threshold
      ✔ should emit ThresholdSet event
      ✔ should revert if threshold > guardianCount
      ✔ should revert if non-DAO tries

  VFIDESecurity - SecurityHub
    Deployment
      ✔ should deploy with correct components
    isLocked
      ✔ should return true if emergency breaker halted
      ✔ should return true if guardian locked
      ✔ should return true if panic guard locked
      ✔ should return false if all unlocked
      ✔ should prioritize emergency breaker

  VFIDESecurity - GuardianLock
    ✔ should test M-of-N guardian voting

  VFIDESecurity - PanicGuard
    ✔ should test automatic quarantine

  VFIDESecurity - EmergencyBreaker
    ✔ should test global halt mechanism

  VFIDEStaking Expanded Tests
    147) "before each" hook for "should allow staking with valid parameters"

  VFIDEToken branch-combination tests
    ✔ cover some fee/router and vault/security helper branches

  VFIDEToken coverage-focused tests
    ✔ owner admin paths: set modules and ledger
    ✔ presale reverts and vault-only presale target enforcement
    ✔ zero transfer emits Transfer(...,0) and approve zero reverts
    ✔ security lock prevents transfer when vault is locked
    ✔ vaultOnly enforcement and insufficient balance revert
    ✔ burn router branches: hard burn, soft burn and sanctum routing
    ✔ policyLocked prevents removing router and ledger try/catch paths
    ✔ owner transferOwnership, decreaseAllowance underflow, presale mint to zero and router-required transfer
    ✔ constructor edge reverts and approve success
    ✔ constructor with optional modules set and callStatic approve return
    ✔ allowance and transferFrom happy paths
    ✔ callStatic approve returns true and securityHub unlocked path
    ✔ _isVault false path and presale target mismatch
    ✔ _vaultOfAddr returns address(0) when vaultHub unset (securityHub present) and transfer proceeds when exempt
    ✔ _locked branch where staticcall fails (ok=false) causes VF_LOCKED

  VFIDEToken exhaustive branch tests
    ✔ hard burn (burnAmt>0, burnSink=0) decreases totalSupply and emits Transfer to zero
    ✔ soft burn (burnSink non-zero) credits sink balance
    ✔ sanctum explicit sink receives sanctumAmt and FeeApplied emitted
    ✔ sanctum fallback to treasurySink when sanctumSink==0
    ✔ sanctum sink missing causes revert
    ✔ systemExempt skips router fees
    ✔ policyLocked requires router when set
    ✔ securityHub locked vault causes VF_LOCKED revert
    148) stakingRewardsVault, sanctumVault, and ecosystemOpsVault are set correctly in constructor

  VFIDEToken extra focused tests
    ✔ _isVault returns true/false and TEST flag forces false
    ✔ _locked staticcall behavior and TEST force path
    ✔ policyLocked requires router when locked and no router present
    ✔ burn router hard burn vs soft burn paths

  VFIDEToken focused branch tests
    ✔ _isVault respects vaultHub and TEST_force_vaultHub_zero
    ✔ _locked: staticcall fail toggle and security responses
    ✔ router fee paths: burn + sanctum fallback to treasurySink and FeeApplied emitted
    ✔ TEST_force_policyLocked_require_router triggers router-required revert

  VFIDEToken micro-batch 1 (vault, lock, policy, presale)
    ✔ _isVault returns true when vault hub maps owner->self and false when TEST_force_vaultHub_zero set
    ✔ _locked returns true when securityHub reports locked and when TEST forces staticcall fail
    ✔ policy lock requires router: lockPolicy -> TEST_force_router_requirement reverts when no router
    ✔ setBurnRouter reverts when policyLocked and router==0 (VF_POLICY_LOCKED)
    ✔ mintPresale enforces vault-only target when vaultOnly is true

  VFIDEToken microbatch 10 — presale & policy guards
    ✔ mintPresale exceeding PRESALE_SUPPLY_CAP reverts with VF_CAP
    ✔ presale mint to non-vault address reverts when vaultOnly active
    ✔ setBurnRouter and setTreasurySink revert to zero when policyLocked
    ✔ TEST_force_policyLocked_require_router enforces router requirement when toggled

  VFIDEToken microbatch 11 — security locks & TEST toggles
    ✔ securityHub locked -> transfers revert with VF_LOCKED
    ✔ TEST_setForceSecurityStaticcallFail forces locked even if hub says unlocked
    ✔ TEST_setForceVaultHubZero makes _isVault return false
    ✔ when security unlocked and vaults set transfers succeed

  VFIDEToken microbatch 12 — matrix sweep for fee/exception permutations
scenario 0 ownerEx=false aliceEx=false
    ✔ scenario 0: no fees
scenario 1 ownerEx=false aliceEx=false
hard-burn debug beforeTotal=40100000000000000000000000 afterTotal=40099995000000000000000000 burnAmt=5000000000000000000
    ✔ scenario 1: hard-burn
scenario 2 ownerEx=false aliceEx=false
    ✔ scenario 2: soft-burn
scenario 3 ownerEx=false aliceEx=false
    ✔ scenario 3: sanctum->bob
scenario 4 ownerEx=false aliceEx=false
    ✔ scenario 4: sanctum sink=0 & no treasury -> revert
scenario 5 ownerEx=false aliceEx=false
    ✔ scenario 5: both fees sinks non-zero
scenario 6 ownerEx=true aliceEx=false
    ✔ scenario 6: fromExempt bypass
scenario 7 ownerEx=false aliceEx=true
    ✔ scenario 7: toExempt bypass
scenario 8 ownerEx=false aliceEx=false
    ✔ scenario 8: transferFrom with fees

  VFIDEToken microbatch 13 — policy/vault/presale/security/approve edges
    ✔ transfer 0 emits Transfer and returns (short-circuit)
    ✔ presale mint must target a registered vault when vaultOnly=true
    ✔ lockPolicy prevents disabling vaultOnly and prevents setting router/treasury to zero
    ✔ security hub locked vaults cause transfer reverts (from locked vault)
    ✔ TEST_force_security_staticcall_fail also causes locked behavior
    ✔ approve and transferFrom updates allowance and transfers correctly
    ✔ TEST_setForceVaultHubZero disables vault recognition

  VFIDEToken microbatch 14 — _isVault and vaultHub edge cases
    ✔ v==a && v!=0 -> _isVault true
    ✔ v==0 fallback: vaultOf returns 0 -> _isVault false
    ✔ v!=a and v!=0 -> _isVault false
    ✔ TEST_setForceVaultHubZero causes vault checks to be false

  VFIDEToken microbatch 15 — policy/router/treasury/fee matrix
    ✔ matrix 0: router present, no fees
    ✔ matrix 1: router present, hard burn
    ✔ matrix 2: sanctum sink zero + no treasury -> revert
    ✔ matrix 3: router absent + policyLocked -> revert
    ✔ matrix 4: router absent + policyUnlocked -> ok
    ✔ matrix 5: fromExempt bypass
    ✔ matrix 6: toExempt bypass
    ✔ matrix 7: transferFrom with fees

  VFIDEToken microbatch 16 — exhaustive sink/fee/treasury permutations
    ✔ case 0: sanctum Z -> treasury
    ✔ case 1: sanctum Z -> no treasury revert
    ✔ case 2: soft burn to bob
    ✔ case 3: soft burn charlie + sanctum bob
    ✔ case 4: hard burn + sanctum->treasury
    ✔ case 5: transferFrom soft+sanctum
    ✔ case 6: fromExempt bypass sinks
    ✔ case 7: policyLocked + TEST_force require router

  VFIDEToken microbatch 17 — remaining cond-exprs, vaultOnly=false and TEST toggles
    ✔ both fees non-zero, sanctumSink==Z -> treasury when set, burn soft to charlie
    ✔ both fees non-zero, sanctumSink==Z with no treasury -> revert
    ✔ vaultOnly=false allows transfers to non-vault addresses
    ✔ transferFrom works when vaultOnly=false and TEST_force_vaultHub_zero toggled
    ✔ security staticcall fail (TEST) causes locked behavior
    ✔ policyLocked + TEST_force_policyLocked_require_router with router removed reverts via view helper

  VFIDEToken microbatch 18 — final cond-expr/sink/vault/policy permutations
    ✔ both fees non-zero with mixed sinks (sanctum Z -> treasury, burnSink non-zero) across transfer and transferFrom
    ✔ sanctum explicit sink non-zero receives sanctum (no treasury involvement)
    ✔ vaultOnly true + to not vault should revert; vaultOnly false allows it
    ✔ TEST_force_vaultHub_zero + vaultOnly true yields from/to vault checks false, but transfer still allowed when owner not vault
    ✔ TEST_check_locked and TEST_force_security_staticcall_fail exercises locked helper
    ✔ explicit router-required view helper triggers when policyLocked and router removed

  VFIDEToken microbatch19 - fee & sink permutations
    ✔ applies both burn and sanctum amounts when both sinks present (transfer)
    ✔ falls back to treasury when sanctumSink is zero (transferFrom)
    ✔ handles burnSink = zero (soft burn to sanctum) and vaultOnly toggles
    ✔ respects TEST toggles forcing vaultHub zero and security staticcall failure

  VFIDEToken micro-batch 2 (burn router fees & systemExempt)
    ✔ applies burn and sanctum amounts, using treasurySink fallback
    ✔ systemExempt bypasses fees for exempt addresses

  VFIDEToken microbatch20 - leftover fee/vault/policy permutations
    ✔ hard burn when burnSink == zero and sanctum routes to treasury
    ✔ soft burn and sanctum to explicit sinks (both non-zero)
    ✔ systemExempt bypasses router fees
    ✔ policyLocked requires router (TEST helper path and view)
    ✔ vault recognition: vaultOf returns same address (v==a) -> _isVault true

  VFIDEToken microbatch21 - combinatorial fee/sink permutations
    ✔ combo: both non-zero sinks non-zero
    ✔ combo: sanctum zero -> treasury fallback
    ✔ combo: burnSink zero -> hard burn
    ✔ combo: both sinks zero -> treasury+hardburn
    ✔ combo: transferFrom path with both fees

  VFIDEToken microbatch22 - broad permutation sweep
    ✔ sweeps many permutations without throwing (collects results) (979ms)

  VFIDEToken microbatch-23 — burn sink and sanctum fallback
    ✔ hard burn when burnSink == address(0) reduces totalSupply and leaves recipient with net
    ✔ soft burn (burnSink set) and sanctum fallback to treasury when sanctumSink == zero

  VFIDEToken microbatch-24 — presale + vaultOnly combos
    ✔ reverts when vaultOnly is true and presale target is not a vault
    ✔ succeeds when vaultOnly is true and presale target is a registered vault

  VFIDEToken microbatch-25 — security staticcall failures and policy-lock router requirement
    ✔ reverts transfers when security hub marks vault as locked
    ✔ reverts when TEST_setForceSecurityStaticcallFail toggled
    ✔ router-required path reverts when TEST_setForcePolicyLockedRequireRouter is set and no router

  VFIDEToken microbatch-26 — transferFrom and allowance flows
    ✔ reverts when allowance is insufficient for transferFrom
    ✔ succeeds and decreases allowance when allowance is sufficient

  VFIDEToken microbatch-27 — small edge cases (zero-transfer, allowance underflow, approve zero)
    ✔ emits Transfer and returns early for zero-amount transfer
    ✔ decreaseAllowance reverts on underflow
    ✔ approve reverts when spender is the zero address

  VFIDEToken microbatch-28 — router/policy, systemExempt permutations, sanctum fallback, TEST helpers
    ✔ lockPolicy requires router (policyLocked path) — transfer reverts when no router
    ✔ TEST_force_policyLocked_require_router view helper reverts when forced and no router
    ✔ systemExempt bypass: transfers succeed when both endpoints are system-exempt even if not vaults
    ✔ sanctum fallback to treasurySink when sanctumSink==address(0)
    ✔ sanctum sink missing + treasurySink unset reverts with 'sanctum sink=0'
    ✔ TEST_setForceVaultHubZero makes _isVault return false even when vaultHub maps
    ✔ TEST_setForceSecurityStaticcallFail causes transfer to revert (VF_LOCKED path)
    ✔ admin setters revert when policy locked (setVaultOnly, setBurnRouter, setTreasurySink)
    ✔ setPresale marks presale as exempt when non-zero and clears when zero

  VFIDEToken microbatch-29 — admin policy lock guards & presale branches
    ✔ setVaultOnly(false) reverts after policy locked (VF_POLICY_LOCKED)
    ✔ setBurnRouter(0) reverts after policy locked (VF_POLICY_LOCKED)
    ✔ setTreasurySink(0) reverts after policy locked (VF_POLICY_LOCKED)
    ✔ setPresale sets presale and marks it systemExempt when non-zero, and clears only when zero

  VFIDEToken microbatch 3 — soft-burn sinks & vaultOnly/policy toggles
    ✔ applies soft-burn and sends sanctum portion to sanctumSink when configured
    ✔ transfer of zero amount is a no-op (balances unchanged) but returns success
    ✔ cannot disable vaultOnly when policyLocked

  VFIDEToken microbatch-30 — fee/exception permutations and transferFrom variants
    ✔ fromExempt only: fees bypassed when sender exempt
    ✔ toExempt only: fees bypassed when recipient exempt
    ✔ hard burn path when burnSink==address(0)
    ✔ soft burn path when burnSink non-zero credits sink
    ✔ both fees zero: no FeeApplied emitted and transfer proceeds
    ✔ transferFrom allowance decrement with fees applied

  VFIDEToken microbatch-31 — policy branches, securityHub absence, VF_CAP via harness
    ✔ setVaultOnly(true) succeeds after policy locked (no revert path)
    ✔ transfer proceeds when securityHub is not set (no lock check path)
    ✔ VF_CAP revert can be triggered via harness exposed _mint

  VFIDEToken microbatch-32 — owner guards, vaultOnly toggles and presale unset
    ✔ owner can disable vaultOnly when policy not locked
    ✔ non-owner cannot lock policy (OWN: not owner)
    ✔ setPresale to zero clears presale and does not set systemExempt
    ✔ TEST_force_router_requirement: when TEST flag off and policyUnlocked does not revert, when forced it reverts without router

  VFIDEToken microbatch-33 — both-fees non-zero and router-required explicit
    ✔ both burnAmt and sanctumAmt non-zero with non-zero sinks credits both sinks and emits FeeApplied
    ✔ policyLocked + no router: transfer reverts with 'router required' (explicit) 

  VFIDEToken microbatch-34 — policy-locked setters + fee permutations + TEST view
    ✔ setBurnRouter(0) and setTreasurySink(0) revert once policyLocked (custom error)
    ✔ TEST view helper reverts with 'router required' when forced and no router present
    ✔ sanctum-only (burnAmt==0, sanctumAmt>0) credits sanctum sink or treasury fallback
    ✔ burn-only (sanctumAmt==0, burnAmt>0) handles hard burn vs soft burn

  VFIDEToken microbatch-35 — zero/zero-address and policyLocked+router present paths
    ✔ zero-amount transfer emits Transfer(from,to,0) and returns
    ✔ transfer to zero address reverts with VF_ZERO custom error
    ✔ policyLocked + burnRouter present allows transfers (no 'router required' revert)
    ✔ setPresale to non-zero sets systemExempt and clearing to zero clears it

  VFIDEToken microbatch-36 — harness expose transfer and vaultOnly enable under policyLocked
    ✔ _transfer reverts when from==address(0) (VF_ZERO) via harness call
    ✔ lockPolicy + setVaultOnly(true) succeeds (policyLocked + enabling is allowed)

  VFIDEToken microbatch-37 — systemExempt toggles, presale event, TEST router-pass path
    ✔ setSystemExempt true then false emits events and updates mapping
    ✔ setPresale emits PresaleSet and sets systemExempt when non-zero
    ✔ TEST flag + router present causes TEST_force_router_requirement to NOT revert

  VFIDEToken microbatch-38 — explicit coverage for setVaultOnly, setPresale and TEST router permutations
    ✔ setVaultOnly: before lock can disable; after lock enabling is allowed and disabling reverts
    ✔ setPresale non-zero emits PresaleSet and sets systemExempt; setting zero emits PresaleSet (clears presale addr)
    ✔ TEST router-check permutations: (1) policyLocked true + no router -> revert; (2) TEST flag true + router present -> pass; (3) neither flagged -> pass

  VFIDEToken microbatch-39 — final permutations for setVaultOnly, setPresale and router-required arms
    ✔ setVaultOnly explicit toggles and double-calls exercise both arms
    ✔ setPresale repeated sets and clearing cover the mapping/event arms
    ✔ policyUnlocked + no router should allow transfer (no router-required revert)
    ✔ TEST flag true + no router causes transfer to revert with 'router required'

  VFIDEToken microbatch 4 — router-required, hard-burn, security lock, vaultOnly toggle
    ✔ hard burn path: burnSink==address(0) decreases totalSupply
    ✔ router-required when policyLocked: TEST_force_router_requirement reverts when router absent
    ✔ systemExempt bypasses fees (no burn applied when exempt)
    ✔ securityHub staticcall forced-fail results in VF_LOCKED revert
    ✔ vaultOnly toggle off allows EOA transfers between non-vault addresses

  VFIDEToken microbatch-40 — admin-only reverts (non-owner calls)
    ✔ non-owner cannot call setVaultOnly
    ✔ non-owner cannot call setPresale
    ✔ non-owner cannot call setBurnRouter
    ✔ non-owner cannot call setTreasurySink

  VFIDEToken microbatch-41 — transferFrom with policyLocked + router present/absent
    ✔ transferFrom succeeds when policyLocked and burnRouter present
    ✔ transferFrom reverts with 'router required' when policyLocked and no router

  VFIDEToken microbatch 5 — burn/sanctum permutations & vaultOnly rejections
    ✔ sanctum fallback: when sanctumSink==0, token sends sanctumAmt to treasurySink
    ✔ TEST_force_policyLocked_require_router triggers router-required check when toggled
    ✔ soft-burn to non-zero burnSink increases sink balance
    ✔ vaultOnly active rejects transfers to non-vault recipients

  VFIDEToken microbatch 6 — fee permutations & systemExempt combos
    ✔ burn+sanctum both non-zero with sanctumSink != recipient routes correctly
    ✔ sender exempt bypasses fees while recipient exempt also bypasses
    ✔ transferFrom path applies fees the same as transfer

  VFIDEToken microbatch 7 — presale & policy guards
    ✔ presale target must be a vault when vaultOnly is active
    ✔ presale cap honored: cannot exceed PRESALE_SUPPLY_CAP
    ✔ policy lock prevents setBurnRouter to zero (reverts with VF_POLICY_LOCKED)

  VFIDEToken microbatch 8 — transfer cond-expr & router-required branches
    ✔ transfer 0 amount is a no-op (emits Transfer 0) and balances unchanged
    ✔ policyLocked requires router when no burnRouter set (revert "router required")
    ✔ hard-burn path reduces totalSupply when burnSink == address(0)
    ✔ sanctum with zero treasurySink reverts with "sanctum sink=0" when sanctumSink == address(0)

  VFIDEToken microbatch 9 — burn-router permutations & systemExempt combos
    ✔ burn+sanctum both non-zero with sanctumSink != recipient routes correctly (soft-burn to burnSink)
    ✔ soft-burn (burnSink != 0) does not reduce totalSupply
    ✔ systemExempt sender bypasses fees
    ✔ transferFrom applies fees same as transfer

  VFIDEToken negative owner & policy tests
    ✔ onlyOwner modifier rejects non-owner calls
    ✔ transferOwnership rejects zero address and non-owner attempts
    ✔ policy lock prevents removing router/treasury and setVaultOnly disabling

  VFIDEToken permutation engine to flip branches
    ✔ exercise to/from locked vault branches and mixed systemExempt combos
    ✔ router present vs absent with TEST flag permutations
    ✔ burn/sanctum permutations: zero/non-zero sinks and amounts

  VFIDEToken permutations (router/burn/sanctum/systemExempt/policyLocked)
    ✔ hard burn with fees applied and policyUnlocked decreases totalSupply
    ✔ soft burn credits burnSink when present and fees enabled
    ✔ sanctum explicit sink receives sanctumAmt and FeeApplied fires (with fees)
    ✔ sanctum fallback goes to treasury sink if sanctumSink==0
    ✔ systemExempt true bypasses fees across router permutations
    ✔ policyLocked with router present allows transfer
    ✔ policyLocked requires router when locked after router removal
    ✔ combination: soft burn + sanctum explicit + systemExempt false triggers both sink credits

  VFIDEToken TEST-ONLY helper coverage
    ✔ TEST helpers: force router requirement and vault/staticcall checks

  VFIDETrust - Seer (ProofScore)
    Deployment
      ✔ should deploy with correct DAO
      ✔ should deploy with correct ledger
      ✔ should deploy with correct vaultHub
      ✔ should set default thresholds
      ✔ should set score constants
      ✔ should revert on zero DAO
      ✔ should allow zero ledger (optional)
      ✔ should allow zero vaultHub (optional)
    getScore
      ✔ should return 500 (NEUTRAL) for uninitialized users
      ✔ should return set score for initialized users
      ✔ should return 500 (NEUTRAL) if explicitly set to 0
      ✔ should return 1000 if set to maximum
      ✔ should handle multiple users independently
    setScore
      ✔ should allow DAO to set score
      ✔ should emit ScoreSet event
      ✔ should emit event with old score
      ✔ should revert if non-DAO tries to set
      ✔ should revert on zero address
      ✔ should revert on score > MAX_SCORE
      ✔ should allow setting score to 0 (returns NEUTRAL)
      ✔ should allow setting score to 1000
      ✔ should overwrite previous scores
    reward
      ✔ should increase score
      ✔ should emit ScoreSet event
      ✔ should cap at MAX_SCORE
      ✔ should handle reward from uninitialized (500)
      ✔ should revert if non-DAO tries
      ✔ should handle zero delta
      ✔ should handle very large delta
    punish
      ✔ should decrease score
      ✔ should emit ScoreSet event
      ✔ should floor at MIN_SCORE (0, displayed as NEUTRAL)
      ✔ should handle punish from uninitialized (500)
      ✔ should revert if non-DAO tries
      ✔ should handle zero delta
      ✔ should handle very large delta
    setThresholds
      ✔ should allow DAO to update thresholds
      ✔ should emit ThresholdsSet event
      ✔ should revert if low > high
      ✔ should revert if high > MAX_SCORE
      ✔ should revert if non-DAO tries
      ✔ should allow low = high
      ✔ should allow high = MAX_SCORE
      ✔ should allow low = MIN_SCORE (0)
    setModules
      ✔ should allow DAO to update modules
      ✔ should emit LedgerSet event
      ✔ should emit HubSet event
      ✔ should revert on zero ledger
      ✔ should revert on zero vaultHub
      ✔ should revert if non-DAO tries
    Complex Score Management
      ✔ should handle multiple reward/punish cycles
      ✔ should handle score changes for multiple users
      ✔ should maintain independent scores
    Edge Cases
      ✔ should handle score at boundaries
      ✔ should handle alternating rewards and punishments
      ✔ should handle setting same score multiple times

  VaultInfrastructure - VaultHub
    Deployment
      ✔ should deploy successfully
      ✔ should set owner correctly
    ensureVault
      149) should create vault for new user
      150) should return existing vault on second call
      151) should create different vaults for different users
      152) should use deterministic CREATE2
    vaultOf
      ✔ should return zero for users without vault
      153) should return vault address after creation
    ownerOf
      154) should return zero for non-vault addresses
      155) should return owner after vault creation
    Module Management
      156) should allow owner to set modules
      157) should revert if non-owner tries to set modules
      158) should emit ModulesSet event
    Edge Cases
      159) should handle multiple vault creations
      160) should maintain registry bidirectional mapping
    Recovery Process
      161) should allow DAO to force recover a vault
      ✔ should revert recovery for unknown vaults
    Recovery with Delay
      162) should schedule a recovery with delay
      163) should execute a scheduled recovery after delay
      164) should revert recovery execution if delay has not passed
    Event Logging
      165) should log vault creation events
      166) should log forced recovery events

  VaultInfrastructure - UserVault
    Guardian Management
      167) should allow owner to add guardians
      168) should allow owner to remove guardians
      169) should set next of kin
    Recovery Process
      ✔ should allow guardian-approved recovery
      ✔ should enforce threshold for recovery
    Transfer Functions
      ✔ should allow owner to transfer tokens
      ✔ should enforce security lock
    Emergency Functions
      ✔ should handle panic mode
      ✔ should respect security hub
    Integration - Full Lifecycle
      170) should test complete vault lifecycle

  Coverage: addMerchant and Additional Functions
    171) "before all" hook in "Coverage: addMerchant and Additional Functions"

  both-bruteforce3: combined permutations using many helpers and toggles
    ✔ sweeps many helpers in MR + Vault to flip stubborn arms (433ms)

  Coverage Bruteforce: More TEST Functions
    172) "before all" hook in "Coverage Bruteforce: More TEST Functions"

  VFIDECommerce - Exhaustive TEST Coverage
    Force Flag Setters
      ✔ should set all force flags on MerchantRegistry
      ✔ should set zero sender force flags on MerchantRegistry
    Evaluation Functions
      ✔ should evaluate addMerchant flags
      ✔ should evaluate addMerchant subexpressions
      ✔ should exercise addMerchant checks
      ✔ should exercise note flags
    Individual If Variants
      ✔ should test all merchant status checks
      ✔ should test vault zero checks
      ✔ should test score checks
      ✔ should test threshold checks
      ✔ should test compound OR conditions
      ✔ should test vaultAndScore combined check
    Branch Execution Functions
      ✔ should execute addMerchant branches with all force combinations
      ✔ should execute addMerchant ifvariants with all force combinations
      ✔ should execute addMerchant msgsender variants (45ms)
      ✔ should execute note guards with refund/dispute combinations
    Coverage Functions
      ✔ should cover addMerchant variants
      ✔ should cover additional branches with all parameters
      ✔ should cover 360 and neighbors with combinations
      ✔ should cover 250-300 region with all force flags
      ✔ should cover mass 250-410 region with all force combinations
      ✔ should cover addMerchant near lines 118-130
    Line-Specific Conditional Variants
      ✔ should test line 365 conditional variants
      ✔ should test line 367 conditional variants
      ✔ should test line 374 conditional variant
      ✔ should test line 250 conditional variants
      ✔ should test line 118 already or force
      ✔ should test line 130 vaultZero or force
      ✔ should test line 130 msgsender vaultZero variants
      ✔ should test line 238 refunds threshold
      ✔ should test line 291 sender zero or force refund
      ✔ should test line 305 seer lt or force
    Constructor and Sender Variants
      ✔ should test constructor duplicates
      ✔ should test line 87 variants
      ✔ should test line 118 msgsender false arm
      ✔ should test msgsender alreadyMerchant
      ✔ should test constructor zero check
      ✔ should test addMerchant msgsender ifvariants
      ✔ should test force eval addMerchant msgsender variants
    Hotspot Functions
      ✔ should test hotspot 300s
      ✔ should test hotspot 330s
      ✔ should test hotspot 360s
      ✔ should test hotspot 490s
    Escrow Functions
      ✔ should test eval open checks
      ✔ should test securityCheck addr
      ✔ should test escrow state checks
      ✔ should test escrow vault zero checks
      ✔ should test open ifvariants with all force combinations (41ms)
      ✔ should test eval access checks
      ✔ should test buyerVault zero check
      ✔ should test access allowed checks
      ✔ should test exec access ifvariants
      ✔ should test cover escrow more with force combinations
      ✔ should test msgsender access allowed checks
      ✔ should test notFunded check
      ✔ should test resolve buyerWins branch
    Lines 435-525 Exhaustive Variants
      173) should test all line 435 variants
      174) should test all line 447 variants
      175) should test all line 456 variants
      ✔ should test line 466 variants
      ✔ should test line 472 force combo
      ✔ should test line 486 combo alt
      ✔ should test line 498 force variants
      176) should test all line 503 variants
      177) should test line 506 variants
      178) should test all line 523-526 variants
    Lines 644-886 Exhaustive Variants
      179) should test all line 644 variants
      180) should test all line 664 variants
      181) should test all line 871 variants
      182) should test all line 886 variants
      183) should test all line 964-1060 variants
    Post-360s and State Transitions
      ✔ should test cover post360s
      ✔ should test force eval release refund resolve
      ✔ should test force eval 367 variants
      ✔ should test force eval 369-370 combo
      ✔ should test additional force variants
      ✔ should test line 371 alt
      ✔ should test line 372 local and msgsender

  VFIDECommerce - Production Paths via TEST Helpers
    Lines 87, 118, 130: Constructor/Initialization Conditionals
      ✔ should cover line 87 constructor validation via TEST helpers
      ✔ should cover line 118 addMerchant already merchant check
      ✔ should cover line 130 vault zero check via force flag
    Lines 250-456: Complex Production Conditional Expressions
      ✔ should cover production code via actual escrow operations
    Real Production Escrow State Transitions
      ✔ should create and fund escrow
      ✔ should release escrow funds to merchant
      ✔ should refund escrow funds to buyer
      ✔ should handle dispute and resolve buyerWins=true
      ✔ should handle dispute and resolve buyerWins=false
    Error Paths and Edge Cases
      ✔ should revert on opening escrow with zero amount
      ✔ should revert on opening escrow with non-merchant
      ✔ should revert on buyer with no vault
      ✔ should revert on markFunded without sufficient balance
      ✔ should revert on release if not FUNDED state
      ✔ should revert on unauthorized release
    Auto-Suspend Thresholds
      ✔ should auto-suspend merchant after excessive refunds
      ✔ should auto-suspend merchant after excessive disputes

  VFIDECommerce - Systematic TEST Helper Coverage Part 1 (lines 295-560)
    Lines 295-365: Using existing TEST helpers
      ✔ should cover line 295-309 via TEST_exec_addMerchant_branches
      ✔ should cover line 365 cond-expr via TEST_line365_condexpr_variant2
    Lines 329-410: More TEST helper coverage
      ✔ should cover lines 329-410 via TEST_cover_addMerchant_variants
    Lines 435-456: Complex nested conditional expressions
      ✔ should cover line 435 condexpr variants systematically
      184) should cover line 435 additional variants
      185) should cover line 447 condexpr variants systematically
      ✔ should cover line 456 condexpr variants systematically
    Lines 466-526: More complex conditional branches
      ✔ should cover line 466 condexpr variants
      ✔ should cover line 472 force combo variants
      ✔ should cover line 486 combo alt variants
      ✔ should cover line 498 force variants
      186) should cover line 503-506 combo variants

  VFIDECommerce - Systematic TEST Helper Coverage Part 2 (lines 560-1000)
    Line 644: Multiple TEST helper variants
      187) should cover line 644 combo variants
      ✔ should cover line 644 force flags systematically
    Line 664: Exhaustive TEST helper coverage
      ✔ should cover line 664 force mix variants
      ✔ should cover line 664 alt2 variants
      ✔ should cover line 664 threshold local variants
      188) should cover line 664 exhaustive with all parameter combinations
      189) should cover line 664 injected zero variants
      190) should cover line 664 msgsender vault variants
      191) should cover line 664 localdup order variants
      192) should cover line 664 threshold ifelse variants
      193) should cover line 664 ternary vs if variants
      194) should cover line 664 combined mask variants
    Line 871: TEST helper variants
      ✔ should cover line 871 force alt
      195) should cover line 871 deep variants
      196) should cover line 871 injected variants
    Line 886: TEST helper variants
      ✔ should cover line 886 toggle variants
    Line 964: Complex TEST helper variants
      ✔ should cover line 964 combo variants
      ✔ should cover line 964 injected variants
      ✔ should cover line 964 ifelse variants
      ✔ should cover line 964 msgsender variants
      ✔ should cover line 964-1060 combined variants

  VFIDECommerce - Systematic TEST Helper Coverage Part 3 (remaining functions)
    Line 1060 and related variants
      ✔ should cover TEST_line1060_condexpr_alt
      ✔ should cover TEST_line1060_injected
      ✔ should cover TEST_line1060_ternary_local
    Additional line 435 exhaustive variants
      197) should cover TEST_line435_single_arm_left and right
      198) should cover TEST_line435_force_variants3
      199) should cover TEST_line435_exhaustive2
      200) should cover TEST_line435_force_left2
      201) should cover TEST_435_vault_zero
      202) should cover TEST_435_status_suspended
    Additional line 447 variants
      203) should cover TEST_line447_split_arms
      204) should cover TEST_line447_force_right2
      205) should cover TEST_line447_extra3
      206) should cover TEST_line447_msgsender_variant
    Additional line 456 variants
      207) should cover TEST_line456_single_left and right
      208) should cover TEST_line456_ternary_localdup
      209) should cover TEST_line456_expand_arms
      210) should cover TEST_456_amount_zero
    Additional line 503-526 variants
      211) should cover TEST_line503_force_msgsender
      ✔ should cover TEST_line503_injected_msg_local
      ✔ should cover TEST_line503_msg_variant2
      212) should cover TEST_line503_nested_alt
      213) should cover TEST_line503_msg_injected
      214) should cover TEST_line503_cond_split2
      215) should cover TEST_line503_force_all
      216) should cover TEST_line503_condexpr_deep
      217) should cover TEST_line506_force_injected
      218) should cover TEST_line506_msgsender_force
      219) should cover TEST_503_state_disputed
      220) should cover TEST_503_mm_suspended
    Line 523-526 exhaustive variants
      221) should cover TEST_line523_force_toggle
      222) should cover TEST_line523_single_toggle
      223) should cover TEST_line523_injected_toggle
      224) should cover TEST_line523_exhaustive
      225) should cover TEST_line523_localdup2
      226) should cover TEST_line524_msgsender_variant
      227) should cover TEST_line524_injected_zero2
      228) should cover TEST_line525_combo
      229) should cover TEST_line525_injected_combo
      230) should cover TEST_line525_expand
      231) should cover TEST_line525_msgsender_toggle
      232) should cover TEST_line525_injected_addr
      233) should cover TEST_line526_ternary_split
      234) should cover TEST_line526_combined
    Line 871 and 886 additional variants
      235) should cover TEST_line871_msgsender
      236) should cover TEST_line871_localdup
      237) should cover TEST_line871_threshold_ifelse
      238) should cover TEST_line871_886_combined
      239) should cover TEST_line871_injected_zero
      240) should cover TEST_line871_msgsender_vault
      241) should cover TEST_line886_ifelse
      242) should cover TEST_line886_ternary_local
      243) should cover TEST_line886_deep
      244) should cover TEST_line886_localdup_order
      245) should cover TEST_line886_ternary_vs_if
    Line 964 additional variants
      246) should cover TEST_line964_deep
      247) should cover TEST_line964_msgsender_variant
    Line 664 additional exhaustive variants
      248) should cover TEST_664_thresholds_msgsender
      249) should cover TEST_line664_force_mix2

  coverage.escrow.bruteforce: exercise escrow hotspots
    ✔ runs permutations of helpers and tries production flows safely (218ms)

  Final Push: All Remaining TEST Functions Part 1
    250) "before all" hook in "Final Push: All Remaining TEST Functions Part 1"

  Final Push: All Remaining TEST Functions Part 2
    251) "before all" hook in "Final Push: All Remaining TEST Functions Part 2"

  Final Coverage Push: All Remaining Variants
    252) "before all" hook in "Final Coverage Push: All Remaining Variants"

  VFIDEFinance: Exhaustive Coverage to 100%
    Lines 80, 87, 143: DAO checks and asset validation
      ✔ should cover onlyDAO modifier false branch (line 80, 87)
      ✔ should cover asset validation branches (line 143)
    Lines 182, 199, 268-299: Decimals and staticcall branches
      ✔ should cover decimals force return branch (line 182)
      ✔ should cover staticcall success/failure branches (line 199, 273, 277, 278)
      ✔ should cover TEST_exercise_decimals_try branches (line 268)
      ✔ should cover TEST_if_staticcall_returns_short (line 282)
      ✔ should cover TEST_if_asset_ok and TEST_if_asset_not_ok (lines 268, 299)
    Lines 320, 333, 349, 359, 362: Treasury deposit/send conditionals
      ✔ should cover depositStable checks (line 320, 333)
      ✔ should cover send validation branches (line 349, 359, 362)
    Lines 379-383, 426, 470: Treasury insufficient balance branches
      ✔ should cover deposit insufficient balance branches (line 379, 381, 383)
      ✔ should cover send insufficient balance branches (line 426, 470)
    Lines 494, 517, 521, 525, 531-533: TEST helper conditionals
      ✔ should cover all TEST_if_send_zero_guard branches (line 494)
      ✔ should cover TEST_if_to_or_amount_zero branches (line 517, 521)
      ✔ should cover TEST_exec_treasury_ifvariants (line 525, 531, 532)
      ✔ should cover TEST_exec_send_variants (line 531, 533)
      ✔ should cover TEST_if_token_is_vfide_or_whitelisted (line 532)
      ✔ should cover TEST_exec_decimals_and_tx_ifvariants with all combinations (line 320)
    Additional edge cases for complete coverage
      ✔ should cover ledger logging branches
      ✔ should cover all eval helpers
      ✔ should verify registry view functions
      ✔ should cover TEST_if_deposit_checks_explicit (line 320)
      ✔ should cover TEST_if_send_allowed_and_tokenNonZero (line 349)
      ✔ should test successful depositStable and send flows
    Additional edge case coverage for 100%
      ✔ should cover line 87 onlyDAO false branch via removeAsset
      253) should cover line 182 decimals cond-expr right branch
      254) should cover line 199 if-false branch (staticcall succeeds)
      ✔ should cover line 320 depositStable cond-expr right branch
      ✔ should cover line 333 send if-false branch (amount > 0)
      ✔ should cover line 349 send cond-expr right branch
      255) should cover line 359 cond-expr right branch in validation
      ✔ should cover line 362 if-false branch (recipient not zero)
      256) should cover lines 379-383 TEST helper branches
      ✔ should cover line 426 if-false branch (whitelist check passes)
      ✔ should cover line 470 if-false branch in send
      257) should cover lines 525, 531, 533 cond-expr right branches
      258) should exercise all TEST flag combinations
      259) should test edge cases for decimals detection
      ✔ should test setSymbolHint coverage
      260) should test depositVFIDE and sendVFIDE paths
      ✔ should test all remaining conditional paths

  Finance Remaining 20 Branches
    Line 87: DAO authorization branch
      261) should cover DAO-authorized path
      262) should cover DAO-authorized success
    Line 182: decimalsOrTry branches
      263) should test decimals detection with force flag off
      264) should test decimals detection with force flag on
      265) should test decimals branches exhaustively
    Line 199: staticcall failure branch
      266) should cover staticcall failure path
      267) should cover staticcall success path
      268) should test exercise decimals try
    Line 320: amount validation branches
      269) should test zero amount branch
      270) should test non-zero amount branch
    Line 333: send amount validation
      271) should test amount == 0 branch (left arm)
      272) should test amount != 0 branch
      273) should test send checks
    Conditional expression branches
      274) should test asset checks
      275) should test deposit checks explicit
      276) should test token checks
    Force flags and comprehensive checks
      277) should test force flags state
      278) should test treasury force flags
      279) should test deposit/send whitelist and zero checks
    Comprehensive Finance coverage
      280) should test exercise deposit/send checks
      281) should test if forceDecimalsReturn
      282) should test if deposit notWhitelisted
      283) should test if deposit zeroAmount
      284) should test cover decimals and deposit
      285) should test exec decimals and tx ifvariants
      286) should test cover more finance
      287) should test cover finance more2
      288) should test exec finance 413 checks
      289) should test exec decimals for token

  big helpers: deterministic helpers for commerce + finance
    ✔ calls commerce msg.sender helpers and toggles to flip branch arms
    ✔ calls finance helpers to deterministically hit decimals/send branch arms

  bruteforce: commerce + finance permutation sweep
    ✔ runs a compact set of ordered permutations for both subsystems (238ms)

  sequence: commerce addMerchant ordered-call sweep (118/130)
    ✔ runs ordered helper + production call sequences to hit missing branch indexes (44ms)

  coverage.finish.commerce.250_410.narrow
    ✔ calls mass/region/hotspot helpers with permutations to flip escrow-region arms (51ms)

  coverage.finish.commerce.250_410 - focused escrow cluster
    ✔ exercises many TEST helpers across 250-410 region to flip branch arms (52ms)

  micro: addMerchant line 118/130 deterministic sweep
    ✔ exhaustively calls production addMerchant with force flags and msg.sender variants (127ms)

  coverage.finish.commerce.addMerchant.targeted - flip msg.sender/vault arms (118/130)
    ✔ registers a merchant and exercises msg.sender-specific helpers to flip both arms (42ms)

  bruteforce: addMerchant permutations to flip stubborn arms
    ✔ permutations of toggles, helpers and production calls to flip remaining branch nodes (263ms)

  bruteforce2: commerce addMerchant deep permutations for lines ~118/130 and escrow cluster
    ✔ exhaustively calls TEST helpers and production addMerchant in many orders to hit missing index arms (675ms)

  coverage.finish.commerce.addMerchant.combine
    ✔ executes both true and false arms for addMerchant lines ~118 and ~130 (explicit + msg.sender) (48ms)

  coverage.finish.commerce.addMerchant.exhaustive - exhaust permutations for lines 118/130
    ✔ calls addMerchant-related pinpoint helpers with all signer/force permutations (43ms)

  coverage.finish.commerce.addMerchant.extra2 - exhaustive addMerchant permutations
    ✔ runs many permutations of addMerchant TEST helpers to flip left/right/msg.sender arms (83ms)

  coverage.finish.commerce.addMerchant.forceLeft - force alreadyMerchant arm
    ✔ forces alreadyMerchant and calls narrow helpers to hit left arms (44ms)

  coverage.finish.commerce.addMerchant.forceRight - force noVault/lowScore arm
    ✔ forces noVault/lowScore and calls narrow helpers to hit right arms (43ms)

  coverage.finish.commerce.addMerchant.narrow - target lines 118/130
    ✔ targets addMerchant left/right and msg.sender vaultZero arms (44ms)

  coverage.finish.commerce.addMerchant.narrow3
    290) targets addMerchant lines ~118 and ~130 including msg.sender variants and force flags

  coverage.finish.commerce.addMerchant.narrow4
    ✔ registers one signer and uses a no-vault signer to flip left/right msg.sender arms (41ms)

  micro-orderings: addMerchant ordered sequences to hit index-specific arms
    ✔ runs a few ordered sequences that previously left index=0 uncovered (46ms)

  coverage.finish.commerce.addMerchant.pinpoint - call exact line helpers
    ✔ exercises pinpoint helpers TEST_line118_*/TEST_line130_* and msg.sender variants (47ms)

  coverage.finish.commerce.addMerchant - focused addMerchant helpers
    ✔ exercises addMerchant conditional arms via TEST helpers and msg.sender variants (43ms)

  coverage.finish.commerce.exec.addMerchant - call addMerchant to exercise production branches
    ✔ calls addMerchant with registered, no-vault and low-score signers to exercise real branches (46ms)

  coverage.finish.commerce.stateful - stateful escrow and merchant flows
    ✔ creates merchant, opens/funds/resolve/refund/dispute/resolve flows and triggers refund/dispute thresholds (76ms)

  coverage: targeted extra arms
    ✔ mocks: transferFrom allowance revert arms (GasDrainer & Reentering)
    ✔ CommerceEscrow: refund/dispute caller permutations exercise NotAllowed and success paths (68ms)
    ✔ Finance: onlyDAO and NotWhitelisted arms

  coverage.finish.extra10 - final pinpoint sweep
    ✔ MerchantRegistry extra helpers
    ✔ StablecoinRegistry extra helpers

  coverage.finish.extra11 - escrow & treasury pinpoint helpers
    ✔ Escrow helpers and securityCheck (41ms)
    ✔ Treasury helpers

  coverage.finish.extra12 - pinpoint helper sweep (Commerce)
    ✔ MerchantRegistry pinpoint helpers and permutations (43ms)
    ✔ Escrow pinpoint helpers exercise open/access arms (43ms)

  coverage.finish.extra13 - additional Commerce pinpoint helpers
    ✔ covers extra MerchantRegistry combined branches (47ms)

  coverage.finish.extra14 - Finance pinpoint helpers
    ✔ covers composite finance helper with permutations

  coverage.finish.extra15 - stateful Commerce flows to flip branches
    291) creates merchant, triggers refund/dispute thresholds and escrow flows

  coverage.finish.extra16 - broad permutations to flip remaining arms
    ✔ sweeps many TEST helpers in Commerce and Finance (87ms)

  coverage.finish.extra17 - pinpoint helpers for remaining Commerce arms
    ✔ exercises newly added TEST helpers in MerchantRegistry and CommerceEscrow (54ms)

  coverage.finish.extra18 - targeted helpers to flip Commerce remaining arms
    ✔ calls pinpoint helpers with permutations to flip branch arms (58ms)

  coverage.finish.extra19 - hotspot helpers for Commerce (300-410, 490-610)
    ✔ exercises hotspot helpers with permutations (63ms)

  coverage.finish.extra2 - targeted branch hits
    292) MerchantRegistry: exercise addMerchant subexprs and force flags
    ✔ Finance: decimals helper and deposit/send insufficient paths (52ms)

  coverage.finish.extra20 - sweep all TEST helpers to flip remaining arms
    ✔ sweeps MR and CE TEST helpers broadly (91ms)

  coverage.finish.extra21 - Finance sweep to flip remaining arms
    ✔ exercises StablecoinRegistry and EcoTreasuryVault TEST helpers (57ms)

  coverage.finish.extra22 - finance hotspot helper sweep
    ✔ calls TEST_cover_finance_more2 with permutations to flip branches (44ms)

  coverage.finish.extra23 - Commerce pinpoint near lines 118/130
    ✔ exercises TEST_cover_addMerchant_near118_130 and toggles flags (40ms)

  coverage.finish.extra24 - Commerce region 250-300 helper
    ✔ calls TEST_cover_250_300_region with permutations to flip arms (70ms)

  coverage.finish.extra25 - flip addMerchant and 250-300 region arms
    ✔ flips alreadyMerchant and vault/noVault arms and exercises 250-300 region (46ms)

  coverage.finish.extra26 - msg.sender addMerchant helpers (line 118/130)
    ✔ calls msg.sender-based helpers to flip the exact addMerchant arms

  coverage.finish.extra27 - msg.sender vault helper (line 130)
    ✔ uses msg.sender vault helper to flip vaultZero arms

  coverage.finish.extra28 - mass 250-410 region tester
    ✔ calls TEST_cover_mass_250_410 with permutations to flip many arms (43ms)

  coverage.finish.extra29 - addMerchant permutations
    ✔ exercises addMerchant conditional arms via TEST helpers (41ms)

  coverage.finish.extra3 - final targeted branch hits
    293) MerchantRegistry: hit addMerchant already/noVault/lowScore arms
    294) MerchantRegistry: noteDispute zero-flag and CommerceEscrow access NotAllowed arms
    ✔ Finance: ledger revert try/catch and send zero/to checks

  coverage.finish.extra30 - escrow release/refund/dispute permutations
    ✔ opens/funds escrows and exercises allowed and not-allowed arms (65ms)

  coverage.finish.extra31 - pinpoint addMerchant msg.sender arms
    ✔ toggles TEST flags and calls msg.sender helpers to flip arms (42ms)

  coverage.finish.extra32 - mass coverage 250-410 region
    ✔ calls mass and region helpers with permutations to flip arms (53ms)

  coverage.finish.extra33 - extended permutations for 300-410 hotspots
    ✔ exercises many hotspot helpers with permutations (97ms)

  coverage.finish.extra34 - broad sweep of TEST helpers
    ✔ calls a broad set of TEST helpers to flip remaining arms (74ms)

  coverage.finish.extra4 - TEST-only helpers exercise
    295) Commerce: use TEST_exercise_addMerchant_checks to flip arms
    ✔ Finance: use TEST_exercise_decimals_try and TEST_exercise_deposit_send_checks

  coverage.finish.extra5 - target remaining branch arms
    296) Commerce: hit addMerchant and noteRefund/noteDispute arms
    ✔ Finance: exercise decimals fallback and deposit/send failure arms (41ms)
    297) Call new contracts-min TEST_cover helpers to exercise remaining arms

  coverage.finish.extra6 - exercise explicit if/else helpers permutations
    ✔ Commerce: call TEST_exec_addMerchant_ifvariants with permutations
    ✔ CommerceEscrow: exercise TEST_exec_open_ifvariants and access masks (43ms)
    ✔ Finance: call TEST_exec_decimals_and_tx_ifvariants permutations

  coverage.finish.extra7 - extra permutations and signer variations
    298) MerchantRegistry: toggle flags and call if-helpers with different signers
    299) CommerceEscrow: call access helpers from different callers to flip arms
    ✔ Finance: flip whitelist and zero-amount arms for StablecoinRegistry and EcoTreasury

  coverage.finish.extra8 - broader sweep for remaining arms
    ✔ MerchantRegistry/Commerce: sweep permutations and signer-varied calls
    300) CommerceEscrow: force buyerVault zero and access masks with different ids
    ✔ Finance: additional permutations on decimals/send/deposit helpers

  coverage.finish.extra9 - pinpoint helpers to flip last arms
    ✔ MerchantRegistry pinpoint helpers
    ✔ Finance pinpoint helpers

  bruteforce: finance send/decimals permutations to flip stubborn arms (~399)
    ✔ runs many ordered combinations of send/mint/toggles/helpers to hit missing branch nodes (558ms)

  coverage.finish.finance.399.exhaustive - exhaustive permutations to flip finance arms
    ✔ runs permutations over decimals/staticcall, whitelist, zero-amount and token-zero checks (52ms)

  micro: finance line ~399 deterministic sweep
    ✔ calls EcoTreasuryVault.send and StablecoinRegistry helpers in ordered permutations to flip specific arms (44ms)

  coverage.finish.finance.399.narrow - decimals and deposit/send guard branches
    ✔ exercises decimals staticcall success/fail and deposit/send checks

  micro-orderings: finance ordered sequences to target index-specific arms (~399)
    ✔ runs a few ordered sequences of send/mint/toggles to exercise send branches (46ms)

  sequence: finance send/decimals ordered-call sweep (~399)
    ✔ runs ordered sequences of decimals helpers and send() permutations to hit missing branch indexes (47ms)

  coverage.finish.finance.399 - focused finance hotspot
    ✔ exercises finance branches including decimals staticcall fallback and send/deposit guards

  coverage.finish.finance.send.exec - call EcoTreasuryVault.send to execute branches
    ✔ executes send() with token zero, zero amount, not-whitelisted and success paths (41ms)

  Commerce Bruteforce: Lines 664, 871, 964 Exhaustive
    301) "before all" hook in "Commerce Bruteforce: Lines 664, 871, 964 Exhaustive"

  coverage: finish remaining branch arms
    ✔ MerchantRegistry: _noteRefund and _noteDispute hit COM_Zero via TEST toggles (38ms)
    ✔ StablecoinRegistry & EcoTreasury: exercise TEST decimal and insufficient flags
    ✔ mocks: exercise TEST_checkAllowance branches and MerchantRegistry addMerchant TEST toggles (74ms)
    ✔ StablecoinRegistry: ledger revert path is caught (try/catch) to exercise both arms
    ✔ invoke TEST helpers to exercise conditional sub-expressions (73ms)
    ✔ mocks: transferFrom success and failure arms for GasDrainer and Reentering
    ✔ finance: onlyDAO gates for StablecoinRegistry and EcoTreasury (DAO vs non-DAO)

  helpers-focused: commerce deterministic helpers
    ✔ calls TEST_exec_addMerchant_msgsender_full and note guards with permutations (43ms)

  helpers-focused: finance deterministic helpers
    ✔ calls TEST_exec_send_variants and decimals wrapper with permutations

  coverage.pinpoint.next: flip specific Commerce branch arms
    302) toggles TEST flags, calls msg.sender variants and mass helpers

  coverage.pinpoint.top: targeted helpers for top missing arms
    ✔ targets commerce addMerchant arms and finance send/decimals arms (82ms)

  coverage.pinpoint.top2: target more top canonical misses
    ✔ calls new pinpoint helpers and toggles flags (73ms)

  Coverage: Production Flow - Targeted Branch Tests
    Line 87: Constructor zero-address checks
      ✔ should cover constructor OR-chain branches via TEST helpers
    Line 118: _noteRefund msg.sender check
      ✔ should cover msg.sender == address(0) check via TEST helper
    Line 130: _noteDispute msg.sender check
      ✔ should cover msg.sender == address(0) check via TEST helper
    Lines 250-466: Complete escrow state transitions
      ✔ should cover open -> funded -> released flow
      ✔ should cover open -> funded -> refund flow
      ✔ should cover open -> funded -> dispute -> resolve flow
      ✔ should cover dispute resolution in merchant favor
      ✔ should cover DAO-initiated release
      ✔ should cover DAO-initiated refund
      ✔ should cover merchant-initiated dispute
    Error paths and edge cases
      ✔ should revert on zero amount escrow
      ✔ should revert when marking funded with insufficient balance
      ✔ should revert on unauthorized release
      ✔ should revert when releasing from wrong state
    Merchant suspension threshold
      ✔ should trigger auto-suspension after refund threshold via _noteRefund
      ✔ should trigger auto-suspension after dispute threshold via _noteDispute

  Commerce: Push to 100% Coverage - Final Push
    Line 87: removeMerchant branch
      303) "before each" hook for "should hit line 87 when removing active merchant"

  Push to 100%: Missing Branch Coverage
    304) "before all" hook in "Push to 100%: Missing Branch Coverage"

  coverage.target.min - exercise contracts-min helpers
    ✔ MerchantRegistry (contracts-min): flip subexpr arms via TEST_exercise_addMerchant_checks
    ✔ StablecoinRegistry (contracts-min): exercise decimals and deposit/send checks

  Coverage: Uncovered Branches Test
    MerchantRegistry - onlyDAO modifier (line 87)
      ✔ should cover both arms of onlyDAO modifier
      ✔ should exercise line 87 with tx.origin variant
      ✔ should exercise line 87 with ledger security variant
    MerchantRegistry - _noteRefund (line 118)
      ✔ should cover msg.sender == address(0) branch
      ✔ should cover force flag for refund
      ✔ should cover line 118 with OR combinations
    MerchantRegistry - _noteDispute (line 130)
      ✔ should cover msg.sender checks for dispute
      ✔ should cover force flag for dispute
    MerchantRegistry - addMerchant checks (line 250)
      ✔ should cover line 250 conditional expression variants
      ✔ should cover all addMerchant force flag combinations
      ✔ should cover if/else branches in addMerchant flow
    MerchantRegistry - line 276 (threshold checks)
      ✔ should cover threshold checks for refunds
      ✔ should cover threshold checks for disputes
    MerchantRegistry - lines 291-310 (vault and score checks)
      ✔ should cover vault zero check with OR force (line 299)
      ✔ should cover score check with OR force (line 304)
      ✔ should cover already merchant check with OR force (line 308)
    MerchantRegistry - Additional branch coverage
      ✔ should cover vault and score combined checks
      ✔ should cover line 365-374 conditional expression variants
      ✔ should cover if/else for vault isZero
      ✔ should cover if/else for score check
      ✔ should cover merchant status check
    StablecoinRegistry - uncovered branches
      ✔ should cover line 80 removeAsset branch
      ✔ should cover line 87 setSymbolHint branch
      ✔ should cover addAsset with different decimals
    CommerceEscrow - additional uncovered branches
      ✔ should cover release permission checks as different callers
      ✔ should cover refund permission checks
      ✔ should cover notFunded check
      ✔ should cover combined release/refund/resolve logic
    MerchantRegistry - msg.sender variants
      ✔ should cover msg.sender-based branches as merchant
      ✔ should cover msg.sender-based branches with force flags
      ✔ should cover note guards with restore
    Mass coverage helpers
      ✔ should cover mass region 250-410
      ✔ should cover region 250-300
      ✔ should cover addMerchant near 118-130
    Additional pinpoint helpers
      ✔ should cover vaultOf OR force variants
      ✔ should cover seer LT min OR force variants

  Coverage: Additional Uncovered Branches - Part 2
    305) covers remaining Commerce and Finance branches systematically

  Coverage: CommerceEscrow Uncovered Branches
    306) covers dense branch clusters in lines 435-664 and beyond

  Coverage: VFIDEFinance Uncovered Branches
    307) covers remaining Finance contract branches systematically

  TEST-ONLY forced-branch coverage helpers
    ✔ MerchantRegistry: force AlreadyMerchant and zero-sender branches
    ✔ StablecoinRegistry: force decimals fallback/override path
    ✔ EcoTreasuryVault: force deposit/send insufficient errors
    ✔ VFIDEToken: check forced vault/staticcall/router branches
    ✔ mocks: exercise ERC20Mock failure branches and LedgerMock paths

  Mocks coverage: LedgerMock and ReenteringERC20
    ✔ LedgerMock: exercises emit and revert branches via StablecoinRegistry calls
    ✔ LedgerMock: exercises logEvent path (addAsset) both emit and revert branches
    ✔ LedgerMock: direct calls exercise both logSystemEvent/logEvent branches
    ✔ ReenteringERC20: covers balance guard and reentry path
    ✔ ReverterEscrow: covers release/refund emit and revert paths
    ✔ BurnRouterMock: set and computeFees paths
    ✔ ReenteringERC20: transferFrom allowance branches (allowance/underflow and success)
    ✔ GasDrainerERC20: transfer and transferFrom paths (balance guard and success)
    ✔ GasDrainerERC20: explicit allowance-revert branch (zero allowance and small value)
    ✔ GasDrainerERC20: TEST_checkAllowance covers both branches (false then true)
    ✔ ReenteringERC20: explicit allowance-revert branch (zero allowance)
    ✔ ReenteringERC20: TEST_checkAllowance covers both branches (false then true)
    ✔ MerchantRegistryMock: setMerchant and info cover status branches

  Extra mock branch coverage
    ✔ GasDrainer: extra TEST_checkAllowance edge cases and transferFrom reverts/succeeds
    ✔ ReenteringERC20: transfer with default (no reenter target) and with reenter target

  Uncovered mocks coverage
    ✔ ReenterTargetMock emits Released
    ✔ ReverterEscrow emits and reverts correctly
    ✔ RevertingDecimals fallback reverts on plain call
    ✔ SecurityHubMock and SeerMock basic behaviors
    ✔ VaultHubMock vaultOf and TestVFIDEHarness TEST helpers
    ✔ LedgerMock logEvent and logSystemEvent revert paths

  Deterministic fuzz: Finance / Token / Commerce (sanity)
    ✔ runs a deterministic sequence of randomized actions without crashing (281ms)

  Smoke Tests - Core Functionality
    308) "before each" hook for "Should deploy VFIDEToken successfully"

  Smoke Tests - Commerce
    ✔ Should deploy MerchantRegistry successfully
    ✔ Should allow merchant registration with proper setup


  1390 passing (1m)
  308 failing

  1) VFIDECommerce - Exhaustive TEST Coverage (Part 3/3)
       Duplicate and extended variants
         TEST_dup_line435_with_locals:
     TypeError: escrow.TEST_dup_line435_with_locals is not a function
      at Context.<anonymous> (test/archive/Commerce.exhaustive3.test.js:210:35)

  2) VFIDECommerce - Exhaustive TEST Coverage (Part 3/3)
       Duplicate and extended variants
         TEST_line435_msgsender_include:
     TypeError: escrow.TEST_line435_msgsender_include is not a function
      at Context.<anonymous> (test/archive/Commerce.exhaustive3.test.js:216:35)

  3) VFIDECommerce - Exhaustive TEST Coverage (Part 3/3)
       Duplicate and extended variants
         TEST_line447_many_ors:
     TypeError: escrow.TEST_line447_many_ors is not a function
      at Context.<anonymous> (test/archive/Commerce.exhaustive3.test.js:223:35)

  4) VFIDECommerce - Exhaustive TEST Coverage (Part 3/3)
       Duplicate and extended variants
         TEST_line503_extended_variants:
     TypeError: escrow.TEST_line503_extended_variants is not a function
      at Context.<anonymous> (test/archive/Commerce.exhaustive3.test.js:228:35)
      at processImmediate (node:internal/timers:485:21)

  5) VFIDECommerce - Exhaustive TEST Coverage (Part 3/3)
       Duplicate and extended variants
         TEST_line644_combo:
     TypeError: escrow.TEST_line644_combo is not a function
      at Context.<anonymous> (test/archive/Commerce.exhaustive3.test.js:235:35)

  6) VFIDECommerce - Exhaustive TEST Coverage (Part 3/3)
       Comprehensive variant combinations
         should test all extended variants:
     TypeError: escrow.TEST_dup_line435_with_locals is not a function
      at Context.<anonymous> (test/archive/Commerce.exhaustive3.test.js:273:20)

  7) Commerce: MerchantRegistry + CommerceEscrow
       merchant can register and buyer can open/fund/release an escrow:
     Error: Transaction reverted without a reason string
    at MerchantRegistry.addMerchant (contracts-min/VFIDECommerce.sol:98)
    at EdrProviderWrapper.request (node_modules/hardhat/src/internal/hardhat-network/provider/provider.ts:434:41)
    at HardhatEthersSigner.sendTransaction (node_modules/@nomicfoundation/hardhat-ethers/src/signers.ts:181:18)
    at send (node_modules/ethers/src.ts/contract/contract.ts:313:20)
    at Proxy.addMerchant (node_modules/ethers/src.ts/contract/contract.ts:352:16)
    at Context.<anonymous> (test/archive/Commerce.test.js:67:3)
  

  8) Commerce: MerchantRegistry + CommerceEscrow
       merchant can request refund and disputes/resolution work:
     Error: Transaction reverted without a reason string
    at MerchantRegistry.addMerchant (contracts-min/VFIDECommerce.sol:98)
    at EdrProviderWrapper.request (node_modules/hardhat/src/internal/hardhat-network/provider/provider.ts:434:41)
    at HardhatEthersSigner.sendTransaction (node_modules/@nomicfoundation/hardhat-ethers/src/signers.ts:181:18)
    at send (node_modules/ethers/src.ts/contract/contract.ts:313:20)
    at Proxy.addMerchant (node_modules/ethers/src.ts/contract/contract.ts:352:16)
    at Context.<anonymous> (test/archive/Commerce.test.js:99:3)
  

  9) Commerce negative paths and auto-suspend
       open reverts for zero amount and unregistered merchant and locked vaults:
     Error: Transaction reverted without a reason string
    at MerchantRegistry.addMerchant (contracts-min/VFIDECommerce.sol:98)
    at EdrProviderWrapper.request (node_modules/hardhat/src/internal/hardhat-network/provider/provider.ts:434:41)
    at HardhatEthersSigner.sendTransaction (node_modules/@nomicfoundation/hardhat-ethers/src/signers.ts:181:18)
    at send (node_modules/ethers/src.ts/contract/contract.ts:313:20)
    at Proxy.addMerchant (node_modules/ethers/src.ts/contract/contract.ts:352:16)
    at Context.<anonymous> (test/archive/CommerceEdge.test.js:81:5)
  

  10) Commerce negative paths and auto-suspend
       markFunded reverts when not enough balance and release/refund unauthorized:
     Error: Transaction reverted without a reason string
    at MerchantRegistry.addMerchant (contracts-min/VFIDECommerce.sol:98)
    at EdrProviderWrapper.request (node_modules/hardhat/src/internal/hardhat-network/provider/provider.ts:434:41)
    at HardhatEthersSigner.sendTransaction (node_modules/@nomicfoundation/hardhat-ethers/src/signers.ts:181:18)
    at send (node_modules/ethers/src.ts/contract/contract.ts:313:20)
    at Proxy.addMerchant (node_modules/ethers/src.ts/contract/contract.ts:352:16)
    at Context.<anonymous> (test/archive/CommerceEdge.test.js:93:5)
  

  11) Commerce negative paths and auto-suspend
       auto-suspends merchant after repeated refunds/disputes:
     Error: Transaction reverted without a reason string
    at MerchantRegistry.addMerchant (contracts-min/VFIDECommerce.sol:98)
    at EdrProviderWrapper.request (node_modules/hardhat/src/internal/hardhat-network/provider/provider.ts:434:41)
    at HardhatEthersSigner.sendTransaction (node_modules/@nomicfoundation/hardhat-ethers/src/signers.ts:181:18)
    at send (node_modules/ethers/src.ts/contract/contract.ts:313:20)
    at Proxy.addMerchant (node_modules/ethers/src.ts/contract/contract.ts:352:16)
    at Context.<anonymous> (test/archive/CommerceEdge.test.js:115:5)
  

  12) CouncilElection Contract Tests
       Candidate Registration
         should allow eligible user to register:
     Error: VM Exception while processing transaction: reverted with custom error 'CE_NotEligible()'
    at CouncilElection.setCouncil (contracts-min/CouncilElection.sol:68)
    at EdrProviderWrapper.request (node_modules/hardhat/src/internal/hardhat-network/provider/provider.ts:434:41)
    at HardhatEthersSigner.sendTransaction (node_modules/@nomicfoundation/hardhat-ethers/src/signers.ts:181:18)
    at send (node_modules/ethers/src.ts/contract/contract.ts:313:20)
    at Proxy.register (node_modules/ethers/src.ts/contract/contract.ts:352:16)
    at waitForPendingTransaction (node_modules/@nomicfoundation/hardhat-chai-matchers/src/internal/emit.ts:28:17)
    at Context.<anonymous> (test/archive/CouncilElection.test.js:90:7)
  

  13) CouncilElection Contract Tests
       Candidate Registration
         should allow candidate to unregister:
     Error: VM Exception while processing transaction: reverted with custom error 'CE_NotEligible()'
    at CouncilElection.setCouncil (contracts-min/CouncilElection.sol:68)
    at EdrProviderWrapper.request (node_modules/hardhat/src/internal/hardhat-network/provider/provider.ts:434:41)
    at HardhatEthersSigner.sendTransaction (node_modules/@nomicfoundation/hardhat-ethers/src/signers.ts:181:18)
    at send (node_modules/ethers/src.ts/contract/contract.ts:313:20)
    at Proxy.register (node_modules/ethers/src.ts/contract/contract.ts:352:16)
    at Context.<anonymous> (test/archive/CouncilElection.test.js:114:7)
  

  14) CouncilElection Contract Tests
       Council Setting
         "before each" hook for "should allow DAO to set council":
     Error: VM Exception while processing transaction: reverted with custom error 'CE_NotEligible()'
    at CouncilElection.setCouncil (contracts-min/CouncilElection.sol:68)
    at EdrProviderWrapper.request (node_modules/hardhat/src/internal/hardhat-network/provider/provider.ts:434:41)
    at HardhatEthersSigner.sendTransaction (node_modules/@nomicfoundation/hardhat-ethers/src/signers.ts:181:18)
    at send (node_modules/ethers/src.ts/contract/contract.ts:313:20)
    at Proxy.register (node_modules/ethers/src.ts/contract/contract.ts:352:16)
    at Context.<anonymous> (test/archive/CouncilElection.test.js:126:7)
  

  15) CouncilElection Contract Tests
       Council Refresh
         "before each" hook for "should allow DAO to refresh council":
     Error: VM Exception while processing transaction: reverted with custom error 'CE_NotEligible()'
    at CouncilElection.setCouncil (contracts-min/CouncilElection.sol:68)
    at EdrProviderWrapper.request (node_modules/hardhat/src/internal/hardhat-network/provider/provider.ts:434:41)
    at HardhatEthersSigner.sendTransaction (node_modules/@nomicfoundation/hardhat-ethers/src/signers.ts:181:18)
    at send (node_modules/ethers/src.ts/contract/contract.ts:313:20)
    at Proxy.setCouncil (node_modules/ethers/src.ts/contract/contract.ts:352:16)
    at Context.<anonymous> (test/archive/CouncilElection.test.js:174:7)
  

  16) DevReserveVestingVault
       syncStart
         should sync start time from presale:
     TypeError: vestingVault.syncStart is not a function
      at Context.<anonymous> (test/archive/DevReserveVestingVault.test.js:117:26)

  17) DevReserveVestingVault
       syncStart
         should calculate cliff timestamp correctly:
     TypeError: vestingVault.syncStart is not a function
      at Context.<anonymous> (test/archive/DevReserveVestingVault.test.js:124:26)

  18) DevReserveVestingVault
       syncStart
         should calculate end timestamp correctly:
     TypeError: vestingVault.syncStart is not a function
      at Context.<anonymous> (test/archive/DevReserveVestingVault.test.js:135:26)

  19) DevReserveVestingVault
       syncStart
         should emit SyncedStart event:
     TypeError: vestingVault.syncStart is not a function
      at Context.<anonymous> (test/archive/DevReserveVestingVault.test.js:146:33)

  20) DevReserveVestingVault
       syncStart
         should be idempotent:
     TypeError: vestingVault.syncStart is not a function
      at Context.<anonymous> (test/archive/DevReserveVestingVault.test.js:152:26)

  21) DevReserveVestingVault
       claimable
         "before each" hook for "should return 0 before cliff":
     TypeError: vestingVault.syncStart is not a function
      at Context.<anonymous> (test/archive/DevReserveVestingVault.test.js:166:26)

  22) DevReserveVestingVault
       claim
         "before each" hook for "should revert before cliff":
     TypeError: vestingVault.syncStart is not a function
      at Context.<anonymous> (test/archive/DevReserveVestingVault.test.js:216:26)

  23) DevReserveVestingVault
       setPause
         should allow beneficiary to pause:
     TypeError: vestingVault.connect(...).setPause is not a function
      at Context.<anonymous> (test/archive/DevReserveVestingVault.test.js:320:47)
      at processImmediate (node:internal/timers:485:21)

  24) DevReserveVestingVault
       setPause
         should allow beneficiary to unpause:
     TypeError: vestingVault.connect(...).setPause is not a function
      at Context.<anonymous> (test/archive/DevReserveVestingVault.test.js:325:47)
      at processImmediate (node:internal/timers:485:21)

  25) DevReserveVestingVault
       setPause
         should emit PauseSet event:
     TypeError: vestingVault.connect(...).setPause is not a function
      at Context.<anonymous> (test/archive/DevReserveVestingVault.test.js:331:54)
      at processImmediate (node:internal/timers:485:21)

  26) DevReserveVestingVault
       setPause
         should revert if not beneficiary:
     TypeError: vestingVault.connect(...).setPause is not a function
      at Context.<anonymous> (test/archive/DevReserveVestingVault.test.js:337:47)
      at processImmediate (node:internal/timers:485:21)

  27) DevReserveVestingVault
       Edge Cases
         should handle full vesting period:
     TypeError: vestingVault.syncStart is not a function
      at Context.<anonymous> (test/archive/DevReserveVestingVault.test.js:345:26)

  28) DevReserveVestingVault
       Edge Cases
         should handle claiming everything in one go at end:
     TypeError: vestingVault.syncStart is not a function
      at Context.<anonymous> (test/archive/DevReserveVestingVault.test.js:358:26)

  29) EmergencyControl Contract Tests
       Vote Reset
         should allow DAO to reset votes:
     TypeError: emergency.connect(...).resetVotes is not a function
      at Context.<anonymous> (test/archive/EmergencyControl.test.js:222:36)

  30) EmergencyControl Contract Tests
       Vote Reset
         should revert if non-DAO tries to reset:
     TypeError: emergency.connect(...).resetVotes is not a function
      at Context.<anonymous> (test/archive/EmergencyControl.test.js:230:34)

  31) Finance Complete Coverage
       StablecoinRegistry Additional TEST Helpers
         TEST_exercise_decimals_try - with forceDecimalsReturn:
     Error: no matching fragment (operation="fragment", info={ "args": [ true ], "key": "TEST_setForceDecimals" }, code=UNSUPPORTED_OPERATION, version=6.15.0)
      at makeError (node_modules/ethers/src.ts/utils/errors.ts:698:21)
      at assert (node_modules/ethers/src.ts/utils/errors.ts:719:25)
      at getFragment (node_modules/ethers/src.ts/contract/contract.ts:270:15)
      at Proxy.TEST_setForceDecimals (node_modules/ethers/src.ts/contract/contract.ts:350:26)
      at Context.<anonymous> (test/archive/Finance.complete.test.js:83:35)

  32) Finance Complete Coverage
       StablecoinRegistry Additional TEST Helpers
         TEST_exercise_decimals_try - with staticcall:
     Error: no matching fragment (operation="fragment", info={ "args": [ false ], "key": "TEST_setForceDecimals" }, code=UNSUPPORTED_OPERATION, version=6.15.0)
      at makeError (node_modules/ethers/src.ts/utils/errors.ts:698:21)
      at assert (node_modules/ethers/src.ts/utils/errors.ts:719:25)
      at getFragment (node_modules/ethers/src.ts/contract/contract.ts:270:15)
      at Proxy.TEST_setForceDecimals (node_modules/ethers/src.ts/contract/contract.ts:350:26)
      at Context.<anonymous> (test/archive/Finance.complete.test.js:90:35)

  33) Finance Complete Coverage
       StablecoinRegistry Additional TEST Helpers
         TEST_exercise_decimals_try - with fallback:
     Error: no matching fragment (operation="fragment", info={ "args": [ false ], "key": "TEST_setForceDecimals" }, code=UNSUPPORTED_OPERATION, version=6.15.0)
      at makeError (node_modules/ethers/src.ts/utils/errors.ts:698:21)
      at assert (node_modules/ethers/src.ts/utils/errors.ts:719:25)
      at getFragment (node_modules/ethers/src.ts/contract/contract.ts:270:15)
      at Proxy.TEST_setForceDecimals (node_modules/ethers/src.ts/contract/contract.ts:350:26)
      at Context.<anonymous> (test/archive/Finance.complete.test.js:97:35)

  34) Finance Complete Coverage
       StablecoinRegistry Decimals Branch Exhaustive
         should cover all decimals branches with force flag:
     Error: no matching fragment (operation="fragment", info={ "args": [ false ], "key": "TEST_setForceDecimals" }, code=UNSUPPORTED_OPERATION, version=6.15.0)
      at makeError (node_modules/ethers/src.ts/utils/errors.ts:698:21)
      at assert (node_modules/ethers/src.ts/utils/errors.ts:719:25)
      at getFragment (node_modules/ethers/src.ts/contract/contract.ts:270:15)
      at Proxy.TEST_setForceDecimals (node_modules/ethers/src.ts/contract/contract.ts:350:26)
      at Context.<anonymous> (test/archive/Finance.complete.test.js:222:37)

  35) Finance Complete Coverage
       EcoTreasuryVault Additional TEST Helpers
         TEST_eval_onlyDAO - with DAO:
     TypeError: vault.TEST_eval_onlyDAO is not a function
      at Context.<anonymous> (test/archive/Finance.complete.test.js:322:34)
      at processImmediate (node:internal/timers:485:21)

  36) Finance Complete Coverage
       EcoTreasuryVault Additional TEST Helpers
         TEST_eval_onlyDAO - with non-DAO:
     TypeError: vault.TEST_eval_onlyDAO is not a function
      at Context.<anonymous> (test/archive/Finance.complete.test.js:327:34)
      at processImmediate (node:internal/timers:485:21)

  37) Finance Complete Coverage
       EcoTreasuryVault Additional TEST Helpers
         TEST_eval_onlyDAO - with TEST_onlyDAO_off_Tx enabled:
     TypeError: vault.TEST_eval_onlyDAO is not a function
      at Context.<anonymous> (test/archive/Finance.complete.test.js:333:34)

  38) Finance Complete Coverage
       EcoTreasuryVault Additional TEST Helpers
         TEST_log_hasLedger:
     TypeError: vault.TEST_log_hasLedger is not a function
      at Context.<anonymous> (test/archive/Finance.complete.test.js:338:37)
      at processImmediate (node:internal/timers:485:21)

  39) Finance Complete Coverage
       EcoTreasuryVault Additional TEST Helpers
         TEST_eval_hasModules:
     TypeError: vault.TEST_eval_hasModules is not a function
      at Context.<anonymous> (test/archive/Finance.complete.test.js:343:52)
      at processImmediate (node:internal/timers:485:21)

  40) Finance Complete Coverage
       EcoTreasuryVault Additional TEST Helpers
         TEST_if_deposit_zeroAmount - zero:
     TypeError: vault.TEST_if_deposit_zeroAmount is not a function
      at Context.<anonymous> (test/archive/Finance.complete.test.js:349:34)
      at processImmediate (node:internal/timers:485:21)

  41) Finance Complete Coverage
       EcoTreasuryVault Additional TEST Helpers
         TEST_if_deposit_zeroAmount - non-zero:
     TypeError: vault.TEST_if_deposit_zeroAmount is not a function
      at Context.<anonymous> (test/archive/Finance.complete.test.js:354:34)
      at processImmediate (node:internal/timers:485:21)

  42) Finance Complete Coverage
       EcoTreasuryVault Additional TEST Helpers
         TEST_if_send_zeroToOrAmt - zero address:
     TypeError: vault.TEST_if_send_zeroToOrAmt is not a function
      at Context.<anonymous> (test/archive/Finance.complete.test.js:359:34)
      at processImmediate (node:internal/timers:485:21)

  43) Finance Complete Coverage
       EcoTreasuryVault Additional TEST Helpers
         TEST_if_send_zeroToOrAmt - zero amount:
     TypeError: vault.TEST_if_send_zeroToOrAmt is not a function
      at Context.<anonymous> (test/archive/Finance.complete.test.js:364:34)
      at processImmediate (node:internal/timers:485:21)

  44) Finance Complete Coverage
       EcoTreasuryVault Additional TEST Helpers
         TEST_if_send_zeroToOrAmt - valid:
     TypeError: vault.TEST_if_send_zeroToOrAmt is not a function
      at Context.<anonymous> (test/archive/Finance.complete.test.js:369:34)
      at processImmediate (node:internal/timers:485:21)

  45) Finance Complete Coverage
       EcoTreasuryVault Additional TEST Helpers
         TEST_if_token_not_ok - not whitelisted:
     TypeError: vault.TEST_if_token_not_ok is not a function
      at Context.<anonymous> (test/archive/Finance.complete.test.js:374:34)
      at processImmediate (node:internal/timers:485:21)

  46) Finance Complete Coverage
       EcoTreasuryVault Additional TEST Helpers
         TEST_if_token_not_ok - whitelisted:
     TypeError: vault.TEST_if_token_not_ok is not a function
      at Context.<anonymous> (test/archive/Finance.complete.test.js:380:34)

  47) Finance Complete Coverage
       EcoTreasuryVault Additional TEST Helpers
         TEST_if_token_addr_zero - zero:
     TypeError: vault.TEST_if_token_addr_zero is not a function
      at Context.<anonymous> (test/archive/Finance.complete.test.js:385:34)
      at processImmediate (node:internal/timers:485:21)

  48) Finance Complete Coverage
       EcoTreasuryVault Additional TEST Helpers
         TEST_if_token_addr_zero - valid:
     TypeError: vault.TEST_if_token_addr_zero is not a function
      at Context.<anonymous> (test/archive/Finance.complete.test.js:390:34)
      at processImmediate (node:internal/timers:485:21)

  49) Finance Complete Coverage
       EcoTreasuryVault Validation Branch Exhaustive
         should cover all deposit amount validation branches:
     TypeError: vault.TEST_if_deposit_zeroAmount is not a function
      at Context.<anonymous> (test/archive/Finance.complete.test.js:398:21)
      at processImmediate (node:internal/timers:485:21)

  50) Finance Complete Coverage
       EcoTreasuryVault Validation Branch Exhaustive
         should cover all send validation branches:
     TypeError: vault.TEST_if_send_zeroToOrAmt is not a function
      at Context.<anonymous> (test/archive/Finance.complete.test.js:408:23)
      at processImmediate (node:internal/timers:485:21)

  51) Finance Complete Coverage
       EcoTreasuryVault Validation Branch Exhaustive
         should cover all token validation branches:
     TypeError: vault.TEST_if_token_not_ok is not a function
      at Context.<anonymous> (test/archive/Finance.complete.test.js:415:19)
      at processImmediate (node:internal/timers:485:21)

  52) Finance Complete Coverage
       EcoTreasuryVault Validation Branch Exhaustive
         should cover all token address zero branches:
     TypeError: vault.TEST_if_token_addr_zero is not a function
      at Context.<anonymous> (test/archive/Finance.complete.test.js:424:19)
      at processImmediate (node:internal/timers:485:21)

  53) Finance Complete Coverage
       EcoTreasuryVault Module and DAO Exhaustive
         should cover eval_onlyDAO for all states:
     TypeError: vault.TEST_eval_onlyDAO is not a function
      at Context.<anonymous> (test/archive/Finance.complete.test.js:433:19)
      at processImmediate (node:internal/timers:485:21)

  54) Finance Complete Coverage
       EcoTreasuryVault Module and DAO Exhaustive
         should cover hasModules check:
     TypeError: vault.TEST_eval_hasModules is not a function
      at Context.<anonymous> (test/archive/Finance.complete.test.js:448:19)
      at processImmediate (node:internal/timers:485:21)

  55) Finance Complete Coverage
       EcoTreasuryVault Module and DAO Exhaustive
         should cover log_hasLedger for all states:
     TypeError: vault.TEST_log_hasLedger is not a function
      at Context.<anonymous> (test/archive/Finance.complete.test.js:459:19)
      at processImmediate (node:internal/timers:485:21)

  56) GovernanceHooks
       Deployment
         should emit ModulesSet on deployment:
     InvalidArgumentsError: invalid type: null, expected 32 bytes, represented as a hex string of length 64, an array of u8, or raw bytes at line 1 column 52
      at EdrProviderWrapper.request (/workspaces/Vfide/node_modules/hardhat/src/internal/hardhat-network/provider/provider.ts:441:19)
      at HardhatEthersProvider.getTransactionReceipt (/workspaces/Vfide/node_modules/@nomicfoundation/hardhat-ethers/src/internal/hardhat-ethers-provider.ts:334:21)
      at Context.<anonymous> (/workspaces/Vfide/test/archive/GovernanceHooks.test.js:35:7)

  57) GovernanceHooks
       Edge Cases
         should allow module updates mid-flow:
     Error: Transaction reverted without a reason string
    at GovernanceHooks.onVoteCast (contracts-min/GovernanceHooks.sol:20)
    at GovernanceHooks.onVoteCast (contracts-min/GovernanceHooks.sol:21)
    at EdrProviderWrapper.request (node_modules/hardhat/src/internal/hardhat-network/provider/provider.ts:434:41)
    at HardhatEthersSigner.sendTransaction (node_modules/@nomicfoundation/hardhat-ethers/src/signers.ts:181:18)
    at send (node_modules/ethers/src.ts/contract/contract.ts:313:20)
    at Proxy.onVoteCast (node_modules/ethers/src.ts/contract/contract.ts:352:16)
    at Context.<anonymous> (test/archive/GovernanceHooks.test.js:263:7)
  

  58) Interface Compliance Tests
       IVFIDEToken Interface
         Should implement all IVFIDEToken interface functions:
     Error: incorrect number of arguments to constructor
      at ContractFactory.getDeployTransaction (node_modules/ethers/src.ts/contract/factory.ts:87:19)
      at ContractFactory.deploy (node_modules/ethers/src.ts/contract/factory.ts:105:31)
      at Context.<anonymous> (test/archive/Interfaces.test.js:14:33)

  59) Interface Compliance Tests
       IDAO Interface
         Should verify DAO interface structure:
     HardhatError: HH700: Artifact for contract "contracts-min/mocks/MockDAO.sol:MockDAO" not found. 
      at Artifacts._handleWrongArtifactForFullyQualifiedName (/workspaces/Vfide/node_modules/hardhat/src/internal/artifacts.ts:697:11)
      at Artifacts._getValidArtifactPathFromFullyQualifiedName (/workspaces/Vfide/node_modules/hardhat/src/internal/artifacts.ts:646:21)
      at Artifacts._getArtifactPath (/workspaces/Vfide/node_modules/hardhat/src/internal/artifacts.ts:513:16)
      at Artifacts.readArtifact (/workspaces/Vfide/node_modules/hardhat/src/internal/artifacts.ts:71:26)
      at getContractFactory (/workspaces/Vfide/node_modules/@nomicfoundation/hardhat-ethers/src/internal/helpers.ts:120:22)
      at Context.<anonymous> (/workspaces/Vfide/test/archive/Interfaces.test.js:29:23)

  60) Interface Compliance Tests
       ISeer Interface
         Should verify Seer reputation interface:
     HardhatError: HH700: Artifact for contract "contracts-min/mocks/MockSeer.sol:MockSeer" not found. 
      at Artifacts._handleWrongArtifactForFullyQualifiedName (/workspaces/Vfide/node_modules/hardhat/src/internal/artifacts.ts:697:11)
      at Artifacts._getValidArtifactPathFromFullyQualifiedName (/workspaces/Vfide/node_modules/hardhat/src/internal/artifacts.ts:646:21)
      at Artifacts._getArtifactPath (/workspaces/Vfide/node_modules/hardhat/src/internal/artifacts.ts:513:16)
      at Artifacts.readArtifact (/workspaces/Vfide/node_modules/hardhat/src/internal/artifacts.ts:71:26)
      at getContractFactory (/workspaces/Vfide/node_modules/@nomicfoundation/hardhat-ethers/src/internal/helpers.ts:120:22)
      at Context.<anonymous> (/workspaces/Vfide/test/archive/Interfaces.test.js:41:24)

  61) Interface Compliance Tests
       IProofLedger Interface
         Should verify ProofLedger interface functions:
     HardhatError: HH700: Artifact for contract "contracts-min/mocks/MockProofLedger.sol:MockProofLedger" not found. 
      at Artifacts._handleWrongArtifactForFullyQualifiedName (/workspaces/Vfide/node_modules/hardhat/src/internal/artifacts.ts:697:11)
      at Artifacts._getValidArtifactPathFromFullyQualifiedName (/workspaces/Vfide/node_modules/hardhat/src/internal/artifacts.ts:646:21)
      at Artifacts._getArtifactPath (/workspaces/Vfide/node_modules/hardhat/src/internal/artifacts.ts:513:16)
      at Artifacts.readArtifact (/workspaces/Vfide/node_modules/hardhat/src/internal/artifacts.ts:71:26)
      at getContractFactory (/workspaces/Vfide/node_modules/@nomicfoundation/hardhat-ethers/src/internal/helpers.ts:120:22)
      at Context.<anonymous> (/workspaces/Vfide/test/archive/Interfaces.test.js:53:26)

  62) Interface Compliance Tests
       IVaultHub Interface
         Should verify VaultHub interface compliance:
     HardhatError: HH700: Artifact for contract "contracts-min/mocks/MockVaultHub.sol:MockVaultHub" not found. 
      at Artifacts._handleWrongArtifactForFullyQualifiedName (/workspaces/Vfide/node_modules/hardhat/src/internal/artifacts.ts:697:11)
      at Artifacts._getValidArtifactPathFromFullyQualifiedName (/workspaces/Vfide/node_modules/hardhat/src/internal/artifacts.ts:646:21)
      at Artifacts._getArtifactPath (/workspaces/Vfide/node_modules/hardhat/src/internal/artifacts.ts:513:16)
      at Artifacts.readArtifact (/workspaces/Vfide/node_modules/hardhat/src/internal/artifacts.ts:71:26)
      at getContractFactory (/workspaces/Vfide/node_modules/@nomicfoundation/hardhat-ethers/src/internal/helpers.ts:120:22)
      at Context.<anonymous> (/workspaces/Vfide/test/archive/Interfaces.test.js:64:28)

  63) Interface Compliance Tests
       ISecurityHub Interface
         Should verify SecurityHub emergency interface:
     HardhatError: HH700: Artifact for contract "contracts-min/mocks/MockSecurityHub.sol:MockSecurityHub" not found. 
      at Artifacts._handleWrongArtifactForFullyQualifiedName (/workspaces/Vfide/node_modules/hardhat/src/internal/artifacts.ts:697:11)
      at Artifacts._getValidArtifactPathFromFullyQualifiedName (/workspaces/Vfide/node_modules/hardhat/src/internal/artifacts.ts:646:21)
      at Artifacts._getArtifactPath (/workspaces/Vfide/node_modules/hardhat/src/internal/artifacts.ts:513:16)
      at Artifacts.readArtifact (/workspaces/Vfide/node_modules/hardhat/src/internal/artifacts.ts:71:26)
      at getContractFactory (/workspaces/Vfide/node_modules/@nomicfoundation/hardhat-ethers/src/internal/helpers.ts:120:22)
      at Context.<anonymous> (/workspaces/Vfide/test/archive/Interfaces.test.js:74:31)

  64) Interface Compliance Tests
       ICouncilElection Interface
         Should verify CouncilElection interface functions:
     HardhatError: HH700: Artifact for contract "contracts-min/mocks/MockCouncilElection.sol:MockCouncilElection" not found. 
      at Artifacts._handleWrongArtifactForFullyQualifiedName (/workspaces/Vfide/node_modules/hardhat/src/internal/artifacts.ts:697:11)
      at Artifacts._getValidArtifactPathFromFullyQualifiedName (/workspaces/Vfide/node_modules/hardhat/src/internal/artifacts.ts:646:21)
      at Artifacts._getArtifactPath (/workspaces/Vfide/node_modules/hardhat/src/internal/artifacts.ts:513:16)
      at Artifacts.readArtifact (/workspaces/Vfide/node_modules/hardhat/src/internal/artifacts.ts:71:26)
      at getContractFactory (/workspaces/Vfide/node_modules/@nomicfoundation/hardhat-ethers/src/internal/helpers.ts:120:22)
      at Context.<anonymous> (/workspaces/Vfide/test/archive/Interfaces.test.js:85:27)

  65) Interface Compliance Tests
       IEmergencyControl Interface
         Should verify EmergencyControl interface:
     HardhatError: HH700: Artifact for contract "contracts-min/mocks/MockEmergencyControl.sol:MockEmergencyControl" not found. 
      at Artifacts._handleWrongArtifactForFullyQualifiedName (/workspaces/Vfide/node_modules/hardhat/src/internal/artifacts.ts:697:11)
      at Artifacts._getValidArtifactPathFromFullyQualifiedName (/workspaces/Vfide/node_modules/hardhat/src/internal/artifacts.ts:646:21)
      at Artifacts._getArtifactPath (/workspaces/Vfide/node_modules/hardhat/src/internal/artifacts.ts:513:16)
      at Artifacts.readArtifact (/workspaces/Vfide/node_modules/hardhat/src/internal/artifacts.ts:71:26)
      at getContractFactory (/workspaces/Vfide/node_modules/@nomicfoundation/hardhat-ethers/src/internal/helpers.ts:120:22)
      at Context.<anonymous> (/workspaces/Vfide/test/archive/Interfaces.test.js:97:29)

  66) Interface Compliance Tests
       IDAOTimelock Interface
         Should verify Timelock interface compliance:
     HardhatError: HH700: Artifact for contract "contracts-min/mocks/MockDAOTimelock.sol:MockDAOTimelock" not found. 
      at Artifacts._handleWrongArtifactForFullyQualifiedName (/workspaces/Vfide/node_modules/hardhat/src/internal/artifacts.ts:697:11)
      at Artifacts._getValidArtifactPathFromFullyQualifiedName (/workspaces/Vfide/node_modules/hardhat/src/internal/artifacts.ts:646:21)
      at Artifacts._getArtifactPath (/workspaces/Vfide/node_modules/hardhat/src/internal/artifacts.ts:513:16)
      at Artifacts.readArtifact (/workspaces/Vfide/node_modules/hardhat/src/internal/artifacts.ts:71:26)
      at getContractFactory (/workspaces/Vfide/node_modules/@nomicfoundation/hardhat-ethers/src/internal/helpers.ts:120:22)
      at Context.<anonymous> (/workspaces/Vfide/test/archive/Interfaces.test.js:109:28)

  67) Interface Compliance Tests
       ICommerceEscrow Interface
         Should verify Commerce escrow interface:
     HardhatError: HH700: Artifact for contract "contracts-min/mocks/MockCommerce.sol:MockCommerce" not found. 
      at Artifacts._handleWrongArtifactForFullyQualifiedName (/workspaces/Vfide/node_modules/hardhat/src/internal/artifacts.ts:697:11)
      at Artifacts._getValidArtifactPathFromFullyQualifiedName (/workspaces/Vfide/node_modules/hardhat/src/internal/artifacts.ts:646:21)
      at Artifacts._getArtifactPath (/workspaces/Vfide/node_modules/hardhat/src/internal/artifacts.ts:513:16)
      at Artifacts.readArtifact (/workspaces/Vfide/node_modules/hardhat/src/internal/artifacts.ts:71:26)
      at getContractFactory (/workspaces/Vfide/node_modules/@nomicfoundation/hardhat-ethers/src/internal/helpers.ts:120:22)
      at Context.<anonymous> (/workspaces/Vfide/test/archive/Interfaces.test.js:121:28)

  68) Interface Compliance Tests
       IMerchantRegistry Interface
         Should verify MerchantRegistry interface:
     HardhatError: HH700: Artifact for contract "contracts-min/mocks/MockCommerce.sol:MockCommerce" not found. 
      at Artifacts._handleWrongArtifactForFullyQualifiedName (/workspaces/Vfide/node_modules/hardhat/src/internal/artifacts.ts:697:11)
      at Artifacts._getValidArtifactPathFromFullyQualifiedName (/workspaces/Vfide/node_modules/hardhat/src/internal/artifacts.ts:646:21)
      at Artifacts._getArtifactPath (/workspaces/Vfide/node_modules/hardhat/src/internal/artifacts.ts:513:16)
      at Artifacts.readArtifact (/workspaces/Vfide/node_modules/hardhat/src/internal/artifacts.ts:71:26)
      at getContractFactory (/workspaces/Vfide/node_modules/@nomicfoundation/hardhat-ethers/src/internal/helpers.ts:120:22)
      at Context.<anonymous> (/workspaces/Vfide/test/archive/Interfaces.test.js:132:28)

  69) Interface Compliance Tests
       IReviewRegistry Interface
         Should verify ReviewRegistry interface compliance:
     HardhatError: HH700: Artifact for contract "contracts-min/mocks/MockCommerce.sol:MockCommerce" not found. 
      at Artifacts._handleWrongArtifactForFullyQualifiedName (/workspaces/Vfide/node_modules/hardhat/src/internal/artifacts.ts:697:11)
      at Artifacts._getValidArtifactPathFromFullyQualifiedName (/workspaces/Vfide/node_modules/hardhat/src/internal/artifacts.ts:646:21)
      at Artifacts._getArtifactPath (/workspaces/Vfide/node_modules/hardhat/src/internal/artifacts.ts:513:16)
      at Artifacts.readArtifact (/workspaces/Vfide/node_modules/hardhat/src/internal/artifacts.ts:71:26)
      at getContractFactory (/workspaces/Vfide/node_modules/@nomicfoundation/hardhat-ethers/src/internal/helpers.ts:120:22)
      at Context.<anonymous> (/workspaces/Vfide/test/archive/Interfaces.test.js:143:28)

  70) Interface Compliance Tests
       IGovernanceHooks Interface
         Should verify GovernanceHooks callback interface:
     HardhatError: HH700: Artifact for contract "contracts-min/mocks/MockGovernanceHooks.sol:MockGovernanceHooks" not found. 
      at Artifacts._handleWrongArtifactForFullyQualifiedName (/workspaces/Vfide/node_modules/hardhat/src/internal/artifacts.ts:697:11)
      at Artifacts._getValidArtifactPathFromFullyQualifiedName (/workspaces/Vfide/node_modules/hardhat/src/internal/artifacts.ts:646:21)
      at Artifacts._getArtifactPath (/workspaces/Vfide/node_modules/hardhat/src/internal/artifacts.ts:513:16)
      at Artifacts.readArtifact (/workspaces/Vfide/node_modules/hardhat/src/internal/artifacts.ts:71:26)
      at getContractFactory (/workspaces/Vfide/node_modules/@nomicfoundation/hardhat-ethers/src/internal/helpers.ts:120:22)
      at Context.<anonymous> (/workspaces/Vfide/test/archive/Interfaces.test.js:152:25)

  71) Interface Compliance Tests
       IProofScoreBurnRouter Interface
         Should verify ProofScoreBurnRouter interface:
     HardhatError: HH700: Artifact for contract "contracts-min/mocks/MockProofScoreBurnRouter.sol:MockProofScoreBurnRouter" not found. 
      at Artifacts._handleWrongArtifactForFullyQualifiedName (/workspaces/Vfide/node_modules/hardhat/src/internal/artifacts.ts:697:11)
      at Artifacts._getValidArtifactPathFromFullyQualifiedName (/workspaces/Vfide/node_modules/hardhat/src/internal/artifacts.ts:646:21)
      at Artifacts._getArtifactPath (/workspaces/Vfide/node_modules/hardhat/src/internal/artifacts.ts:513:16)
      at Artifacts.readArtifact (/workspaces/Vfide/node_modules/hardhat/src/internal/artifacts.ts:71:26)
      at getContractFactory (/workspaces/Vfide/node_modules/@nomicfoundation/hardhat-ethers/src/internal/helpers.ts:120:22)
      at Context.<anonymous> (/workspaces/Vfide/test/archive/Interfaces.test.js:163:26)

  72) Interface Compliance Tests
       ISystemHandover Interface
         Should verify SystemHandover interface functions:
     HardhatError: HH700: Artifact for contract "contracts-min/mocks/MockSystemHandover.sol:MockSystemHandover" not found. 
      at Artifacts._handleWrongArtifactForFullyQualifiedName (/workspaces/Vfide/node_modules/hardhat/src/internal/artifacts.ts:697:11)
      at Artifacts._getValidArtifactPathFromFullyQualifiedName (/workspaces/Vfide/node_modules/hardhat/src/internal/artifacts.ts:646:21)
      at Artifacts._getArtifactPath (/workspaces/Vfide/node_modules/hardhat/src/internal/artifacts.ts:513:16)
      at Artifacts.readArtifact (/workspaces/Vfide/node_modules/hardhat/src/internal/artifacts.ts:71:26)
      at getContractFactory (/workspaces/Vfide/node_modules/@nomicfoundation/hardhat-ethers/src/internal/helpers.ts:120:22)
      at Context.<anonymous> (/workspaces/Vfide/test/archive/Interfaces.test.js:172:28)

  73) Interface Compliance Tests
       IVFIDEPresale Interface
         Should verify Presale interface compliance:
     HardhatError: HH700: Artifact for contract "contracts-min/mocks/MockPresale.sol:MockPresale" not found. 
      at Artifacts._handleWrongArtifactForFullyQualifiedName (/workspaces/Vfide/node_modules/hardhat/src/internal/artifacts.ts:697:11)
      at Artifacts._getValidArtifactPathFromFullyQualifiedName (/workspaces/Vfide/node_modules/hardhat/src/internal/artifacts.ts:646:21)
      at Artifacts._getArtifactPath (/workspaces/Vfide/node_modules/hardhat/src/internal/artifacts.ts:513:16)
      at Artifacts.readArtifact (/workspaces/Vfide/node_modules/hardhat/src/internal/artifacts.ts:71:26)
      at getContractFactory (/workspaces/Vfide/node_modules/@nomicfoundation/hardhat-ethers/src/internal/helpers.ts:120:22)
      at Context.<anonymous> (/workspaces/Vfide/test/archive/Interfaces.test.js:183:27)

  74) Interface Compliance Tests
       IUserVault Interface
         Should verify UserVault interface functions:
     HardhatError: HH700: Artifact for contract "contracts-min/mocks/MockUserVault.sol:MockUserVault" not found. 
      at Artifacts._handleWrongArtifactForFullyQualifiedName (/workspaces/Vfide/node_modules/hardhat/src/internal/artifacts.ts:697:11)
      at Artifacts._getValidArtifactPathFromFullyQualifiedName (/workspaces/Vfide/node_modules/hardhat/src/internal/artifacts.ts:646:21)
      at Artifacts._getArtifactPath (/workspaces/Vfide/node_modules/hardhat/src/internal/artifacts.ts:513:16)
      at Artifacts.readArtifact (/workspaces/Vfide/node_modules/hardhat/src/internal/artifacts.ts:71:26)
      at getContractFactory (/workspaces/Vfide/node_modules/@nomicfoundation/hardhat-ethers/src/internal/helpers.ts:120:22)
      at Context.<anonymous> (/workspaces/Vfide/test/archive/Interfaces.test.js:194:25)

  75) Interface Compliance Tests
       IVaultFactory Interface
         Should verify VaultFactory creation interface:
     HardhatError: HH700: Artifact for contract "contracts-min/mocks/MockVaultFactory.sol:MockVaultFactory" not found. 
      at Artifacts._handleWrongArtifactForFullyQualifiedName (/workspaces/Vfide/node_modules/hardhat/src/internal/artifacts.ts:697:11)
      at Artifacts._getValidArtifactPathFromFullyQualifiedName (/workspaces/Vfide/node_modules/hardhat/src/internal/artifacts.ts:646:21)
      at Artifacts._getArtifactPath (/workspaces/Vfide/node_modules/hardhat/src/internal/artifacts.ts:513:16)
      at Artifacts.readArtifact (/workspaces/Vfide/node_modules/hardhat/src/internal/artifacts.ts:71:26)
      at getContractFactory (/workspaces/Vfide/node_modules/@nomicfoundation/hardhat-ethers/src/internal/helpers.ts:120:22)
      at Context.<anonymous> (/workspaces/Vfide/test/archive/Interfaces.test.js:205:27)

  76) Interface Compliance Tests
       IStablecoinRegistry Interface
         Should verify StablecoinRegistry interface:
     HardhatError: HH700: Artifact for contract "contracts-min/mocks/MockStablecoinRegistry.sol:MockStablecoinRegistry" not found. 
      at Artifacts._handleWrongArtifactForFullyQualifiedName (/workspaces/Vfide/node_modules/hardhat/src/internal/artifacts.ts:697:11)
      at Artifacts._getValidArtifactPathFromFullyQualifiedName (/workspaces/Vfide/node_modules/hardhat/src/internal/artifacts.ts:646:21)
      at Artifacts._getArtifactPath (/workspaces/Vfide/node_modules/hardhat/src/internal/artifacts.ts:513:16)
      at Artifacts.readArtifact (/workspaces/Vfide/node_modules/hardhat/src/internal/artifacts.ts:71:26)
      at getContractFactory (/workspaces/Vfide/node_modules/@nomicfoundation/hardhat-ethers/src/internal/helpers.ts:120:22)
      at Context.<anonymous> (/workspaces/Vfide/test/archive/Interfaces.test.js:214:28)

  77) Interface Compliance Tests
       IDevReserveVestingVault Interface
         Should verify DevReserveVestingVault interface:
     HardhatError: HH700: Artifact for contract "contracts-min/mocks/MockDevReserveVestingVault.sol:MockDevReserveVestingVault" not found. 
      at Artifacts._handleWrongArtifactForFullyQualifiedName (/workspaces/Vfide/node_modules/hardhat/src/internal/artifacts.ts:697:11)
      at Artifacts._getValidArtifactPathFromFullyQualifiedName (/workspaces/Vfide/node_modules/hardhat/src/internal/artifacts.ts:646:21)
      at Artifacts._getArtifactPath (/workspaces/Vfide/node_modules/hardhat/src/internal/artifacts.ts:513:16)
      at Artifacts.readArtifact (/workspaces/Vfide/node_modules/hardhat/src/internal/artifacts.ts:71:26)
      at getContractFactory (/workspaces/Vfide/node_modules/@nomicfoundation/hardhat-ethers/src/internal/helpers.ts:120:22)
      at Context.<anonymous> (/workspaces/Vfide/test/archive/Interfaces.test.js:225:27)

  78) Interface Compliance Tests
       IEcoTreasuryVault Interface
         Should verify EcoTreasuryVault interface compliance:
     HardhatError: HH700: Artifact for contract "contracts-min/mocks/MockEcoTreasuryVault.sol:MockEcoTreasuryVault" not found. 
      at Artifacts._handleWrongArtifactForFullyQualifiedName (/workspaces/Vfide/node_modules/hardhat/src/internal/artifacts.ts:697:11)
      at Artifacts._getValidArtifactPathFromFullyQualifiedName (/workspaces/Vfide/node_modules/hardhat/src/internal/artifacts.ts:646:21)
      at Artifacts._getArtifactPath (/workspaces/Vfide/node_modules/hardhat/src/internal/artifacts.ts:513:16)
      at Artifacts.readArtifact (/workspaces/Vfide/node_modules/hardhat/src/internal/artifacts.ts:71:26)
      at getContractFactory (/workspaces/Vfide/node_modules/@nomicfoundation/hardhat-ethers/src/internal/helpers.ts:120:22)
      at Context.<anonymous> (/workspaces/Vfide/test/archive/Interfaces.test.js:235:28)

  79) Interface Compliance Tests
       ISanctumFund Interface
         Should verify SanctumFund interface functions:
     HardhatError: HH700: Artifact for contract "contracts-min/mocks/MockSanctumFund.sol:MockSanctumFund" not found. 
      at Artifacts._handleWrongArtifactForFullyQualifiedName (/workspaces/Vfide/node_modules/hardhat/src/internal/artifacts.ts:697:11)
      at Artifacts._getValidArtifactPathFromFullyQualifiedName (/workspaces/Vfide/node_modules/hardhat/src/internal/artifacts.ts:646:21)
      at Artifacts._getArtifactPath (/workspaces/Vfide/node_modules/hardhat/src/internal/artifacts.ts:513:16)
      at Artifacts.readArtifact (/workspaces/Vfide/node_modules/hardhat/src/internal/artifacts.ts:71:26)
      at getContractFactory (/workspaces/Vfide/node_modules/@nomicfoundation/hardhat-ethers/src/internal/helpers.ts:120:22)
      at Context.<anonymous> (/workspaces/Vfide/test/archive/Interfaces.test.js:245:27)

  80) Interface Compliance Tests
       IGuardianLock Interface
         Should verify GuardianLock security interface:
     HardhatError: HH700: Artifact for contract "contracts-min/mocks/MockGuardianLock.sol:MockGuardianLock" not found. 
      at Artifacts._handleWrongArtifactForFullyQualifiedName (/workspaces/Vfide/node_modules/hardhat/src/internal/artifacts.ts:697:11)
      at Artifacts._getValidArtifactPathFromFullyQualifiedName (/workspaces/Vfide/node_modules/hardhat/src/internal/artifacts.ts:646:21)
      at Artifacts._getArtifactPath (/workspaces/Vfide/node_modules/hardhat/src/internal/artifacts.ts:513:16)
      at Artifacts.readArtifact (/workspaces/Vfide/node_modules/hardhat/src/internal/artifacts.ts:71:26)
      at getContractFactory (/workspaces/Vfide/node_modules/@nomicfoundation/hardhat-ethers/src/internal/helpers.ts:120:22)
      at Context.<anonymous> (/workspaces/Vfide/test/archive/Interfaces.test.js:255:28)

  81) Interface Compliance Tests
       IGuardianRegistry Interface
         Should verify GuardianRegistry interface:
     HardhatError: HH700: Artifact for contract "contracts-min/mocks/MockGuardianRegistry.sol:MockGuardianRegistry" not found. 
      at Artifacts._handleWrongArtifactForFullyQualifiedName (/workspaces/Vfide/node_modules/hardhat/src/internal/artifacts.ts:697:11)
      at Artifacts._getValidArtifactPathFromFullyQualifiedName (/workspaces/Vfide/node_modules/hardhat/src/internal/artifacts.ts:646:21)
      at Artifacts._getArtifactPath (/workspaces/Vfide/node_modules/hardhat/src/internal/artifacts.ts:513:16)
      at Artifacts.readArtifact (/workspaces/Vfide/node_modules/hardhat/src/internal/artifacts.ts:71:26)
      at getContractFactory (/workspaces/Vfide/node_modules/@nomicfoundation/hardhat-ethers/src/internal/helpers.ts:120:22)
      at Context.<anonymous> (/workspaces/Vfide/test/archive/Interfaces.test.js:266:28)

  82) Interface Compliance Tests
       IPanicGuard Interface
         Should verify PanicGuard emergency interface:
     HardhatError: HH700: Artifact for contract "contracts-min/mocks/MockPanicGuard.sol:MockPanicGuard" not found. 
      at Artifacts._handleWrongArtifactForFullyQualifiedName (/workspaces/Vfide/node_modules/hardhat/src/internal/artifacts.ts:697:11)
      at Artifacts._getValidArtifactPathFromFullyQualifiedName (/workspaces/Vfide/node_modules/hardhat/src/internal/artifacts.ts:646:21)
      at Artifacts._getArtifactPath (/workspaces/Vfide/node_modules/hardhat/src/internal/artifacts.ts:513:16)
      at Artifacts.readArtifact (/workspaces/Vfide/node_modules/hardhat/src/internal/artifacts.ts:71:26)
      at getContractFactory (/workspaces/Vfide/node_modules/@nomicfoundation/hardhat-ethers/src/internal/helpers.ts:120:22)
      at Context.<anonymous> (/workspaces/Vfide/test/archive/Interfaces.test.js:277:25)

  83) Interface Compliance Tests
       IEmergencyBreaker Interface
         Should verify EmergencyBreaker circuit breaker interface:
     HardhatError: HH700: Artifact for contract "contracts-min/mocks/MockSecurityHub.sol:MockSecurityHub" not found. 
      at Artifacts._handleWrongArtifactForFullyQualifiedName (/workspaces/Vfide/node_modules/hardhat/src/internal/artifacts.ts:697:11)
      at Artifacts._getValidArtifactPathFromFullyQualifiedName (/workspaces/Vfide/node_modules/hardhat/src/internal/artifacts.ts:646:21)
      at Artifacts._getArtifactPath (/workspaces/Vfide/node_modules/hardhat/src/internal/artifacts.ts:513:16)
      at Artifacts.readArtifact (/workspaces/Vfide/node_modules/hardhat/src/internal/artifacts.ts:71:26)
      at getContractFactory (/workspaces/Vfide/node_modules/@nomicfoundation/hardhat-ethers/src/internal/helpers.ts:120:22)
      at Context.<anonymous> (/workspaces/Vfide/test/archive/Interfaces.test.js:287:27)

  84) Interface Compliance Tests
       IERC20Minimal Interface
         Should verify ERC20 minimal interface compliance:
     Error: incorrect number of arguments to constructor
      at ContractFactory.getDeployTransaction (node_modules/ethers/src.ts/contract/factory.ts:87:19)
      at ContractFactory.deploy (node_modules/ethers/src.ts/contract/factory.ts:105:31)
      at Context.<anonymous> (test/archive/Interfaces.test.js:299:33)

  85) Interface Compliance Tests
       Cross-Interface Integration
         Should verify interfaces work together:
     Error: incorrect number of arguments to constructor
      at ContractFactory.getDeployTransaction (node_modules/ethers/src.ts/contract/factory.ts:87:19)
      at ContractFactory.deploy (node_modules/ethers/src.ts/contract/factory.ts:105:31)
      at Context.<anonymous> (test/archive/Interfaces.test.js:315:33)

  86) Interface Compliance Tests
       Cross-Interface Integration
         Should verify DAO and Timelock interface integration:
     HardhatError: HH700: Artifact for contract "contracts-min/mocks/MockDAO.sol:MockDAO" not found. 
      at Artifacts._handleWrongArtifactForFullyQualifiedName (/workspaces/Vfide/node_modules/hardhat/src/internal/artifacts.ts:697:11)
      at Artifacts._getValidArtifactPathFromFullyQualifiedName (/workspaces/Vfide/node_modules/hardhat/src/internal/artifacts.ts:646:21)
      at Artifacts._getArtifactPath (/workspaces/Vfide/node_modules/hardhat/src/internal/artifacts.ts:513:16)
      at Artifacts.readArtifact (/workspaces/Vfide/node_modules/hardhat/src/internal/artifacts.ts:71:26)
      at getContractFactory (/workspaces/Vfide/node_modules/@nomicfoundation/hardhat-ethers/src/internal/helpers.ts:120:22)
      at Context.<anonymous> (/workspaces/Vfide/test/archive/Interfaces.test.js:327:23)

  87) Interface Compliance Tests
       Cross-Interface Integration
         Should verify Seer and Ledger interface integration:
     HardhatError: HH700: Artifact for contract "contracts-min/mocks/MockSeer.sol:MockSeer" not found. 
      at Artifacts._handleWrongArtifactForFullyQualifiedName (/workspaces/Vfide/node_modules/hardhat/src/internal/artifacts.ts:697:11)
      at Artifacts._getValidArtifactPathFromFullyQualifiedName (/workspaces/Vfide/node_modules/hardhat/src/internal/artifacts.ts:646:21)
      at Artifacts._getArtifactPath (/workspaces/Vfide/node_modules/hardhat/src/internal/artifacts.ts:513:16)
      at Artifacts.readArtifact (/workspaces/Vfide/node_modules/hardhat/src/internal/artifacts.ts:71:26)
      at getContractFactory (/workspaces/Vfide/node_modules/@nomicfoundation/hardhat-ethers/src/internal/helpers.ts:120:22)
      at Context.<anonymous> (/workspaces/Vfide/test/archive/Interfaces.test.js:340:24)

  88) MerchantPortal
       "before each" hook for "Should register a merchant successfully":
     HardhatError: HH700: Artifact for contract "MerchantPortal" not found. 
      at Artifacts._handleWrongArtifactForContractName (/workspaces/Vfide/node_modules/hardhat/src/internal/artifacts.ts:721:11)
      at Artifacts._getArtifactPathFromFiles (/workspaces/Vfide/node_modules/hardhat/src/internal/artifacts.ts:852:19)
      at Artifacts._getArtifactPath (/workspaces/Vfide/node_modules/hardhat/src/internal/artifacts.ts:516:21)
      at Artifacts.readArtifact (/workspaces/Vfide/node_modules/hardhat/src/internal/artifacts.ts:71:26)
      at getContractFactory (/workspaces/Vfide/node_modules/@nomicfoundation/hardhat-ethers/src/internal/helpers.ts:120:22)
      at Context.<anonymous> (/workspaces/Vfide/test/archive/MerchantPortal.test.js:28:28)

  89) ProofScoreBurnRouter
       Deployment
         should emit ModulesSet on deployment:
     InvalidArgumentsError: invalid type: null, expected 32 bytes, represented as a hex string of length 64, an array of u8, or raw bytes at line 1 column 52
      at EdrProviderWrapper.request (/workspaces/Vfide/node_modules/hardhat/src/internal/hardhat-network/provider/provider.ts:441:19)
      at HardhatEthersProvider.getTransactionReceipt (/workspaces/Vfide/node_modules/@nomicfoundation/hardhat-ethers/src/internal/hardhat-ethers-provider.ts:334:21)
      at Context.<anonymous> (/workspaces/Vfide/test/archive/ProofScoreBurnRouter.test.js:67:7)

  90) ProofScoreBurnRouter
       route - Burn Rate Calculation
         should apply linear interpolation for score 500:
     Error: VM Exception while processing transaction: reverted with panic code 0x11 (Arithmetic operation overflowed outside of an unchecked block)
    at ProofScoreBurnRouter._calcBurnRate (contracts-min/ProofScoreBurnRouter.sol:68)
    at ProofScoreBurnRouter.route (contracts-min/ProofScoreBurnRouter.sol:49)
    at EdrProviderWrapper.request (node_modules/hardhat/src/internal/hardhat-network/provider/provider.ts:434:41)
    at HardhatEthersSigner.sendTransaction (node_modules/@nomicfoundation/hardhat-ethers/src/signers.ts:181:18)
    at send (node_modules/ethers/src.ts/contract/contract.ts:313:20)
    at Proxy.route (node_modules/ethers/src.ts/contract/contract.ts:352:16)
    at Context.<anonymous> (test/archive/ProofScoreBurnRouter.test.js:191:18)
  

  91) ProofScoreBurnRouter
       route - Amount Routing
         should route burn amount to treasury:
     Error: VM Exception while processing transaction: reverted with panic code 0x11 (Arithmetic operation overflowed outside of an unchecked block)
    at ProofScoreBurnRouter._calcBurnRate (contracts-min/ProofScoreBurnRouter.sol:68)
    at ProofScoreBurnRouter.route (contracts-min/ProofScoreBurnRouter.sol:49)
    at EdrProviderWrapper.request (node_modules/hardhat/src/internal/hardhat-network/provider/provider.ts:434:41)
    at HardhatEthersSigner.sendTransaction (node_modules/@nomicfoundation/hardhat-ethers/src/signers.ts:181:18)
    at send (node_modules/ethers/src.ts/contract/contract.ts:313:20)
    at Proxy.route (node_modules/ethers/src.ts/contract/contract.ts:352:16)
    at waitForPendingTransaction (node_modules/@nomicfoundation/hardhat-chai-matchers/src/internal/emit.ts:28:17)
    at Context.<anonymous> (test/archive/ProofScoreBurnRouter.test.js:250:7)
  

  92) ProofScoreBurnRouter
       route - Amount Routing
         should route sanctum amount to sanctum:
     Error: VM Exception while processing transaction: reverted with panic code 0x11 (Arithmetic operation overflowed outside of an unchecked block)
    at ProofScoreBurnRouter._calcBurnRate (contracts-min/ProofScoreBurnRouter.sol:68)
    at ProofScoreBurnRouter.route (contracts-min/ProofScoreBurnRouter.sol:49)
    at EdrProviderWrapper.request (node_modules/hardhat/src/internal/hardhat-network/provider/provider.ts:434:41)
    at HardhatEthersSigner.sendTransaction (node_modules/@nomicfoundation/hardhat-ethers/src/signers.ts:181:18)
    at send (node_modules/ethers/src.ts/contract/contract.ts:313:20)
    at Proxy.route (node_modules/ethers/src.ts/contract/contract.ts:352:16)
    at waitForPendingTransaction (node_modules/@nomicfoundation/hardhat-chai-matchers/src/internal/emit.ts:28:17)
    at Context.<anonymous> (test/archive/ProofScoreBurnRouter.test.js:258:7)
  

  93) ProofScoreBurnRouter
       route - Amount Routing
         should return total deducted amount:
     Error: VM Exception while processing transaction: reverted with panic code 0x11 (Arithmetic operation overflowed outside of an unchecked block)
    at ProofScoreBurnRouter._calcBurnRate (contracts-min/ProofScoreBurnRouter.sol:68)
    at ProofScoreBurnRouter.route (contracts-min/ProofScoreBurnRouter.sol:49)
    at EdrProviderWrapper.request (node_modules/hardhat/src/internal/hardhat-network/provider/provider.ts:434:41)
    at staticCallResult (node_modules/ethers/src.ts/contract/contract.ts:337:22)
    at AsyncFunction.staticCall (node_modules/ethers/src.ts/contract/contract.ts:303:24)
    at Context.<anonymous> (test/archive/ProofScoreBurnRouter.test.js:267:21)
  

  94) ProofScoreBurnRouter
       route - Amount Routing
         should handle zero amount:
     Error: VM Exception while processing transaction: reverted with panic code 0x11 (Arithmetic operation overflowed outside of an unchecked block)
    at ProofScoreBurnRouter._calcBurnRate (contracts-min/ProofScoreBurnRouter.sol:68)
    at ProofScoreBurnRouter.route (contracts-min/ProofScoreBurnRouter.sol:49)
    at EdrProviderWrapper.request (node_modules/hardhat/src/internal/hardhat-network/provider/provider.ts:434:41)
    at HardhatEthersSigner.sendTransaction (node_modules/@nomicfoundation/hardhat-ethers/src/signers.ts:181:18)
    at send (node_modules/ethers/src.ts/contract/contract.ts:313:20)
    at Proxy.route (node_modules/ethers/src.ts/contract/contract.ts:352:16)
    at Context.<anonymous> (test/archive/ProofScoreBurnRouter.test.js:274:18)
  

  95) ProofScoreBurnRouter
       route - Amount Routing
         should handle very large amounts:
     AssertionError: Expected transaction NOT to be reverted, but it reverted with panic code 0x11 (Arithmetic operation overflowed outside of an unchecked block)
      at Context.<anonymous> (test/archive/ProofScoreBurnRouter.test.js:283:7)

  96) ProofScoreBurnRouter
       route - Amount Routing
         should not call sanctum if sanctum amount is zero:
     Error: VM Exception while processing transaction: reverted with panic code 0x11 (Arithmetic operation overflowed outside of an unchecked block)
    at ProofScoreBurnRouter._calcBurnRate (contracts-min/ProofScoreBurnRouter.sol:68)
    at ProofScoreBurnRouter.route (contracts-min/ProofScoreBurnRouter.sol:49)
    at EdrProviderWrapper.request (node_modules/hardhat/src/internal/hardhat-network/provider/provider.ts:434:41)
    at HardhatEthersSigner.sendTransaction (node_modules/@nomicfoundation/hardhat-ethers/src/signers.ts:181:18)
    at send (node_modules/ethers/src.ts/contract/contract.ts:313:20)
    at Proxy.route (node_modules/ethers/src.ts/contract/contract.ts:352:16)
    at Context.<anonymous> (test/archive/ProofScoreBurnRouter.test.js:301:18)
  

  97) ProofScoreBurnRouter
       route - Events
         should emit RouteExecuted with correct parameters:
     Error: VM Exception while processing transaction: reverted with panic code 0x11 (Arithmetic operation overflowed outside of an unchecked block)
    at ProofScoreBurnRouter._calcBurnRate (contracts-min/ProofScoreBurnRouter.sol:68)
    at ProofScoreBurnRouter.route (contracts-min/ProofScoreBurnRouter.sol:49)
    at EdrProviderWrapper.request (node_modules/hardhat/src/internal/hardhat-network/provider/provider.ts:434:41)
    at HardhatEthersSigner.sendTransaction (node_modules/@nomicfoundation/hardhat-ethers/src/signers.ts:181:18)
    at send (node_modules/ethers/src.ts/contract/contract.ts:313:20)
    at Proxy.route (node_modules/ethers/src.ts/contract/contract.ts:352:16)
    at Context.<anonymous> (test/archive/ProofScoreBurnRouter.test.js:311:18)
  

  98) ProofScoreBurnRouter
       route - Events
         should emit both RouteExecuted and Adjusted:
     Error: VM Exception while processing transaction: reverted with panic code 0x11 (Arithmetic operation overflowed outside of an unchecked block)
    at ProofScoreBurnRouter._calcBurnRate (contracts-min/ProofScoreBurnRouter.sol:68)
    at ProofScoreBurnRouter.route (contracts-min/ProofScoreBurnRouter.sol:49)
    at EdrProviderWrapper.request (node_modules/hardhat/src/internal/hardhat-network/provider/provider.ts:434:41)
    at HardhatEthersSigner.sendTransaction (node_modules/@nomicfoundation/hardhat-ethers/src/signers.ts:181:18)
    at send (node_modules/ethers/src.ts/contract/contract.ts:313:20)
    at Proxy.route (node_modules/ethers/src.ts/contract/contract.ts:352:16)
    at Context.<anonymous> (test/archive/ProofScoreBurnRouter.test.js:353:18)
  

  99) ProofScoreBurnRouter
       adjustScore
         should emit Adjusted event:
     Error: VM Exception while processing transaction: reverted with panic code 0x11 (Arithmetic operation overflowed outside of an unchecked block)
    at ProofScoreBurnRouter._calcBurnRate (contracts-min/ProofScoreBurnRouter.sol:68)
    at ProofScoreBurnRouter.adjustScore (contracts-min/ProofScoreBurnRouter.sol:64)
    at EdrProviderWrapper.request (node_modules/hardhat/src/internal/hardhat-network/provider/provider.ts:434:41)
    at HardhatEthersSigner.sendTransaction (node_modules/@nomicfoundation/hardhat-ethers/src/signers.ts:181:18)
    at send (node_modules/ethers/src.ts/contract/contract.ts:313:20)
    at Proxy.adjustScore (node_modules/ethers/src.ts/contract/contract.ts:352:16)
    at waitForPendingTransaction (node_modules/@nomicfoundation/hardhat-chai-matchers/src/internal/emit.ts:28:17)
    at Context.<anonymous> (test/archive/ProofScoreBurnRouter.test.js:364:7)
  

  100) ProofScoreBurnRouter
       adjustScore
         should handle increase flag true:
     AssertionError: Expected transaction NOT to be reverted, but it reverted with panic code 0x11 (Arithmetic operation overflowed outside of an unchecked block)
      at Context.<anonymous> (test/archive/ProofScoreBurnRouter.test.js:404:7)

  101) ProofScoreBurnRouter
       adjustScore
         should handle increase flag false:
     AssertionError: Expected transaction NOT to be reverted, but it reverted with panic code 0x11 (Arithmetic operation overflowed outside of an unchecked block)
      at Context.<anonymous> (test/archive/ProofScoreBurnRouter.test.js:410:7)

  102) ProofScoreBurnRouter
       adjustScore
         should handle zero delta:
     AssertionError: Expected transaction NOT to be reverted, but it reverted with panic code 0x11 (Arithmetic operation overflowed outside of an unchecked block)
      at Context.<anonymous> (test/archive/ProofScoreBurnRouter.test.js:416:7)

  103) ProofScoreBurnRouter
       adjustScore
         should allow anyone to call adjustScore:
     AssertionError: Expected transaction NOT to be reverted, but it reverted with panic code 0x11 (Arithmetic operation overflowed outside of an unchecked block)
      at Context.<anonymous> (test/archive/ProofScoreBurnRouter.test.js:422:7)

  104) ProofScoreBurnRouter
       Edge Cases
         should handle multiple routes for same user:
     Error: VM Exception while processing transaction: reverted with panic code 0x11 (Arithmetic operation overflowed outside of an unchecked block)
    at ProofScoreBurnRouter._calcBurnRate (contracts-min/ProofScoreBurnRouter.sol:68)
    at ProofScoreBurnRouter.route (contracts-min/ProofScoreBurnRouter.sol:49)
    at EdrProviderWrapper.request (node_modules/hardhat/src/internal/hardhat-network/provider/provider.ts:434:41)
    at HardhatEthersSigner.sendTransaction (node_modules/@nomicfoundation/hardhat-ethers/src/signers.ts:181:18)
    at send (node_modules/ethers/src.ts/contract/contract.ts:313:20)
    at Proxy.route (node_modules/ethers/src.ts/contract/contract.ts:352:16)
    at Context.<anonymous> (test/archive/ProofScoreBurnRouter.test.js:431:7)
  

  105) ProofScoreBurnRouter
       Edge Cases
         should handle routes for different users:
     Error: VM Exception while processing transaction: reverted with panic code 0x11 (Arithmetic operation overflowed outside of an unchecked block)
    at ProofScoreBurnRouter._calcBurnRate (contracts-min/ProofScoreBurnRouter.sol:68)
    at ProofScoreBurnRouter.route (contracts-min/ProofScoreBurnRouter.sol:49)
    at EdrProviderWrapper.request (node_modules/hardhat/src/internal/hardhat-network/provider/provider.ts:434:41)
    at HardhatEthersSigner.sendTransaction (node_modules/@nomicfoundation/hardhat-ethers/src/signers.ts:181:18)
    at send (node_modules/ethers/src.ts/contract/contract.ts:313:20)
    at Proxy.route (node_modules/ethers/src.ts/contract/contract.ts:352:16)
    at Context.<anonymous> (test/archive/ProofScoreBurnRouter.test.js:441:7)
  

  106) Advanced Security Testing - Critical Attack Vectors
       Oracle Manipulation
         should prevent Seer score manipulation:
     AssertionError: Expected transaction to be reverted
      at Context.<anonymous> (test/archive/Security.Advanced.test.js:67:7)

  107) Seer Contract Tests
       Module Configuration
         should revert if setting DAO to zero:
     AssertionError: Expected transaction to be reverted with custom error 'SEER_Zero', but it didn't revert
      at Context.<anonymous> (test/archive/Seer.test.js:59:7)

  108) Seer Contract Tests
       Score Management
         should initialize user with base score:
     TypeError: seer.connect(...).initUser is not a function
      at Context.<anonymous> (test/archive/Seer.test.js:85:38)
      at processImmediate (node:internal/timers:485:21)

  109) Seer Contract Tests
       Score Management
         should allow DAO to set score directly:
     TypeError: seer.connect(...).setScore is not a function
      at Context.<anonymous> (test/archive/Seer.test.js:94:38)
      at processImmediate (node:internal/timers:485:21)

  110) Seer Contract Tests
       Score Management
         should revert if non-DAO tries to set score:
     TypeError: seer.connect(...).setScore is not a function
      at Context.<anonymous> (test/archive/Seer.test.js:104:29)
      at processImmediate (node:internal/timers:485:21)

  111) Seer Contract Tests
       Score Management
         should get score correctly:
     TypeError: seer.connect(...).setScore is not a function
      at Context.<anonymous> (test/archive/Seer.test.js:109:31)
      at processImmediate (node:internal/timers:485:21)

  112) Seer Contract Tests
       Governance Checks
         should check if user meets min score for governance:
     TypeError: seer.connect(...).setScore is not a function
      at Context.<anonymous> (test/archive/Seer.test.js:120:31)
      at processImmediate (node:internal/timers:485:21)

  113) Seer Contract Tests
       Governance Checks
         should fail if user below min score:
     TypeError: seer.connect(...).setScore is not a function
      at Context.<anonymous> (test/archive/Seer.test.js:125:31)
      at processImmediate (node:internal/timers:485:21)

  114) Seer Contract Tests
       Governance Checks
         should return minForGovernance value:

      AssertionError: expected 600 to equal 100.
      + expected - actual

      -600
      +100
      
      at Context.<anonymous> (test/archive/Seer.test.js:130:48)

  115) Seer Contract Tests
       Commerce Checks
         should check if user meets min score for commerce:
     TypeError: seer.connect(...).setScore is not a function
      at Context.<anonymous> (test/archive/Seer.test.js:136:31)
      at processImmediate (node:internal/timers:485:21)

  116) Seer Contract Tests
       Commerce Checks
         should fail if user below min score:
     TypeError: seer.connect(...).setScore is not a function
      at Context.<anonymous> (test/archive/Seer.test.js:141:31)
      at processImmediate (node:internal/timers:485:21)

  117) Seer Contract Tests
       Commerce Checks
         should return minForCommerce value:
     TypeError: seer.minForCommerce is not a function
      at Context.<anonymous> (test/archive/Seer.test.js:146:25)
      at processImmediate (node:internal/timers:485:21)

  118) Seer Contract Tests
       Flagging System
         should allow DAO to flag user:
     TypeError: seer.connect(...).flagUser is not a function
      at Context.<anonymous> (test/archive/Seer.test.js:152:38)
      at processImmediate (node:internal/timers:485:21)

  119) Seer Contract Tests
       Flagging System
         should revert if non-DAO tries to flag:
     TypeError: seer.connect(...).flagUser is not a function
      at Context.<anonymous> (test/archive/Seer.test.js:162:29)
      at processImmediate (node:internal/timers:485:21)

  120) Seer Contract Tests
       Flagging System
         should allow DAO to unflag user:
     TypeError: seer.connect(...).flagUser is not a function
      at Context.<anonymous> (test/archive/Seer.test.js:167:31)
      at processImmediate (node:internal/timers:485:21)

  121) Seer Contract Tests
       Flagging System
         should check if user is flagged:
     TypeError: seer.connect(...).flagUser is not a function
      at Context.<anonymous> (test/archive/Seer.test.js:175:31)
      at processImmediate (node:internal/timers:485:21)

  122) Seer Contract Tests
       Score Adjustments
         "before each" hook for "should increase score":
     TypeError: seer.connect(...).initUser is not a function
      at Context.<anonymous> (test/archive/Seer.test.js:182:31)
      at processImmediate (node:internal/timers:485:21)

  123) Seer Contract Tests
       Batch Operations
         should initialize multiple users:
     TypeError: seer.connect(...).initUser is not a function
      at Context.<anonymous> (test/archive/Seer.test.js:214:31)
      at processImmediate (node:internal/timers:485:21)

  124) Seer Contract Tests
       Batch Operations
         should handle multiple score updates:
     TypeError: seer.connect(...).setScore is not a function
      at Context.<anonymous> (test/archive/Seer.test.js:222:31)
      at processImmediate (node:internal/timers:485:21)

  125) Seer Contract Tests
       Edge Cases
         should handle zero score setting:
     TypeError: seer.connect(...).setScore is not a function
      at Context.<anonymous> (test/archive/Seer.test.js:233:27)
      at processImmediate (node:internal/timers:485:21)

  126) Seer Contract Tests
       Edge Cases
         should handle score updates for same user multiple times:
     TypeError: seer.connect(...).setScore is not a function
      at Context.<anonymous> (test/archive/Seer.test.js:238:31)
      at processImmediate (node:internal/timers:485:21)

  127) Seer Contract Tests
       Edge Cases
         should track last update timestamp:
     TypeError: seer.connect(...).setScore is not a function
      at Context.<anonymous> (test/archive/Seer.test.js:246:31)
      at processImmediate (node:internal/timers:485:21)

  128) VFIDECommerce extra branch coverage
       resolve onlyDAO and buyerWins / sellerWins success paths:
     Error: VM Exception while processing transaction: reverted with custom error 'COM_NotAllowed()'
    at MerchantRegistry.addMerchant (contracts-min/VFIDECommerce.sol:105)
    at EdrProviderWrapper.request (node_modules/hardhat/src/internal/hardhat-network/provider/provider.ts:434:41)
    at HardhatEthersSigner.sendTransaction (node_modules/@nomicfoundation/hardhat-ethers/src/signers.ts:181:18)
    at send (node_modules/ethers/src.ts/contract/contract.ts:313:20)
    at Proxy.addMerchant (node_modules/ethers/src.ts/contract/contract.ts:352:16)
    at Context.<anonymous> (test/archive/VFIDECommerce.branch.more.test.js:90:5)
  

  129) VFIDECommerce targeted branch tests
       CommerceEscrow: resolve buyerWins true branch is exercised:
     Error: VM Exception while processing transaction: reverted with custom error 'COM_NotAllowed()'
    at MerchantRegistry.addMerchant (contracts-min/VFIDECommerce.sol:105)
    at EdrProviderWrapper.request (node_modules/hardhat/src/internal/hardhat-network/provider/provider.ts:434:41)
    at HardhatEthersSigner.sendTransaction (node_modules/@nomicfoundation/hardhat-ethers/src/signers.ts:181:18)
    at send (node_modules/ethers/src.ts/contract/contract.ts:313:20)
    at Proxy.addMerchant (node_modules/ethers/src.ts/contract/contract.ts:352:16)
    at Context.<anonymous> (test/archive/VFIDECommerce.branches.test.js:86:5)
  

  130) VFIDECommerce constructor/resolve branch sweeps
       resolve buyerWins true/false arms explicitly exercised:
     Error: VM Exception while processing transaction: reverted with custom error 'COM_NotAllowed()'
    at MerchantRegistry.addMerchant (contracts-min/VFIDECommerce.sol:105)
    at EdrProviderWrapper.request (node_modules/hardhat/src/internal/hardhat-network/provider/provider.ts:434:41)
    at HardhatEthersSigner.sendTransaction (node_modules/@nomicfoundation/hardhat-ethers/src/signers.ts:181:18)
    at send (node_modules/ethers/src.ts/contract/contract.ts:313:20)
    at Proxy.addMerchant (node_modules/ethers/src.ts/contract/contract.ts:352:16)
    at Context.<anonymous> (test/archive/VFIDECommerce.constructor.branch.test.js:74:5)
  

  131) VFIDECommerce
       Should add a merchant successfully:
     TypeError: Cannot read properties of undefined (reading 'connect')
      at Context.<anonymous> (test/archive/VFIDECommerce.coverage.test.js:61:32)

  132) VFIDECommerce
       Should revert if the merchant already exists:
     TypeError: Cannot read properties of undefined (reading 'connect')
      at Context.<anonymous> (test/archive/VFIDECommerce.coverage.test.js:69:25)

  133) VFIDECommerce
       Should revert if the vault is not set:
     TypeError: Cannot read properties of undefined (reading 'connect')
      at Context.<anonymous> (test/archive/VFIDECommerce.coverage.test.js:78:32)

  134) VFIDECommerce
       Should revert if the score is too low:
     TypeError: Cannot read properties of undefined (reading 'connect')
      at Context.<anonymous> (test/archive/VFIDECommerce.coverage.test.js:86:32)

  135) VFIDECommerce extra focused tests (TEST_* toggles)
       auto-suspend triggers via repeated refunds/disputes (coverage of counter branches):
     Error: VM Exception while processing transaction: reverted with custom error 'COM_NotAllowed()'
    at MerchantRegistry.addMerchant (contracts-min/VFIDECommerce.sol:105)
    at EdrProviderWrapper.request (node_modules/hardhat/src/internal/hardhat-network/provider/provider.ts:434:41)
    at HardhatEthersSigner.sendTransaction (node_modules/@nomicfoundation/hardhat-ethers/src/signers.ts:181:18)
    at send (node_modules/ethers/src.ts/contract/contract.ts:313:20)
    at Proxy.addMerchant (node_modules/ethers/src.ts/contract/contract.ts:352:16)
    at Context.<anonymous> (test/archive/VFIDECommerce.extra.focused.test.js:70:5)
  

  136) VFIDECommerce focused branch tests
       open/markFunded: buyer missing vault and not-funded branches:
     Error: VM Exception while processing transaction: reverted with custom error 'COM_NotAllowed()'
    at MerchantRegistry.addMerchant (contracts-min/VFIDECommerce.sol:105)
    at EdrProviderWrapper.request (node_modules/hardhat/src/internal/hardhat-network/provider/provider.ts:434:41)
    at HardhatEthersSigner.sendTransaction (node_modules/@nomicfoundation/hardhat-ethers/src/signers.ts:181:18)
    at send (node_modules/ethers/src.ts/contract/contract.ts:313:20)
    at Proxy.addMerchant (node_modules/ethers/src.ts/contract/contract.ts:352:16)
    at Context.<anonymous> (test/archive/VFIDECommerce.focused.test.js:80:5)
  

  137) VFIDECommerce focused branch tests
       release/refund/resolve: transfer failure paths using ERC20FailTransfer:
     Error: VM Exception while processing transaction: reverted with custom error 'COM_NotAllowed()'
    at MerchantRegistry.addMerchant (contracts-min/VFIDECommerce.sol:105)
    at EdrProviderWrapper.request (node_modules/hardhat/src/internal/hardhat-network/provider/provider.ts:434:41)
    at HardhatEthersSigner.sendTransaction (node_modules/@nomicfoundation/hardhat-ethers/src/signers.ts:181:18)
    at send (node_modules/ethers/src.ts/contract/contract.ts:313:20)
    at Proxy.addMerchant (node_modules/ethers/src.ts/contract/contract.ts:352:16)
    at Context.<anonymous> (test/archive/VFIDECommerce.focused.test.js:104:5)
  

  138) VFIDECommerce additional coverage tests
       "before each" hook for "open reverts when merchant is suspended":
     Error: VM Exception while processing transaction: reverted with custom error 'COM_NotAllowed()'
    at MerchantRegistry.addMerchant (contracts-min/VFIDECommerce.sol:105)
    at EdrProviderWrapper.request (node_modules/hardhat/src/internal/hardhat-network/provider/provider.ts:434:41)
    at HardhatEthersSigner.sendTransaction (node_modules/@nomicfoundation/hardhat-ethers/src/signers.ts:181:18)
    at send (node_modules/ethers/src.ts/contract/contract.ts:313:20)
    at Proxy.addMerchant (node_modules/ethers/src.ts/contract/contract.ts:352:16)
    at Context.<anonymous> (test/archive/VFIDECommerce.more.coverage.test.js:49:5)
  

  139) VFIDECommerce reentrancy resilience
       attempted reentrancy via token.transfer should not break state (release remains safe):
     Error: VM Exception while processing transaction: reverted with custom error 'COM_NotAllowed()'
    at MerchantRegistry.addMerchant (contracts-min/VFIDECommerce.sol:105)
    at EdrProviderWrapper.request (node_modules/hardhat/src/internal/hardhat-network/provider/provider.ts:434:41)
    at HardhatEthersSigner.sendTransaction (node_modules/@nomicfoundation/hardhat-ethers/src/signers.ts:181:18)
    at send (node_modules/ethers/src.ts/contract/contract.ts:313:20)
    at Proxy.addMerchant (node_modules/ethers/src.ts/contract/contract.ts:352:16)
    at Context.<anonymous> (test/archive/VFIDECommerce.reentrancy.test.js:51:5)
  

  140) VFIDECommerce security fuzz - malicious token behaviors
       GasDrainer token: release succeeds even when token consumes more gas:
     Error: VM Exception while processing transaction: reverted with custom error 'COM_NotAllowed()'
    at MerchantRegistry.addMerchant (contracts-min/VFIDECommerce.sol:105)
    at EdrProviderWrapper.request (node_modules/hardhat/src/internal/hardhat-network/provider/provider.ts:434:41)
    at HardhatEthersSigner.sendTransaction (node_modules/@nomicfoundation/hardhat-ethers/src/signers.ts:181:18)
    at send (node_modules/ethers/src.ts/contract/contract.ts:313:20)
    at Proxy.addMerchant (node_modules/ethers/src.ts/contract/contract.ts:352:16)
    at Context.<anonymous> (test/archive/VFIDECommerce.security.fuzz.test.js:55:5)
  

  141) VFIDECommerce security fuzz - malicious token behaviors
       ERC20ReturnFalse: release/refund/resolve revert when token returns false:
     Error: VM Exception while processing transaction: reverted with custom error 'COM_NotAllowed()'
    at MerchantRegistry.addMerchant (contracts-min/VFIDECommerce.sol:105)
    at EdrProviderWrapper.request (node_modules/hardhat/src/internal/hardhat-network/provider/provider.ts:434:41)
    at HardhatEthersSigner.sendTransaction (node_modules/@nomicfoundation/hardhat-ethers/src/signers.ts:181:18)
    at send (node_modules/ethers/src.ts/contract/contract.ts:313:20)
    at Proxy.addMerchant (node_modules/ethers/src.ts/contract/contract.ts:352:16)
    at Context.<anonymous> (test/archive/VFIDECommerce.security.fuzz.test.js:81:5)
  

  142) VFIDECommerce security fuzz - malicious token behaviors
       combination randomized small sequences (open->fund->action) don't corrupt state:
     Error: VM Exception while processing transaction: reverted with custom error 'COM_NotAllowed()'
    at MerchantRegistry.addMerchant (contracts-min/VFIDECommerce.sol:105)
    at EdrProviderWrapper.request (node_modules/hardhat/src/internal/hardhat-network/provider/provider.ts:434:41)
    at HardhatEthersSigner.sendTransaction (node_modules/@nomicfoundation/hardhat-ethers/src/signers.ts:181:18)
    at send (node_modules/ethers/src.ts/contract/contract.ts:313:20)
    at Proxy.addMerchant (node_modules/ethers/src.ts/contract/contract.ts:352:16)
    at Context.<anonymous> (test/archive/VFIDECommerce.security.fuzz.test.js:103:5)
  

  143) VFIDECommerce security & boundary tests
       open reverts with COM_SecLocked when buyer or merchant vault locked:
     Error: VM Exception while processing transaction: reverted with custom error 'COM_NotAllowed()'
    at MerchantRegistry.addMerchant (contracts-min/VFIDECommerce.sol:105)
    at EdrProviderWrapper.request (node_modules/hardhat/src/internal/hardhat-network/provider/provider.ts:434:41)
    at HardhatEthersSigner.sendTransaction (node_modules/@nomicfoundation/hardhat-ethers/src/signers.ts:181:18)
    at send (node_modules/ethers/src.ts/contract/contract.ts:313:20)
    at Proxy.addMerchant (node_modules/ethers/src.ts/contract/contract.ts:352:16)
    at Context.<anonymous> (test/archive/VFIDECommerce.security.test.js:51:5)
  

  144) VFIDECommerce security & boundary tests
       release/refund revert with COM_SecLocked when vault locked:
     Error: VM Exception while processing transaction: reverted with custom error 'COM_NotAllowed()'
    at MerchantRegistry.addMerchant (contracts-min/VFIDECommerce.sol:105)
    at EdrProviderWrapper.request (node_modules/hardhat/src/internal/hardhat-network/provider/provider.ts:434:41)
    at HardhatEthersSigner.sendTransaction (node_modules/@nomicfoundation/hardhat-ethers/src/signers.ts:181:18)
    at send (node_modules/ethers/src.ts/contract/contract.ts:313:20)
    at Proxy.addMerchant (node_modules/ethers/src.ts/contract/contract.ts:352:16)
    at Context.<anonymous> (test/archive/VFIDECommerce.security.test.js:77:5)
  

  145) VFIDECommerce security & boundary tests
       failed transfer leaves escrow state unchanged:
     Error: VM Exception while processing transaction: reverted with custom error 'COM_NotAllowed()'
    at MerchantRegistry.addMerchant (contracts-min/VFIDECommerce.sol:105)
    at EdrProviderWrapper.request (node_modules/hardhat/src/internal/hardhat-network/provider/provider.ts:434:41)
    at HardhatEthersSigner.sendTransaction (node_modules/@nomicfoundation/hardhat-ethers/src/signers.ts:181:18)
    at send (node_modules/ethers/src.ts/contract/contract.ts:313:20)
    at Proxy.addMerchant (node_modules/ethers/src.ts/contract/contract.ts:352:16)
    at Context.<anonymous> (test/archive/VFIDECommerce.security.test.js:101:5)
  

  146) VFIDECommerce security & boundary tests
       open with very large amount reverts or handles safely (boundary test):
     Error: VM Exception while processing transaction: reverted with custom error 'COM_NotAllowed()'
    at MerchantRegistry.addMerchant (contracts-min/VFIDECommerce.sol:105)
    at EdrProviderWrapper.request (node_modules/hardhat/src/internal/hardhat-network/provider/provider.ts:434:41)
    at HardhatEthersSigner.sendTransaction (node_modules/@nomicfoundation/hardhat-ethers/src/signers.ts:181:18)
    at send (node_modules/ethers/src.ts/contract/contract.ts:313:20)
    at Proxy.addMerchant (node_modules/ethers/src.ts/contract/contract.ts:352:16)
    at Context.<anonymous> (test/archive/VFIDECommerce.security.test.js:119:5)
  

  147) VFIDEStaking Expanded Tests
       "before each" hook for "should allow staking with valid parameters":
     TypeError: Cannot read properties of undefined (reading 'AddressZero')
      at Context.<anonymous> (test/archive/VFIDEStaking.expanded.test.js:14:24)

  148) VFIDEToken exhaustive branch tests
       stakingRewardsVault, sanctumVault, and ecosystemOpsVault are set correctly in constructor:
     Error: incorrect number of arguments to constructor
      at ContractFactory.getDeployTransaction (node_modules/ethers/src.ts/contract/factory.ts:87:19)
      at ContractFactory.deploy (node_modules/ethers/src.ts/contract/factory.ts:105:31)
      at Context.<anonymous> (test/archive/VFIDEToken.exhaustive.test.js:144:41)

  149) VaultInfrastructure - VaultHub
       ensureVault
         should create vault for new user:
     Error: VM Exception while processing transaction: reverted with reason string 'create2 failed'
    at VaultInfrastructure.ensureVault (contracts-min/VaultInfrastructure.sol:287)
    at EdrProviderWrapper.request (node_modules/hardhat/src/internal/hardhat-network/provider/provider.ts:434:41)
    at staticCallResult (node_modules/ethers/src.ts/contract/contract.ts:337:22)
    at AsyncFunction.staticCall (node_modules/ethers/src.ts/contract/contract.ts:303:24)
    at Context.<anonymous> (test/archive/VaultInfrastructure.test.js:27:25)
  

  150) VaultInfrastructure - VaultHub
       ensureVault
         should return existing vault on second call:
     Error: VM Exception while processing transaction: reverted with reason string 'create2 failed'
    at VaultInfrastructure.ensureVault (contracts-min/VaultInfrastructure.sol:287)
    at EdrProviderWrapper.request (node_modules/hardhat/src/internal/hardhat-network/provider/provider.ts:434:41)
    at HardhatEthersSigner.sendTransaction (node_modules/@nomicfoundation/hardhat-ethers/src/signers.ts:181:18)
    at send (node_modules/ethers/src.ts/contract/contract.ts:313:20)
    at Proxy.ensureVault (node_modules/ethers/src.ts/contract/contract.ts:352:16)
    at Context.<anonymous> (test/archive/VaultInfrastructure.test.js:32:7)
  

  151) VaultInfrastructure - VaultHub
       ensureVault
         should create different vaults for different users:
     Error: VM Exception while processing transaction: reverted with reason string 'create2 failed'
    at VaultInfrastructure.ensureVault (contracts-min/VaultInfrastructure.sol:287)
    at EdrProviderWrapper.request (node_modules/hardhat/src/internal/hardhat-network/provider/provider.ts:434:41)
    at HardhatEthersSigner.sendTransaction (node_modules/@nomicfoundation/hardhat-ethers/src/signers.ts:181:18)
    at send (node_modules/ethers/src.ts/contract/contract.ts:313:20)
    at Proxy.ensureVault (node_modules/ethers/src.ts/contract/contract.ts:352:16)
    at Context.<anonymous> (test/archive/VaultInfrastructure.test.js:42:7)
  

  152) VaultInfrastructure - VaultHub
       ensureVault
         should use deterministic CREATE2:
     Error: VM Exception while processing transaction: reverted with reason string 'create2 failed'
    at VaultInfrastructure.ensureVault (contracts-min/VaultInfrastructure.sol:287)
    at EdrProviderWrapper.request (node_modules/hardhat/src/internal/hardhat-network/provider/provider.ts:434:41)
    at staticCallResult (node_modules/ethers/src.ts/contract/contract.ts:337:22)
    at AsyncFunction.staticCall (node_modules/ethers/src.ts/contract/contract.ts:303:24)
    at Context.<anonymous> (test/archive/VaultInfrastructure.test.js:53:25)
  

  153) VaultInfrastructure - VaultHub
       vaultOf
         should return vault address after creation:
     Error: VM Exception while processing transaction: reverted with reason string 'create2 failed'
    at VaultInfrastructure.ensureVault (contracts-min/VaultInfrastructure.sol:287)
    at EdrProviderWrapper.request (node_modules/hardhat/src/internal/hardhat-network/provider/provider.ts:434:41)
    at HardhatEthersSigner.sendTransaction (node_modules/@nomicfoundation/hardhat-ethers/src/signers.ts:181:18)
    at send (node_modules/ethers/src.ts/contract/contract.ts:313:20)
    at Proxy.ensureVault (node_modules/ethers/src.ts/contract/contract.ts:352:16)
    at Context.<anonymous> (test/archive/VaultInfrastructure.test.js:69:7)
  

  154) VaultInfrastructure - VaultHub
       ownerOf
         should return zero for non-vault addresses:
     TypeError: vaultHub.ownerOf is not a function
      at Context.<anonymous> (test/archive/VaultInfrastructure.test.js:76:29)
      at processImmediate (node:internal/timers:485:21)

  155) VaultInfrastructure - VaultHub
       ownerOf
         should return owner after vault creation:
     Error: VM Exception while processing transaction: reverted with reason string 'create2 failed'
    at VaultInfrastructure.ensureVault (contracts-min/VaultInfrastructure.sol:287)
    at EdrProviderWrapper.request (node_modules/hardhat/src/internal/hardhat-network/provider/provider.ts:434:41)
    at HardhatEthersSigner.sendTransaction (node_modules/@nomicfoundation/hardhat-ethers/src/signers.ts:181:18)
    at send (node_modules/ethers/src.ts/contract/contract.ts:313:20)
    at Proxy.ensureVault (node_modules/ethers/src.ts/contract/contract.ts:352:16)
    at Context.<anonymous> (test/archive/VaultInfrastructure.test.js:80:7)
  

  156) VaultInfrastructure - VaultHub
       Module Management
         should allow owner to set modules:
     Error: no matching fragment (operation="fragment", info={ "args": [ "0x1Db8BfBE24233C1ADcE028Be2E9521f271d71622", "0x964A7d59C2A769B8c0B9d730C9047198685276f0" ], "key": "setModules" }, code=UNSUPPORTED_OPERATION, version=6.15.0)
      at makeError (node_modules/ethers/src.ts/utils/errors.ts:698:21)
      at assert (node_modules/ethers/src.ts/utils/errors.ts:719:25)
      at getFragment (node_modules/ethers/src.ts/contract/contract.ts:270:15)
      at Proxy.setModules (node_modules/ethers/src.ts/contract/contract.ts:350:26)
      at Context.<anonymous> (test/archive/VaultInfrastructure.test.js:91:22)

  157) VaultInfrastructure - VaultHub
       Module Management
         should revert if non-owner tries to set modules:
     Error: no matching fragment (operation="fragment", info={ "args": [ "0x9c317e9321A6Db68Be9C72a1aA400C66f3bdCD5A", "0xbB7599ecAB6C132DD923E9E1d8082a16e1Da4731" ], "key": "setModules" }, code=UNSUPPORTED_OPERATION, version=6.15.0)
      at makeError (node_modules/ethers/src.ts/utils/errors.ts:698:21)
      at assert (node_modules/ethers/src.ts/utils/errors.ts:719:25)
      at getFragment (node_modules/ethers/src.ts/contract/contract.ts:270:15)
      at Proxy.setModules (node_modules/ethers/src.ts/contract/contract.ts:350:26)
      at Context.<anonymous> (test/archive/VaultInfrastructure.test.js:100:44)

  158) VaultInfrastructure - VaultHub
       Module Management
         should emit ModulesSet event:
     Error: no matching fragment (operation="fragment", info={ "args": [ "0x1FCCAAE0Eb653259E531C1a38bA2041AE53BC237", "0xda18e0Ad3325664c4e0A33C90B8BE148FE58BFa2" ], "key": "setModules" }, code=UNSUPPORTED_OPERATION, version=6.15.0)
      at makeError (node_modules/ethers/src.ts/utils/errors.ts:698:21)
      at assert (node_modules/ethers/src.ts/utils/errors.ts:719:25)
      at getFragment (node_modules/ethers/src.ts/contract/contract.ts:270:15)
      at Proxy.setModules (node_modules/ethers/src.ts/contract/contract.ts:350:26)
      at Context.<anonymous> (test/archive/VaultInfrastructure.test.js:108:29)

  159) VaultInfrastructure - VaultHub
       Edge Cases
         should handle multiple vault creations:
     Error: VM Exception while processing transaction: reverted with reason string 'create2 failed'
    at VaultInfrastructure.ensureVault (contracts-min/VaultInfrastructure.sol:287)
    at EdrProviderWrapper.request (node_modules/hardhat/src/internal/hardhat-network/provider/provider.ts:434:41)
    at HardhatEthersSigner.sendTransaction (node_modules/@nomicfoundation/hardhat-ethers/src/signers.ts:181:18)
    at send (node_modules/ethers/src.ts/contract/contract.ts:313:20)
    at Proxy.ensureVault (node_modules/ethers/src.ts/contract/contract.ts:352:16)
    at Context.<anonymous> (test/archive/VaultInfrastructure.test.js:117:9)
  

  160) VaultInfrastructure - VaultHub
       Edge Cases
         should maintain registry bidirectional mapping:
     Error: VM Exception while processing transaction: reverted with reason string 'create2 failed'
    at VaultInfrastructure.ensureVault (contracts-min/VaultInfrastructure.sol:287)
    at EdrProviderWrapper.request (node_modules/hardhat/src/internal/hardhat-network/provider/provider.ts:434:41)
    at HardhatEthersSigner.sendTransaction (node_modules/@nomicfoundation/hardhat-ethers/src/signers.ts:181:18)
    at send (node_modules/ethers/src.ts/contract/contract.ts:313:20)
    at Proxy.ensureVault (node_modules/ethers/src.ts/contract/contract.ts:352:16)
    at Context.<anonymous> (test/archive/VaultInfrastructure.test.js:126:7)
  

  161) VaultInfrastructure - VaultHub
       Recovery Process
         should allow DAO to force recover a vault:
     Error: VM Exception while processing transaction: reverted with reason string 'create2 failed'
    at VaultInfrastructure.ensureVault (contracts-min/VaultInfrastructure.sol:287)
    at EdrProviderWrapper.request (node_modules/hardhat/src/internal/hardhat-network/provider/provider.ts:434:41)
    at HardhatEthersSigner.sendTransaction (node_modules/@nomicfoundation/hardhat-ethers/src/signers.ts:181:18)
    at send (node_modules/ethers/src.ts/contract/contract.ts:313:20)
    at Proxy.ensureVault (node_modules/ethers/src.ts/contract/contract.ts:352:16)
    at Context.<anonymous> (test/archive/VaultInfrastructure.test.js:136:7)
  

  162) VaultInfrastructure - VaultHub
       Recovery with Delay
         should schedule a recovery with delay:
     Error: VM Exception while processing transaction: reverted with reason string 'create2 failed'
    at VaultInfrastructure.ensureVault (contracts-min/VaultInfrastructure.sol:287)
    at EdrProviderWrapper.request (node_modules/hardhat/src/internal/hardhat-network/provider/provider.ts:434:41)
    at HardhatEthersSigner.sendTransaction (node_modules/@nomicfoundation/hardhat-ethers/src/signers.ts:181:18)
    at send (node_modules/ethers/src.ts/contract/contract.ts:313:20)
    at Proxy.ensureVault (node_modules/ethers/src.ts/contract/contract.ts:352:16)
    at Context.<anonymous> (test/archive/VaultInfrastructure.test.js:153:7)
  

  163) VaultInfrastructure - VaultHub
       Recovery with Delay
         should execute a scheduled recovery after delay:
     Error: VM Exception while processing transaction: reverted with reason string 'create2 failed'
    at VaultInfrastructure.ensureVault (contracts-min/VaultInfrastructure.sol:287)
    at EdrProviderWrapper.request (node_modules/hardhat/src/internal/hardhat-network/provider/provider.ts:434:41)
    at HardhatEthersSigner.sendTransaction (node_modules/@nomicfoundation/hardhat-ethers/src/signers.ts:181:18)
    at send (node_modules/ethers/src.ts/contract/contract.ts:313:20)
    at Proxy.ensureVault (node_modules/ethers/src.ts/contract/contract.ts:352:16)
    at Context.<anonymous> (test/archive/VaultInfrastructure.test.js:167:7)
  

  164) VaultInfrastructure - VaultHub
       Recovery with Delay
         should revert recovery execution if delay has not passed:
     Error: VM Exception while processing transaction: reverted with reason string 'create2 failed'
    at VaultInfrastructure.ensureVault (contracts-min/VaultInfrastructure.sol:287)
    at EdrProviderWrapper.request (node_modules/hardhat/src/internal/hardhat-network/provider/provider.ts:434:41)
    at HardhatEthersSigner.sendTransaction (node_modules/@nomicfoundation/hardhat-ethers/src/signers.ts:181:18)
    at send (node_modules/ethers/src.ts/contract/contract.ts:313:20)
    at Proxy.ensureVault (node_modules/ethers/src.ts/contract/contract.ts:352:16)
    at Context.<anonymous> (test/archive/VaultInfrastructure.test.js:185:7)
  

  165) VaultInfrastructure - VaultHub
       Event Logging
         should log vault creation events:
     Error: VM Exception while processing transaction: reverted with reason string 'create2 failed'
    at VaultInfrastructure.ensureVault (contracts-min/VaultInfrastructure.sol:287)
    at EdrProviderWrapper.request (node_modules/hardhat/src/internal/hardhat-network/provider/provider.ts:434:41)
    at HardhatEthersSigner.sendTransaction (node_modules/@nomicfoundation/hardhat-ethers/src/signers.ts:181:18)
    at send (node_modules/ethers/src.ts/contract/contract.ts:313:20)
    at Proxy.ensureVault (node_modules/ethers/src.ts/contract/contract.ts:352:16)
    at waitForPendingTransaction (node_modules/@nomicfoundation/hardhat-chai-matchers/src/internal/emit.ts:28:17)
    at Context.<anonymous> (test/archive/VaultInfrastructure.test.js:198:7)
  

  166) VaultInfrastructure - VaultHub
       Event Logging
         should log forced recovery events:
     Error: VM Exception while processing transaction: reverted with reason string 'create2 failed'
    at VaultInfrastructure.ensureVault (contracts-min/VaultInfrastructure.sol:287)
    at EdrProviderWrapper.request (node_modules/hardhat/src/internal/hardhat-network/provider/provider.ts:434:41)
    at HardhatEthersSigner.sendTransaction (node_modules/@nomicfoundation/hardhat-ethers/src/signers.ts:181:18)
    at send (node_modules/ethers/src.ts/contract/contract.ts:313:20)
    at Proxy.ensureVault (node_modules/ethers/src.ts/contract/contract.ts:352:16)
    at Context.<anonymous> (test/archive/VaultInfrastructure.test.js:204:7)
  

  167) VaultInfrastructure - UserVault
       Guardian Management
         should allow owner to add guardians:
     TypeError: Cannot read properties of undefined (reading 'ensureVault')
      at Context.<anonymous> (test/archive/VaultInfrastructure.test.js:227:22)
      at processImmediate (node:internal/timers:485:21)

  168) VaultInfrastructure - UserVault
       Guardian Management
         should allow owner to remove guardians:
     TypeError: Cannot read properties of undefined (reading 'ensureVault')
      at Context.<anonymous> (test/archive/VaultInfrastructure.test.js:236:22)
      at processImmediate (node:internal/timers:485:21)

  169) VaultInfrastructure - UserVault
       Guardian Management
         should set next of kin:
     TypeError: Cannot read properties of undefined (reading 'ensureVault')
      at Context.<anonymous> (test/archive/VaultInfrastructure.test.js:246:22)
      at processImmediate (node:internal/timers:485:21)

  170) VaultInfrastructure - UserVault
       Integration - Full Lifecycle
         should test complete vault lifecycle:
     TypeError: Cannot read properties of undefined (reading 'ensureVault')
      at Context.<anonymous> (test/archive/VaultInfrastructure.test.js:293:22)
      at processImmediate (node:internal/timers:485:21)

  171) Coverage: addMerchant and Additional Functions
       "before all" hook in "Coverage: addMerchant and Additional Functions":
     Error: VM Exception while processing transaction: reverted with custom error 'COM_NotAllowed()'
    at MerchantRegistry.addMerchant (contracts-min/VFIDECommerce.sol:105)
    at EdrProviderWrapper.request (node_modules/hardhat/src/internal/hardhat-network/provider/provider.ts:434:41)
    at HardhatEthersSigner.sendTransaction (node_modules/@nomicfoundation/hardhat-ethers/src/signers.ts:181:18)
    at send (node_modules/ethers/src.ts/contract/contract.ts:313:20)
    at Proxy.addMerchant (node_modules/ethers/src.ts/contract/contract.ts:352:16)
    at Context.<anonymous> (test/archive/coverage.addmerchant.complete.test.js:42:5)
  

  172) Coverage Bruteforce: More TEST Functions
       "before all" hook in "Coverage Bruteforce: More TEST Functions":
     Error: VM Exception while processing transaction: reverted with custom error 'COM_NotAllowed()'
    at MerchantRegistry.addMerchant (contracts-min/VFIDECommerce.sol:105)
    at EdrProviderWrapper.request (node_modules/hardhat/src/internal/hardhat-network/provider/provider.ts:434:41)
    at HardhatEthersSigner.sendTransaction (node_modules/@nomicfoundation/hardhat-ethers/src/signers.ts:181:18)
    at send (node_modules/ethers/src.ts/contract/contract.ts:313:20)
    at Proxy.addMerchant (node_modules/ethers/src.ts/contract/contract.ts:352:16)
    at Context.<anonymous> (test/archive/coverage.bruteforce.additional.test.js:42:5)
  

  173) VFIDECommerce - Exhaustive TEST Coverage
       Lines 435-525 Exhaustive Variants
         should test all line 435 variants:
     TypeError: escrow.TEST_435_status_suspended is not a function
      at Context.<anonymous> (test/archive/coverage.commerce.exhaustive.test.js:613:20)
      at processImmediate (node:internal/timers:485:21)

  174) VFIDECommerce - Exhaustive TEST Coverage
       Lines 435-525 Exhaustive Variants
         should test all line 447 variants:
     TypeError: escrow.TEST_line447_extra3 is not a function
      at Context.<anonymous> (test/archive/coverage.commerce.exhaustive.test.js:633:20)

  175) VFIDECommerce - Exhaustive TEST Coverage
       Lines 435-525 Exhaustive Variants
         should test all line 456 variants:
     TypeError: escrow.TEST_456_amount_zero is not a function
      at Context.<anonymous> (test/archive/coverage.commerce.exhaustive.test.js:642:20)
      at processImmediate (node:internal/timers:485:21)

  176) VFIDECommerce - Exhaustive TEST Coverage
       Lines 435-525 Exhaustive Variants
         should test all line 503 variants:
     TypeError: escrow.TEST_503_mm_suspended is not a function
      at Context.<anonymous> (test/archive/coverage.commerce.exhaustive.test.js:681:20)

  177) VFIDECommerce - Exhaustive TEST Coverage
       Lines 435-525 Exhaustive Variants
         should test line 506 variants:
     TypeError: escrow.TEST_line506_msgsender_force is not a function
      at Context.<anonymous> (test/archive/coverage.commerce.exhaustive.test.js:697:20)

  178) VFIDECommerce - Exhaustive TEST Coverage
       Lines 435-525 Exhaustive Variants
         should test all line 523-526 variants:
     TypeError: escrow.TEST_525_injected_addr is not a function
      at Context.<anonymous> (test/archive/coverage.commerce.exhaustive.test.js:701:20)
      at processImmediate (node:internal/timers:485:21)

  179) VFIDECommerce - Exhaustive TEST Coverage
       Lines 644-886 Exhaustive Variants
         should test all line 644 variants:
     TypeError: escrow.TEST_line644_combo is not a function
      at Context.<anonymous> (test/archive/coverage.commerce.exhaustive.test.js:721:20)
      at processImmediate (node:internal/timers:485:21)

  180) VFIDECommerce - Exhaustive TEST Coverage
       Lines 644-886 Exhaustive Variants
         should test all line 664 variants:
     TypeError: escrow.TEST_664_thresholds_msgsender is not a function
      at Context.<anonymous> (test/archive/coverage.commerce.exhaustive.test.js:726:20)
      at processImmediate (node:internal/timers:485:21)

  181) VFIDECommerce - Exhaustive TEST Coverage
       Lines 644-886 Exhaustive Variants
         should test all line 871 variants:
     TypeError: escrow.TEST_line871_886_combined is not a function
      at Context.<anonymous> (test/archive/coverage.commerce.exhaustive.test.js:742:20)
      at processImmediate (node:internal/timers:485:21)

  182) VFIDECommerce - Exhaustive TEST Coverage
       Lines 644-886 Exhaustive Variants
         should test all line 886 variants:
     TypeError: escrow.TEST_line886_deep is not a function
      at Context.<anonymous> (test/archive/coverage.commerce.exhaustive.test.js:754:20)
      at processImmediate (node:internal/timers:485:21)

  183) VFIDECommerce - Exhaustive TEST Coverage
       Lines 644-886 Exhaustive Variants
         should test all line 964-1060 variants:
     TypeError: escrow.TEST_line964_deep is not a function
      at Context.<anonymous> (test/archive/coverage.commerce.exhaustive.test.js:769:20)

  184) VFIDECommerce - Systematic TEST Helper Coverage Part 1 (lines 295-560)
       Lines 435-456: Complex nested conditional expressions
         should cover line 435 additional variants:
     TypeError: escrow.TEST_line435_msgsender_include is not a function
      at Context.<anonymous> (test/archive/coverage.commerce.systematic1.test.js:113:20)
      at processImmediate (node:internal/timers:485:21)

  185) VFIDECommerce - Systematic TEST Helper Coverage Part 1 (lines 295-560)
       Lines 435-456: Complex nested conditional expressions
         should cover line 447 condexpr variants systematically:
     TypeError: escrow.TEST_line447_many_ors is not a function
      at Context.<anonymous> (test/archive/coverage.commerce.systematic1.test.js:132:20)

  186) VFIDECommerce - Systematic TEST Helper Coverage Part 1 (lines 295-560)
       Lines 466-526: More complex conditional branches
         should cover line 503-506 combo variants:
     TypeError: escrow.TEST_line503_extended_variants is not a function
      at Context.<anonymous> (test/archive/coverage.commerce.systematic1.test.js:187:20)

  187) VFIDECommerce - Systematic TEST Helper Coverage Part 2 (lines 560-1000)
       Line 644: Multiple TEST helper variants
         should cover line 644 combo variants:
     TypeError: escrow.TEST_line644_combo is not a function
      at Context.<anonymous> (test/archive/coverage.commerce.systematic2.test.js:65:20)
      at processImmediate (node:internal/timers:485:21)

  188) VFIDECommerce - Systematic TEST Helper Coverage Part 2 (lines 560-1000)
       Line 664: Exhaustive TEST helper coverage
         should cover line 664 exhaustive with all parameter combinations:
     TypeError: escrow.TEST_line664_exhaustive is not a function
      at Context.<anonymous> (test/archive/coverage.commerce.systematic2.test.js:107:26)
      at processImmediate (node:internal/timers:485:21)

  189) VFIDECommerce - Systematic TEST Helper Coverage Part 2 (lines 560-1000)
       Line 664: Exhaustive TEST helper coverage
         should cover line 664 injected zero variants:
     TypeError: escrow.TEST_line664_injected_zero is not a function
      at Context.<anonymous> (test/archive/coverage.commerce.systematic2.test.js:114:20)
      at processImmediate (node:internal/timers:485:21)

  190) VFIDECommerce - Systematic TEST Helper Coverage Part 2 (lines 560-1000)
       Line 664: Exhaustive TEST helper coverage
         should cover line 664 msgsender vault variants:
     TypeError: escrow.TEST_line664_msgsender_vault is not a function
      at Context.<anonymous> (test/archive/coverage.commerce.systematic2.test.js:120:20)
      at processImmediate (node:internal/timers:485:21)

  191) VFIDECommerce - Systematic TEST Helper Coverage Part 2 (lines 560-1000)
       Line 664: Exhaustive TEST helper coverage
         should cover line 664 localdup order variants:
     TypeError: escrow.TEST_line664_localdup_order is not a function
      at Context.<anonymous> (test/archive/coverage.commerce.systematic2.test.js:127:20)
      at processImmediate (node:internal/timers:485:21)

  192) VFIDECommerce - Systematic TEST Helper Coverage Part 2 (lines 560-1000)
       Line 664: Exhaustive TEST helper coverage
         should cover line 664 threshold ifelse variants:
     TypeError: escrow.TEST_line664_threshold_ifelse is not a function
      at Context.<anonymous> (test/archive/coverage.commerce.systematic2.test.js:132:20)
      at processImmediate (node:internal/timers:485:21)

  193) VFIDECommerce - Systematic TEST Helper Coverage Part 2 (lines 560-1000)
       Line 664: Exhaustive TEST helper coverage
         should cover line 664 ternary vs if variants:
     TypeError: escrow.TEST_line664_ternary_vs_if is not a function
      at Context.<anonymous> (test/archive/coverage.commerce.systematic2.test.js:138:20)
      at processImmediate (node:internal/timers:485:21)

  194) VFIDECommerce - Systematic TEST Helper Coverage Part 2 (lines 560-1000)
       Line 664: Exhaustive TEST helper coverage
         should cover line 664 combined mask variants:
     TypeError: escrow.TEST_line664_combined_mask is not a function
      at Context.<anonymous> (test/archive/coverage.commerce.systematic2.test.js:143:20)
      at processImmediate (node:internal/timers:485:21)

  195) VFIDECommerce - Systematic TEST Helper Coverage Part 2 (lines 560-1000)
       Line 871: TEST helper variants
         should cover line 871 deep variants:
     TypeError: escrow.TEST_line871_deep is not a function
      at Context.<anonymous> (test/archive/coverage.commerce.systematic2.test.js:159:24)
      at processImmediate (node:internal/timers:485:21)

  196) VFIDECommerce - Systematic TEST Helper Coverage Part 2 (lines 560-1000)
       Line 871: TEST helper variants
         should cover line 871 injected variants:
     TypeError: escrow.TEST_line871_injected is not a function
      at Context.<anonymous> (test/archive/coverage.commerce.systematic2.test.js:165:20)
      at processImmediate (node:internal/timers:485:21)

  197) VFIDECommerce - Systematic TEST Helper Coverage Part 3 (remaining functions)
       Additional line 435 exhaustive variants
         should cover TEST_line435_single_arm_left and right:
     TypeError: escrow.TEST_line435_single_arm_left is not a function
      at Context.<anonymous> (test/archive/coverage.commerce.systematic3.test.js:83:20)
      at processImmediate (node:internal/timers:485:21)

  198) VFIDECommerce - Systematic TEST Helper Coverage Part 3 (remaining functions)
       Additional line 435 exhaustive variants
         should cover TEST_line435_force_variants3:
     TypeError: escrow.TEST_line435_force_variants3 is not a function
      at Context.<anonymous> (test/archive/coverage.commerce.systematic3.test.js:88:20)
      at processImmediate (node:internal/timers:485:21)

  199) VFIDECommerce - Systematic TEST Helper Coverage Part 3 (remaining functions)
       Additional line 435 exhaustive variants
         should cover TEST_line435_exhaustive2:
     TypeError: escrow.TEST_line435_exhaustive2 is not a function
      at Context.<anonymous> (test/archive/coverage.commerce.systematic3.test.js:99:22)
      at processImmediate (node:internal/timers:485:21)

  200) VFIDECommerce - Systematic TEST Helper Coverage Part 3 (remaining functions)
       Additional line 435 exhaustive variants
         should cover TEST_line435_force_left2:
     TypeError: escrow.TEST_line435_force_left2 is not a function
      at Context.<anonymous> (test/archive/coverage.commerce.systematic3.test.js:104:20)
      at processImmediate (node:internal/timers:485:21)

  201) VFIDECommerce - Systematic TEST Helper Coverage Part 3 (remaining functions)
       Additional line 435 exhaustive variants
         should cover TEST_435_vault_zero:
     TypeError: escrow.TEST_435_vault_zero is not a function
      at Context.<anonymous> (test/archive/coverage.commerce.systematic3.test.js:111:20)
      at processImmediate (node:internal/timers:485:21)

  202) VFIDECommerce - Systematic TEST Helper Coverage Part 3 (remaining functions)
       Additional line 435 exhaustive variants
         should cover TEST_435_status_suspended:
     TypeError: escrow.TEST_435_status_suspended is not a function
      at Context.<anonymous> (test/archive/coverage.commerce.systematic3.test.js:115:20)
      at processImmediate (node:internal/timers:485:21)

  203) VFIDECommerce - Systematic TEST Helper Coverage Part 3 (remaining functions)
       Additional line 447 variants
         should cover TEST_line447_split_arms:
     TypeError: escrow.TEST_line447_split_arms is not a function
      at Context.<anonymous> (test/archive/coverage.commerce.systematic3.test.js:121:20)
      at processImmediate (node:internal/timers:485:21)

  204) VFIDECommerce - Systematic TEST Helper Coverage Part 3 (remaining functions)
       Additional line 447 variants
         should cover TEST_line447_force_right2:
     TypeError: escrow.TEST_line447_force_right2 is not a function
      at Context.<anonymous> (test/archive/coverage.commerce.systematic3.test.js:126:20)
      at processImmediate (node:internal/timers:485:21)

  205) VFIDECommerce - Systematic TEST Helper Coverage Part 3 (remaining functions)
       Additional line 447 variants
         should cover TEST_line447_extra3:
     TypeError: escrow.TEST_line447_extra3 is not a function
      at Context.<anonymous> (test/archive/coverage.commerce.systematic3.test.js:137:22)
      at processImmediate (node:internal/timers:485:21)

  206) VFIDECommerce - Systematic TEST Helper Coverage Part 3 (remaining functions)
       Additional line 447 variants
         should cover TEST_line447_msgsender_variant:
     TypeError: invalid BigNumberish value (argument="value", value=false, code=INVALID_ARGUMENT, version=6.15.0)
      at makeError (node_modules/ethers/src.ts/utils/errors.ts:691:21)
      at assert (node_modules/ethers/src.ts/utils/errors.ts:719:25)
      at assertArgument (node_modules/ethers/src.ts/utils/errors.ts:731:5)
      at getBigInt (node_modules/ethers/src.ts/utils/maths.ts:113:19)
      at NumberCoder.encode (node_modules/ethers/src.ts/abi/coders/number.ts:36:30)
      at /workspaces/Vfide/node_modules/ethers/src.ts/abi/coders/array.ts:64:19
      at Array.forEach (<anonymous>)
      at pack (node_modules/ethers/src.ts/abi/coders/array.ts:47:12)
      at TupleCoder.encode (node_modules/ethers/src.ts/abi/coders/tuple.ts:62:20)
      at AbiCoder.encode (node_modules/ethers/src.ts/abi/abi-coder.ts:195:15)

  207) VFIDECommerce - Systematic TEST Helper Coverage Part 3 (remaining functions)
       Additional line 456 variants
         should cover TEST_line456_single_left and right:
     TypeError: escrow.TEST_line456_single_left is not a function
      at Context.<anonymous> (test/archive/coverage.commerce.systematic3.test.js:149:20)
      at processImmediate (node:internal/timers:485:21)

  208) VFIDECommerce - Systematic TEST Helper Coverage Part 3 (remaining functions)
       Additional line 456 variants
         should cover TEST_line456_ternary_localdup:
     Error: no matching fragment (operation="fragment", info={ "args": [ "0x70997970C51812dc3A010C7d01b50e0d17dc79C8", 100000000000000000000, false ], "key": "TEST_line456_ternary_localdup" }, code=UNSUPPORTED_OPERATION, version=6.15.0)
      at makeError (node_modules/ethers/src.ts/utils/errors.ts:698:21)
      at assert (node_modules/ethers/src.ts/utils/errors.ts:719:25)
      at getFragment (node_modules/ethers/src.ts/contract/contract.ts:270:15)
      at Proxy.TEST_line456_ternary_localdup (node_modules/ethers/src.ts/contract/contract.ts:350:26)
      at Context.<anonymous> (test/archive/coverage.commerce.systematic3.test.js:154:20)

  209) VFIDECommerce - Systematic TEST Helper Coverage Part 3 (remaining functions)
       Additional line 456 variants
         should cover TEST_line456_expand_arms:
     TypeError: escrow.TEST_line456_expand_arms is not a function
      at Context.<anonymous> (test/archive/coverage.commerce.systematic3.test.js:163:22)
      at processImmediate (node:internal/timers:485:21)

  210) VFIDECommerce - Systematic TEST Helper Coverage Part 3 (remaining functions)
       Additional line 456 variants
         should cover TEST_456_amount_zero:
     TypeError: escrow.TEST_456_amount_zero is not a function
      at Context.<anonymous> (test/archive/coverage.commerce.systematic3.test.js:168:20)
      at processImmediate (node:internal/timers:485:21)

  211) VFIDECommerce - Systematic TEST Helper Coverage Part 3 (remaining functions)
       Additional line 503-526 variants
         should cover TEST_line503_force_msgsender:
     TypeError: escrow.TEST_line503_force_msgsender is not a function
      at Context.<anonymous> (test/archive/coverage.commerce.systematic3.test.js:174:20)
      at processImmediate (node:internal/timers:485:21)

  212) VFIDECommerce - Systematic TEST Helper Coverage Part 3 (remaining functions)
       Additional line 503-526 variants
         should cover TEST_line503_nested_alt:
     Error: no matching fragment (operation="fragment", info={ "args": [ 1, "0x70997970C51812dc3A010C7d01b50e0d17dc79C8", "0x3C44CdDdB6a900fa2b585dd299e03d12FA4293BC", false, false ], "key": "TEST_line503_nested_alt" }, code=UNSUPPORTED_OPERATION, version=6.15.0)
      at makeError (node_modules/ethers/src.ts/utils/errors.ts:698:21)
      at assert (node_modules/ethers/src.ts/utils/errors.ts:719:25)
      at getFragment (node_modules/ethers/src.ts/contract/contract.ts:270:15)
      at Proxy.TEST_line503_nested_alt (node_modules/ethers/src.ts/contract/contract.ts:350:26)
      at Context.<anonymous> (test/archive/coverage.commerce.systematic3.test.js:189:20)

  213) VFIDECommerce - Systematic TEST Helper Coverage Part 3 (remaining functions)
       Additional line 503-526 variants
         should cover TEST_line503_msg_injected:
     TypeError: escrow.TEST_line503_msg_injected is not a function
      at Context.<anonymous> (test/archive/coverage.commerce.systematic3.test.js:196:20)
      at processImmediate (node:internal/timers:485:21)

  214) VFIDECommerce - Systematic TEST Helper Coverage Part 3 (remaining functions)
       Additional line 503-526 variants
         should cover TEST_line503_cond_split2:
     TypeError: escrow.TEST_line503_cond_split2 is not a function
      at Context.<anonymous> (test/archive/coverage.commerce.systematic3.test.js:205:22)
      at processImmediate (node:internal/timers:485:21)

  215) VFIDECommerce - Systematic TEST Helper Coverage Part 3 (remaining functions)
       Additional line 503-526 variants
         should cover TEST_line503_force_all:
     TypeError: escrow.TEST_line503_force_all is not a function
      at Context.<anonymous> (test/archive/coverage.commerce.systematic3.test.js:215:22)
      at processImmediate (node:internal/timers:485:21)

  216) VFIDECommerce - Systematic TEST Helper Coverage Part 3 (remaining functions)
       Additional line 503-526 variants
         should cover TEST_line503_condexpr_deep:
     TypeError: escrow.TEST_line503_condexpr_deep is not a function
      at Context.<anonymous> (test/archive/coverage.commerce.systematic3.test.js:224:22)
      at processImmediate (node:internal/timers:485:21)

  217) VFIDECommerce - Systematic TEST Helper Coverage Part 3 (remaining functions)
       Additional line 503-526 variants
         should cover TEST_line506_force_injected:
     TypeError: unsupported addressable value (argument="target", value=1, code=INVALID_ARGUMENT, version=6.15.0)
      at makeError (node_modules/ethers/src.ts/utils/errors.ts:691:21)
      at assert (node_modules/ethers/src.ts/utils/errors.ts:719:25)
      at assertArgument (node_modules/ethers/src.ts/utils/errors.ts:731:5)
      at resolveAddress (node_modules/ethers/src.ts/address/checks.ts:122:19)
      at /workspaces/Vfide/node_modules/ethers/src.ts/contract/contract.ts:172:60
      at ParamType.#walkAsync (node_modules/ethers/src.ts/abi/fragments.ts:779:24)
      at ParamType.walkAsync (node_modules/ethers/src.ts/abi/fragments.ts:797:24)
      at /workspaces/Vfide/node_modules/ethers/src.ts/contract/contract.ts:170:22
      at Array.map (<anonymous>)
      at resolveArgs (node_modules/ethers/src.ts/contract/contract.ts:169:37)

  218) VFIDECommerce - Systematic TEST Helper Coverage Part 3 (remaining functions)
       Additional line 503-526 variants
         should cover TEST_line506_msgsender_force:
     TypeError: escrow.TEST_line506_msgsender_force is not a function
      at Context.<anonymous> (test/archive/coverage.commerce.systematic3.test.js:234:20)
      at processImmediate (node:internal/timers:485:21)

  219) VFIDECommerce - Systematic TEST Helper Coverage Part 3 (remaining functions)
       Additional line 503-526 variants
         should cover TEST_503_state_disputed:
     TypeError: escrow.TEST_503_state_disputed is not a function
      at Context.<anonymous> (test/archive/coverage.commerce.systematic3.test.js:239:20)
      at processImmediate (node:internal/timers:485:21)

  220) VFIDECommerce - Systematic TEST Helper Coverage Part 3 (remaining functions)
       Additional line 503-526 variants
         should cover TEST_503_mm_suspended:
     TypeError: escrow.TEST_503_mm_suspended is not a function
      at Context.<anonymous> (test/archive/coverage.commerce.systematic3.test.js:243:20)
      at processImmediate (node:internal/timers:485:21)

  221) VFIDECommerce - Systematic TEST Helper Coverage Part 3 (remaining functions)
       Line 523-526 exhaustive variants
         should cover TEST_line523_force_toggle:
     TypeError: unsupported addressable value (argument="target", value=5, code=INVALID_ARGUMENT, version=6.15.0)
      at makeError (node_modules/ethers/src.ts/utils/errors.ts:691:21)
      at assert (node_modules/ethers/src.ts/utils/errors.ts:719:25)
      at assertArgument (node_modules/ethers/src.ts/utils/errors.ts:731:5)
      at resolveAddress (node_modules/ethers/src.ts/address/checks.ts:122:19)
      at /workspaces/Vfide/node_modules/ethers/src.ts/contract/contract.ts:172:60
      at ParamType.#walkAsync (node_modules/ethers/src.ts/abi/fragments.ts:779:24)
      at ParamType.walkAsync (node_modules/ethers/src.ts/abi/fragments.ts:797:24)
      at /workspaces/Vfide/node_modules/ethers/src.ts/contract/contract.ts:170:22
      at Array.map (<anonymous>)
      at resolveArgs (node_modules/ethers/src.ts/contract/contract.ts:169:37)

  222) VFIDECommerce - Systematic TEST Helper Coverage Part 3 (remaining functions)
       Line 523-526 exhaustive variants
         should cover TEST_line523_single_toggle:
     TypeError: escrow.TEST_line523_single_toggle is not a function
      at Context.<anonymous> (test/archive/coverage.commerce.systematic3.test.js:254:20)
      at processImmediate (node:internal/timers:485:21)

  223) VFIDECommerce - Systematic TEST Helper Coverage Part 3 (remaining functions)
       Line 523-526 exhaustive variants
         should cover TEST_line523_injected_toggle:
     TypeError: escrow.TEST_line523_injected_toggle is not a function
      at Context.<anonymous> (test/archive/coverage.commerce.systematic3.test.js:259:20)
      at processImmediate (node:internal/timers:485:21)

  224) VFIDECommerce - Systematic TEST Helper Coverage Part 3 (remaining functions)
       Line 523-526 exhaustive variants
         should cover TEST_line523_exhaustive:
     TypeError: escrow.TEST_line523_exhaustive is not a function
      at Context.<anonymous> (test/archive/coverage.commerce.systematic3.test.js:268:22)
      at processImmediate (node:internal/timers:485:21)

  225) VFIDECommerce - Systematic TEST Helper Coverage Part 3 (remaining functions)
       Line 523-526 exhaustive variants
         should cover TEST_line523_localdup2:
     TypeError: escrow.TEST_line523_localdup2 is not a function
      at Context.<anonymous> (test/archive/coverage.commerce.systematic3.test.js:273:20)
      at processImmediate (node:internal/timers:485:21)

  226) VFIDECommerce - Systematic TEST Helper Coverage Part 3 (remaining functions)
       Line 523-526 exhaustive variants
         should cover TEST_line524_msgsender_variant:
     TypeError: escrow.TEST_line524_msgsender_variant is not a function
      at Context.<anonymous> (test/archive/coverage.commerce.systematic3.test.js:278:20)
      at processImmediate (node:internal/timers:485:21)

  227) VFIDECommerce - Systematic TEST Helper Coverage Part 3 (remaining functions)
       Line 523-526 exhaustive variants
         should cover TEST_line524_injected_zero2:
     TypeError: escrow.TEST_line524_injected_zero2 is not a function
      at Context.<anonymous> (test/archive/coverage.commerce.systematic3.test.js:283:20)
      at processImmediate (node:internal/timers:485:21)

  228) VFIDECommerce - Systematic TEST Helper Coverage Part 3 (remaining functions)
       Line 523-526 exhaustive variants
         should cover TEST_line525_combo:
     TypeError: invalid BigNumberish value (argument="value", value=false, code=INVALID_ARGUMENT, version=6.15.0)
      at makeError (node_modules/ethers/src.ts/utils/errors.ts:691:21)
      at assert (node_modules/ethers/src.ts/utils/errors.ts:719:25)
      at assertArgument (node_modules/ethers/src.ts/utils/errors.ts:731:5)
      at getBigInt (node_modules/ethers/src.ts/utils/maths.ts:113:19)
      at NumberCoder.encode (node_modules/ethers/src.ts/abi/coders/number.ts:36:30)
      at /workspaces/Vfide/node_modules/ethers/src.ts/abi/coders/array.ts:64:19
      at Array.forEach (<anonymous>)
      at pack (node_modules/ethers/src.ts/abi/coders/array.ts:47:12)
      at TupleCoder.encode (node_modules/ethers/src.ts/abi/coders/tuple.ts:62:20)
      at AbiCoder.encode (node_modules/ethers/src.ts/abi/abi-coder.ts:195:15)

  229) VFIDECommerce - Systematic TEST Helper Coverage Part 3 (remaining functions)
       Line 523-526 exhaustive variants
         should cover TEST_line525_injected_combo:
     TypeError: escrow.TEST_line525_injected_combo is not a function
      at Context.<anonymous> (test/archive/coverage.commerce.systematic3.test.js:298:22)
      at processImmediate (node:internal/timers:485:21)

  230) VFIDECommerce - Systematic TEST Helper Coverage Part 3 (remaining functions)
       Line 523-526 exhaustive variants
         should cover TEST_line525_expand:
     TypeError: escrow.TEST_line525_expand is not a function
      at Context.<anonymous> (test/archive/coverage.commerce.systematic3.test.js:307:22)
      at processImmediate (node:internal/timers:485:21)

  231) VFIDECommerce - Systematic TEST Helper Coverage Part 3 (remaining functions)
       Line 523-526 exhaustive variants
         should cover TEST_line525_msgsender_toggle:
     TypeError: escrow.TEST_line525_msgsender_toggle is not a function
      at Context.<anonymous> (test/archive/coverage.commerce.systematic3.test.js:312:20)
      at processImmediate (node:internal/timers:485:21)

  232) VFIDECommerce - Systematic TEST Helper Coverage Part 3 (remaining functions)
       Line 523-526 exhaustive variants
         should cover TEST_line525_injected_addr:
     TypeError: escrow.TEST_line525_injected_addr is not a function
      at Context.<anonymous> (test/archive/coverage.commerce.systematic3.test.js:317:20)
      at processImmediate (node:internal/timers:485:21)

  233) VFIDECommerce - Systematic TEST Helper Coverage Part 3 (remaining functions)
       Line 523-526 exhaustive variants
         should cover TEST_line526_ternary_split:
     TypeError: escrow.TEST_line526_ternary_split is not a function
      at Context.<anonymous> (test/archive/coverage.commerce.systematic3.test.js:324:22)
      at processImmediate (node:internal/timers:485:21)

  234) VFIDECommerce - Systematic TEST Helper Coverage Part 3 (remaining functions)
       Line 523-526 exhaustive variants
         should cover TEST_line526_combined:
     TypeError: escrow.TEST_line526_combined is not a function
      at Context.<anonymous> (test/archive/coverage.commerce.systematic3.test.js:333:22)
      at processImmediate (node:internal/timers:485:21)

  235) VFIDECommerce - Systematic TEST Helper Coverage Part 3 (remaining functions)
       Line 871 and 886 additional variants
         should cover TEST_line871_msgsender:
     TypeError: escrow.TEST_line871_msgsender is not a function
      at Context.<anonymous> (test/archive/coverage.commerce.systematic3.test.js:340:20)
      at processImmediate (node:internal/timers:485:21)

  236) VFIDECommerce - Systematic TEST Helper Coverage Part 3 (remaining functions)
       Line 871 and 886 additional variants
         should cover TEST_line871_localdup:
     TypeError: escrow.TEST_line871_localdup is not a function
      at Context.<anonymous> (test/archive/coverage.commerce.systematic3.test.js:345:20)
      at processImmediate (node:internal/timers:485:21)

  237) VFIDECommerce - Systematic TEST Helper Coverage Part 3 (remaining functions)
       Line 871 and 886 additional variants
         should cover TEST_line871_threshold_ifelse:
     TypeError: escrow.TEST_line871_threshold_ifelse is not a function
      at Context.<anonymous> (test/archive/coverage.commerce.systematic3.test.js:350:20)
      at processImmediate (node:internal/timers:485:21)

  238) VFIDECommerce - Systematic TEST Helper Coverage Part 3 (remaining functions)
       Line 871 and 886 additional variants
         should cover TEST_line871_886_combined:
     TypeError: escrow.TEST_line871_886_combined is not a function
      at Context.<anonymous> (test/archive/coverage.commerce.systematic3.test.js:358:22)
      at processImmediate (node:internal/timers:485:21)

  239) VFIDECommerce - Systematic TEST Helper Coverage Part 3 (remaining functions)
       Line 871 and 886 additional variants
         should cover TEST_line871_injected_zero:
     TypeError: escrow.TEST_line871_injected_zero is not a function
      at Context.<anonymous> (test/archive/coverage.commerce.systematic3.test.js:363:20)
      at processImmediate (node:internal/timers:485:21)

  240) VFIDECommerce - Systematic TEST Helper Coverage Part 3 (remaining functions)
       Line 871 and 886 additional variants
         should cover TEST_line871_msgsender_vault:
     TypeError: escrow.TEST_line871_msgsender_vault is not a function
      at Context.<anonymous> (test/archive/coverage.commerce.systematic3.test.js:368:20)
      at processImmediate (node:internal/timers:485:21)

  241) VFIDECommerce - Systematic TEST Helper Coverage Part 3 (remaining functions)
       Line 871 and 886 additional variants
         should cover TEST_line886_ifelse:
     TypeError: escrow.TEST_line886_ifelse is not a function
      at Context.<anonymous> (test/archive/coverage.commerce.systematic3.test.js:373:20)
      at processImmediate (node:internal/timers:485:21)

  242) VFIDECommerce - Systematic TEST Helper Coverage Part 3 (remaining functions)
       Line 871 and 886 additional variants
         should cover TEST_line886_ternary_local:
     TypeError: escrow.TEST_line886_ternary_local is not a function
      at Context.<anonymous> (test/archive/coverage.commerce.systematic3.test.js:378:20)
      at processImmediate (node:internal/timers:485:21)

  243) VFIDECommerce - Systematic TEST Helper Coverage Part 3 (remaining functions)
       Line 871 and 886 additional variants
         should cover TEST_line886_deep:
     TypeError: escrow.TEST_line886_deep is not a function
      at Context.<anonymous> (test/archive/coverage.commerce.systematic3.test.js:386:22)
      at processImmediate (node:internal/timers:485:21)

  244) VFIDECommerce - Systematic TEST Helper Coverage Part 3 (remaining functions)
       Line 871 and 886 additional variants
         should cover TEST_line886_localdup_order:
     TypeError: escrow.TEST_line886_localdup_order is not a function
      at Context.<anonymous> (test/archive/coverage.commerce.systematic3.test.js:391:20)
      at processImmediate (node:internal/timers:485:21)

  245) VFIDECommerce - Systematic TEST Helper Coverage Part 3 (remaining functions)
       Line 871 and 886 additional variants
         should cover TEST_line886_ternary_vs_if:
     TypeError: escrow.TEST_line886_ternary_vs_if is not a function
      at Context.<anonymous> (test/archive/coverage.commerce.systematic3.test.js:396:20)
      at processImmediate (node:internal/timers:485:21)

  246) VFIDECommerce - Systematic TEST Helper Coverage Part 3 (remaining functions)
       Line 964 additional variants
         should cover TEST_line964_deep:
     TypeError: escrow.TEST_line964_deep is not a function
      at Context.<anonymous> (test/archive/coverage.commerce.systematic3.test.js:407:22)
      at processImmediate (node:internal/timers:485:21)

  247) VFIDECommerce - Systematic TEST Helper Coverage Part 3 (remaining functions)
       Line 964 additional variants
         should cover TEST_line964_msgsender_variant:
     TypeError: escrow.TEST_line964_msgsender_variant is not a function
      at Context.<anonymous> (test/archive/coverage.commerce.systematic3.test.js:412:20)
      at processImmediate (node:internal/timers:485:21)

  248) VFIDECommerce - Systematic TEST Helper Coverage Part 3 (remaining functions)
       Line 664 additional exhaustive variants
         should cover TEST_664_thresholds_msgsender:
     TypeError: escrow.TEST_664_thresholds_msgsender is not a function
      at Context.<anonymous> (test/archive/coverage.commerce.systematic3.test.js:419:20)
      at processImmediate (node:internal/timers:485:21)

  249) VFIDECommerce - Systematic TEST Helper Coverage Part 3 (remaining functions)
       Line 664 additional exhaustive variants
         should cover TEST_line664_force_mix2:
     TypeError: escrow.TEST_line664_force_mix2 is not a function
      at Context.<anonymous> (test/archive/coverage.commerce.systematic3.test.js:430:22)
      at processImmediate (node:internal/timers:485:21)

  250) Final Push: All Remaining TEST Functions Part 1
       "before all" hook in "Final Push: All Remaining TEST Functions Part 1":
     Error: VM Exception while processing transaction: reverted with custom error 'COM_NotAllowed()'
    at MerchantRegistry.addMerchant (contracts-min/VFIDECommerce.sol:105)
    at EdrProviderWrapper.request (node_modules/hardhat/src/internal/hardhat-network/provider/provider.ts:434:41)
    at HardhatEthersSigner.sendTransaction (node_modules/@nomicfoundation/hardhat-ethers/src/signers.ts:181:18)
    at send (node_modules/ethers/src.ts/contract/contract.ts:313:20)
    at Proxy.addMerchant (node_modules/ethers/src.ts/contract/contract.ts:352:16)
    at Context.<anonymous> (test/archive/coverage.exhaustive.part1.test.js:42:5)
  

  251) Final Push: All Remaining TEST Functions Part 2
       "before all" hook in "Final Push: All Remaining TEST Functions Part 2":
     Error: VM Exception while processing transaction: reverted with custom error 'COM_NotAllowed()'
    at MerchantRegistry.addMerchant (contracts-min/VFIDECommerce.sol:105)
    at EdrProviderWrapper.request (node_modules/hardhat/src/internal/hardhat-network/provider/provider.ts:434:41)
    at HardhatEthersSigner.sendTransaction (node_modules/@nomicfoundation/hardhat-ethers/src/signers.ts:181:18)
    at send (node_modules/ethers/src.ts/contract/contract.ts:313:20)
    at Proxy.addMerchant (node_modules/ethers/src.ts/contract/contract.ts:352:16)
    at Context.<anonymous> (test/archive/coverage.exhaustive.part2.test.js:42:5)
  

  252) Final Coverage Push: All Remaining Variants
       "before all" hook in "Final Coverage Push: All Remaining Variants":
     Error: VM Exception while processing transaction: reverted with custom error 'COM_NotAllowed()'
    at MerchantRegistry.addMerchant (contracts-min/VFIDECommerce.sol:105)
    at EdrProviderWrapper.request (node_modules/hardhat/src/internal/hardhat-network/provider/provider.ts:434:41)
    at HardhatEthersSigner.sendTransaction (node_modules/@nomicfoundation/hardhat-ethers/src/signers.ts:181:18)
    at send (node_modules/ethers/src.ts/contract/contract.ts:313:20)
    at Proxy.addMerchant (node_modules/ethers/src.ts/contract/contract.ts:352:16)
    at Context.<anonymous> (test/archive/coverage.final.exhaustive.all.test.js:43:5)
  

  253) VFIDEFinance: Exhaustive Coverage to 100%
       Additional edge case coverage for 100%
         should cover line 182 decimals cond-expr right branch:
     TypeError: stableRegistry.TEST_decimalsOrTry is not a function
      at Context.<anonymous> (test/archive/coverage.finance.exhaustive.test.js:474:45)

  254) VFIDEFinance: Exhaustive Coverage to 100%
       Additional edge case coverage for 100%
         should cover line 199 if-false branch (staticcall succeeds):
     TypeError: stableRegistry.TEST_decimalsOrTry is not a function
      at Context.<anonymous> (test/archive/coverage.finance.exhaustive.test.js:481:45)
      at processImmediate (node:internal/timers:485:21)

  255) VFIDEFinance: Exhaustive Coverage to 100%
       Additional edge case coverage for 100%
         should cover line 359 cond-expr right branch in validation:
     Error: no matching fragment (operation="fragment", info={ "args": [ "0x3C44CdDdB6a900fa2b585dd299e03d12FA4293BC", 1, "0x3312Dc65d0A949370533Ac7Bf33DfBdE7be44965", true, false, false ], "key": "TEST_exec_treasury_ifvariants" }, code=UNSUPPORTED_OPERATION, version=6.15.0)
      at makeError (node_modules/ethers/src.ts/utils/errors.ts:698:21)
      at assert (node_modules/ethers/src.ts/utils/errors.ts:719:25)
      at getFragment (node_modules/ethers/src.ts/contract/contract.ts:270:15)
      at Proxy.TEST_exec_treasury_ifvariants (node_modules/ethers/src.ts/contract/contract.ts:350:26)
      at Context.<anonymous> (test/archive/coverage.finance.exhaustive.test.js:504:22)

  256) VFIDEFinance: Exhaustive Coverage to 100%
       Additional edge case coverage for 100%
         should cover lines 379-383 TEST helper branches:
     TypeError: treasury.TEST_setForceInsufficientStable is not a function
      at Context.<anonymous> (test/archive/coverage.finance.exhaustive.test.js:514:22)
      at processImmediate (node:internal/timers:485:21)

  257) VFIDEFinance: Exhaustive Coverage to 100%
       Additional edge case coverage for 100%
         should cover lines 525, 531, 533 cond-expr right branches:
     TypeError: treasury.TEST_if_depositStable_whitelisted_or_force is not a function
      at Context.<anonymous> (test/archive/coverage.finance.exhaustive.test.js:541:22)
      at processImmediate (node:internal/timers:485:21)

  258) VFIDEFinance: Exhaustive Coverage to 100%
       Additional edge case coverage for 100%
         should exercise all TEST flag combinations:
     Error: no matching fragment (operation="fragment", info={ "args": [ "0x3C44CdDdB6a900fa2b585dd299e03d12FA4293BC", 100, "0x3312Dc65d0A949370533Ac7Bf33DfBdE7be44965", false, false, false ], "key": "TEST_exec_treasury_ifvariants" }, code=UNSUPPORTED_OPERATION, version=6.15.0)
      at makeError (node_modules/ethers/src.ts/utils/errors.ts:698:21)
      at assert (node_modules/ethers/src.ts/utils/errors.ts:719:25)
      at getFragment (node_modules/ethers/src.ts/contract/contract.ts:270:15)
      at Proxy.TEST_exec_treasury_ifvariants (node_modules/ethers/src.ts/contract/contract.ts:350:26)
      at Context.<anonymous> (test/archive/coverage.finance.exhaustive.test.js:559:24)

  259) VFIDEFinance: Exhaustive Coverage to 100%
       Additional edge case coverage for 100%
         should test edge cases for decimals detection:
     TypeError: stableRegistry.TEST_decimalsOrTry is not a function
      at Context.<anonymous> (test/archive/coverage.finance.exhaustive.test.js:576:45)

  260) VFIDEFinance: Exhaustive Coverage to 100%
       Additional edge case coverage for 100%
         should test depositVFIDE and sendVFIDE paths:
     TypeError: treasury.connect(...).depositVFIDE is not a function
      at Context.<anonymous> (test/archive/coverage.finance.exhaustive.test.js:595:37)

  261) Finance Remaining 20 Branches
       Line 87: DAO authorization branch
         should cover DAO-authorized path:
     AssertionError: Expected transaction to be reverted with reason 'SR_OnlyDAO', but it reverted with a custom error
      at Context.<anonymous> (test/archive/coverage.finance.remaining20.test.js:47:7)

  262) Finance Remaining 20 Branches
       Line 87: DAO authorization branch
         should cover DAO-authorized success:
     TypeError: stableRegistry.isStable is not a function
      at Context.<anonymous> (test/archive/coverage.finance.remaining20.test.js:54:35)

  263) Finance Remaining 20 Branches
       Line 182: decimalsOrTry branches
         should test decimals detection with force flag off:
     TypeError: treasury.TEST_setForceDecimals is not a function
      at Context.<anonymous> (test/archive/coverage.finance.remaining20.test.js:61:22)
      at processImmediate (node:internal/timers:485:21)

  264) Finance Remaining 20 Branches
       Line 182: decimalsOrTry branches
         should test decimals detection with force flag on:
     TypeError: treasury.TEST_setForceDecimals is not a function
      at Context.<anonymous> (test/archive/coverage.finance.remaining20.test.js:66:22)
      at processImmediate (node:internal/timers:485:21)

  265) Finance Remaining 20 Branches
       Line 182: decimalsOrTry branches
         should test decimals branches exhaustively:
     TypeError: treasury.TEST_exec_decimals_branches is not a function
      at Context.<anonymous> (test/archive/coverage.finance.remaining20.test.js:71:22)
      at processImmediate (node:internal/timers:485:21)

  266) Finance Remaining 20 Branches
       Line 199: staticcall failure branch
         should cover staticcall failure path:
     TypeError: treasury.TEST_if_staticcall_ok is not a function
      at Context.<anonymous> (test/archive/coverage.finance.remaining20.test.js:82:22)

  267) Finance Remaining 20 Branches
       Line 199: staticcall failure branch
         should cover staticcall success path:
     TypeError: treasury.TEST_if_staticcall_ok is not a function
      at Context.<anonymous> (test/archive/coverage.finance.remaining20.test.js:87:22)
      at processImmediate (node:internal/timers:485:21)

  268) Finance Remaining 20 Branches
       Line 199: staticcall failure branch
         should test exercise decimals try:
     TypeError: treasury.TEST_exercise_decimals_try is not a function
      at Context.<anonymous> (test/archive/coverage.finance.remaining20.test.js:94:22)

  269) Finance Remaining 20 Branches
       Line 320: amount validation branches
         should test zero amount branch:
     Error: VM Exception while processing transaction: reverted with custom error 'FI_AlreadyWhitelisted()'
    at StablecoinRegistry.addAsset (contracts-min/VFIDEFinance.sol:73)
    at EdrProviderWrapper.request (node_modules/hardhat/src/internal/hardhat-network/provider/provider.ts:434:41)
    at HardhatEthersSigner.sendTransaction (node_modules/@nomicfoundation/hardhat-ethers/src/signers.ts:181:18)
    at send (node_modules/ethers/src.ts/contract/contract.ts:313:20)
    at Proxy.addAsset (node_modules/ethers/src.ts/contract/contract.ts:352:16)
    at Context.<anonymous> (test/archive/coverage.finance.remaining20.test.js:102:7)
  

  270) Finance Remaining 20 Branches
       Line 320: amount validation branches
         should test non-zero amount branch:
     Error: VM Exception while processing transaction: reverted with reason string 'balance'
    at ERC20Mock.transferFrom (contracts-min/mocks/ERC20Mock.sol:40)
    at ERC20Mock.transferFrom (contracts-min/mocks/ERC20Mock.sol:41)
    at EcoTreasuryVault.depositStable (contracts-min/VFIDEFinance.sol:446)
    at EdrProviderWrapper.request (node_modules/hardhat/src/internal/hardhat-network/provider/provider.ts:434:41)
    at HardhatEthersSigner.sendTransaction (node_modules/@nomicfoundation/hardhat-ethers/src/signers.ts:181:18)
    at send (node_modules/ethers/src.ts/contract/contract.ts:313:20)
    at Proxy.depositStable (node_modules/ethers/src.ts/contract/contract.ts:352:16)
    at Context.<anonymous> (test/archive/coverage.finance.remaining20.test.js:115:7)
  

  271) Finance Remaining 20 Branches
       Line 333: send amount validation
         should test amount == 0 branch (left arm):
     TypeError: treasury.TEST_if_send_zeroToOrAmt is not a function
      at Context.<anonymous> (test/archive/coverage.finance.remaining20.test.js:122:22)
      at processImmediate (node:internal/timers:485:21)

  272) Finance Remaining 20 Branches
       Line 333: send amount validation
         should test amount != 0 branch:
     TypeError: treasury.TEST_if_send_zeroToOrAmt is not a function
      at Context.<anonymous> (test/archive/coverage.finance.remaining20.test.js:126:22)
      at processImmediate (node:internal/timers:485:21)

  273) Finance Remaining 20 Branches
       Line 333: send amount validation
         should test send checks:
     TypeError: treasury.TEST_if_send_zeroToOrAmt is not a function
      at Context.<anonymous> (test/archive/coverage.finance.remaining20.test.js:130:22)
      at processImmediate (node:internal/timers:485:21)

  274) Finance Remaining 20 Branches
       Conditional expression branches
         should test asset checks:
     TypeError: treasury.TEST_if_asset_ok is not a function
      at Context.<anonymous> (test/archive/coverage.finance.remaining20.test.js:138:22)
      at processImmediate (node:internal/timers:485:21)

  275) Finance Remaining 20 Branches
       Conditional expression branches
         should test deposit checks explicit:
     TypeError: treasury.TEST_if_deposit_checks_explicit is not a function
      at Context.<anonymous> (test/archive/coverage.finance.remaining20.test.js:145:22)
      at processImmediate (node:internal/timers:485:21)

  276) Finance Remaining 20 Branches
       Conditional expression branches
         should test token checks:
     TypeError: treasury.TEST_if_send_tokenIsZero is not a function
      at Context.<anonymous> (test/archive/coverage.finance.remaining20.test.js:151:22)
      at processImmediate (node:internal/timers:485:21)

  277) Finance Remaining 20 Branches
       Force flags and comprehensive checks
         should test force flags state:
     TypeError: treasury.TEST_if_force_flags_state is not a function
      at Context.<anonymous> (test/archive/coverage.finance.remaining20.test.js:158:22)
      at processImmediate (node:internal/timers:485:21)

  278) Finance Remaining 20 Branches
       Force flags and comprehensive checks
         should test treasury force flags:
     TypeError: treasury.TEST_if_treasury_force_flags is not a function
      at Context.<anonymous> (test/archive/coverage.finance.remaining20.test.js:162:22)
      at processImmediate (node:internal/timers:485:21)

  279) Finance Remaining 20 Branches
       Force flags and comprehensive checks
         should test deposit/send whitelist and zero checks:
     TypeError: treasury.TEST_if_deposit_send_whitelist_and_zero is not a function
      at Context.<anonymous> (test/archive/coverage.finance.remaining20.test.js:169:22)
      at processImmediate (node:internal/timers:485:21)

  280) Finance Remaining 20 Branches
       Comprehensive Finance coverage
         should test exercise deposit/send checks:
     TypeError: treasury.TEST_exercise_deposit_send_checks is not a function
      at Context.<anonymous> (test/archive/coverage.finance.remaining20.test.js:177:22)
      at processImmediate (node:internal/timers:485:21)

  281) Finance Remaining 20 Branches
       Comprehensive Finance coverage
         should test if forceDecimalsReturn:
     TypeError: treasury.TEST_if_forceDecimalsReturn is not a function
      at Context.<anonymous> (test/archive/coverage.finance.remaining20.test.js:182:22)
      at processImmediate (node:internal/timers:485:21)

  282) Finance Remaining 20 Branches
       Comprehensive Finance coverage
         should test if deposit notWhitelisted:
     TypeError: treasury.TEST_if_deposit_notWhitelisted is not a function
      at Context.<anonymous> (test/archive/coverage.finance.remaining20.test.js:187:22)
      at processImmediate (node:internal/timers:485:21)

  283) Finance Remaining 20 Branches
       Comprehensive Finance coverage
         should test if deposit zeroAmount:
     TypeError: treasury.TEST_if_deposit_zeroAmount is not a function
      at Context.<anonymous> (test/archive/coverage.finance.remaining20.test.js:192:22)
      at processImmediate (node:internal/timers:485:21)

  284) Finance Remaining 20 Branches
       Comprehensive Finance coverage
         should test cover decimals and deposit:
     TypeError: treasury.TEST_cover_decimals_and_deposit is not a function
      at Context.<anonymous> (test/archive/coverage.finance.remaining20.test.js:197:22)
      at processImmediate (node:internal/timers:485:21)

  285) Finance Remaining 20 Branches
       Comprehensive Finance coverage
         should test exec decimals and tx ifvariants:
     TypeError: treasury.TEST_exec_decimals_and_tx_ifvariants is not a function
      at Context.<anonymous> (test/archive/coverage.finance.remaining20.test.js:204:24)
      at processImmediate (node:internal/timers:485:21)

  286) Finance Remaining 20 Branches
       Comprehensive Finance coverage
         should test cover more finance:
     TypeError: treasury.TEST_cover_more_finance is not a function
      at Context.<anonymous> (test/archive/coverage.finance.remaining20.test.js:211:24)
      at processImmediate (node:internal/timers:485:21)

  287) Finance Remaining 20 Branches
       Comprehensive Finance coverage
         should test cover finance more2:
     TypeError: treasury.TEST_cover_finance_more2 is not a function
      at Context.<anonymous> (test/archive/coverage.finance.remaining20.test.js:219:24)
      at processImmediate (node:internal/timers:485:21)

  288) Finance Remaining 20 Branches
       Comprehensive Finance coverage
         should test exec finance 413 checks:
     TypeError: treasury.TEST_exec_finance_413_checks is not a function
      at Context.<anonymous> (test/archive/coverage.finance.remaining20.test.js:224:22)
      at processImmediate (node:internal/timers:485:21)

  289) Finance Remaining 20 Branches
       Comprehensive Finance coverage
         should test exec decimals for token:
     TypeError: treasury.TEST_exec_decimals_for_token is not a function
      at Context.<anonymous> (test/archive/coverage.finance.remaining20.test.js:229:22)
      at processImmediate (node:internal/timers:485:21)

  290) coverage.finish.commerce.addMerchant.narrow3
       targets addMerchant lines ~118 and ~130 including msg.sender variants and force flags:

      AssertionError: expected 26 to equal 42
      + expected - actual

      -26
      +42
      
      at Context.<anonymous> (test/archive/coverage.finish.commerce.addMerchant.narrow3.test.js:63:20)

  291) coverage.finish.extra15 - stateful Commerce flows to flip branches
       creates merchant, triggers refund/dispute thresholds and escrow flows:
     Error: Transaction reverted without a reason string
    at MerchantRegistry.addMerchant (contracts-min/VFIDECommerce.sol:98)
    at EdrProviderWrapper.request (node_modules/hardhat/src/internal/hardhat-network/provider/provider.ts:434:41)
    at HardhatEthersSigner.sendTransaction (node_modules/@nomicfoundation/hardhat-ethers/src/signers.ts:181:18)
    at send (node_modules/ethers/src.ts/contract/contract.ts:313:20)
    at Proxy.addMerchant (node_modules/ethers/src.ts/contract/contract.ts:352:16)
    at Context.<anonymous> (test/archive/coverage.finish.extra15.test.js:37:5)
  

  292) coverage.finish.extra2 - targeted branch hits
       MerchantRegistry: exercise addMerchant subexprs and force flags:
     AssertionError: Expected transaction NOT to be reverted
      at Context.<anonymous> (test/archive/coverage.finish.extra2.test.js:60:3)

  293) coverage.finish.extra3 - final targeted branch hits
       MerchantRegistry: hit addMerchant already/noVault/lowScore arms:
     Error: VM Exception while processing transaction: reverted with custom error 'COM_NotAllowed()'
    at MerchantRegistry.addMerchant (contracts-min/VFIDECommerce.sol:105)
    at EdrProviderWrapper.request (node_modules/hardhat/src/internal/hardhat-network/provider/provider.ts:434:41)
    at HardhatEthersSigner.sendTransaction (node_modules/@nomicfoundation/hardhat-ethers/src/signers.ts:181:18)
    at send (node_modules/ethers/src.ts/contract/contract.ts:313:20)
    at Proxy.addMerchant (node_modules/ethers/src.ts/contract/contract.ts:352:16)
    at Context.<anonymous> (test/archive/coverage.finish.extra3.test.js:29:5)
  

  294) coverage.finish.extra3 - final targeted branch hits
       MerchantRegistry: noteDispute zero-flag and CommerceEscrow access NotAllowed arms:
     Error: VM Exception while processing transaction: reverted with custom error 'COM_NotAllowed()'
    at MerchantRegistry.addMerchant (contracts-min/VFIDECommerce.sol:105)
    at EdrProviderWrapper.request (node_modules/hardhat/src/internal/hardhat-network/provider/provider.ts:434:41)
    at HardhatEthersSigner.sendTransaction (node_modules/@nomicfoundation/hardhat-ethers/src/signers.ts:181:18)
    at send (node_modules/ethers/src.ts/contract/contract.ts:313:20)
    at Proxy.addMerchant (node_modules/ethers/src.ts/contract/contract.ts:352:16)
    at Context.<anonymous> (test/archive/coverage.finish.extra3.test.js:78:5)
  

  295) coverage.finish.extra4 - TEST-only helpers exercise
       Commerce: use TEST_exercise_addMerchant_checks to flip arms:
     Error: VM Exception while processing transaction: reverted with custom error 'COM_NotAllowed()'
    at MerchantRegistry.addMerchant (contracts-min/VFIDECommerce.sol:105)
    at EdrProviderWrapper.request (node_modules/hardhat/src/internal/hardhat-network/provider/provider.ts:434:41)
    at HardhatEthersSigner.sendTransaction (node_modules/@nomicfoundation/hardhat-ethers/src/signers.ts:181:18)
    at send (node_modules/ethers/src.ts/contract/contract.ts:313:20)
    at Proxy.addMerchant (node_modules/ethers/src.ts/contract/contract.ts:352:16)
    at Context.<anonymous> (test/archive/coverage.finish.extra4.test.js:38:5)
  

  296) coverage.finish.extra5 - target remaining branch arms
       Commerce: hit addMerchant and noteRefund/noteDispute arms:
     Error: VM Exception while processing transaction: reverted with custom error 'COM_NotAllowed()'
    at MerchantRegistry.addMerchant (contracts-min/VFIDECommerce.sol:105)
    at EdrProviderWrapper.request (node_modules/hardhat/src/internal/hardhat-network/provider/provider.ts:434:41)
    at HardhatEthersSigner.sendTransaction (node_modules/@nomicfoundation/hardhat-ethers/src/signers.ts:181:18)
    at send (node_modules/ethers/src.ts/contract/contract.ts:313:20)
    at Proxy.addMerchant (node_modules/ethers/src.ts/contract/contract.ts:352:16)
    at Context.<anonymous> (test/archive/coverage.finish.extra5.test.js:36:5)
  

  297) coverage.finish.extra5 - target remaining branch arms
       Call new contracts-min TEST_cover helpers to exercise remaining arms:
     Error: VM Exception while processing transaction: reverted with custom error 'COM_NotAllowed()'
    at MerchantRegistry.addMerchant (contracts-min/VFIDECommerce.sol:105)
    at EdrProviderWrapper.request (node_modules/hardhat/src/internal/hardhat-network/provider/provider.ts:434:41)
    at HardhatEthersSigner.sendTransaction (node_modules/@nomicfoundation/hardhat-ethers/src/signers.ts:181:18)
    at send (node_modules/ethers/src.ts/contract/contract.ts:313:20)
    at Proxy.addMerchant (node_modules/ethers/src.ts/contract/contract.ts:352:16)
    at Context.<anonymous> (test/archive/coverage.finish.extra5.test.js:182:5)
  

  298) coverage.finish.extra7 - extra permutations and signer variations
       MerchantRegistry: toggle flags and call if-helpers with different signers:
     Error: VM Exception while processing transaction: reverted with custom error 'COM_NotAllowed()'
    at MerchantRegistry.addMerchant (contracts-min/VFIDECommerce.sol:105)
    at EdrProviderWrapper.request (node_modules/hardhat/src/internal/hardhat-network/provider/provider.ts:434:41)
    at HardhatEthersSigner.sendTransaction (node_modules/@nomicfoundation/hardhat-ethers/src/signers.ts:181:18)
    at send (node_modules/ethers/src.ts/contract/contract.ts:313:20)
    at Proxy.addMerchant (node_modules/ethers/src.ts/contract/contract.ts:352:16)
    at Context.<anonymous> (test/archive/coverage.finish.extra7.test.js:31:5)
  

  299) coverage.finish.extra7 - extra permutations and signer variations
       CommerceEscrow: call access helpers from different callers to flip arms:
     Error: VM Exception while processing transaction: reverted with custom error 'COM_NotAllowed()'
    at MerchantRegistry.addMerchant (contracts-min/VFIDECommerce.sol:105)
    at EdrProviderWrapper.request (node_modules/hardhat/src/internal/hardhat-network/provider/provider.ts:434:41)
    at HardhatEthersSigner.sendTransaction (node_modules/@nomicfoundation/hardhat-ethers/src/signers.ts:181:18)
    at send (node_modules/ethers/src.ts/contract/contract.ts:313:20)
    at Proxy.addMerchant (node_modules/ethers/src.ts/contract/contract.ts:352:16)
    at Context.<anonymous> (test/archive/coverage.finish.extra7.test.js:78:5)
  

  300) coverage.finish.extra8 - broader sweep for remaining arms
       CommerceEscrow: force buyerVault zero and access masks with different ids:
     Error: VM Exception while processing transaction: reverted with custom error 'COM_NotAllowed()'
    at MerchantRegistry.addMerchant (contracts-min/VFIDECommerce.sol:105)
    at EdrProviderWrapper.request (node_modules/hardhat/src/internal/hardhat-network/provider/provider.ts:434:41)
    at HardhatEthersSigner.sendTransaction (node_modules/@nomicfoundation/hardhat-ethers/src/signers.ts:181:18)
    at send (node_modules/ethers/src.ts/contract/contract.ts:313:20)
    at Proxy.addMerchant (node_modules/ethers/src.ts/contract/contract.ts:352:16)
    at Context.<anonymous> (test/archive/coverage.finish.extra8.test.js:85:5)
  

  301) Commerce Bruteforce: Lines 664, 871, 964 Exhaustive
       "before all" hook in "Commerce Bruteforce: Lines 664, 871, 964 Exhaustive":
     Error: VM Exception while processing transaction: reverted with custom error 'COM_NotAllowed()'
    at MerchantRegistry.addMerchant (contracts-min/VFIDECommerce.sol:105)
    at EdrProviderWrapper.request (node_modules/hardhat/src/internal/hardhat-network/provider/provider.ts:434:41)
    at HardhatEthersSigner.sendTransaction (node_modules/@nomicfoundation/hardhat-ethers/src/signers.ts:181:18)
    at send (node_modules/ethers/src.ts/contract/contract.ts:313:20)
    at Proxy.addMerchant (node_modules/ethers/src.ts/contract/contract.ts:352:16)
    at Context.<anonymous> (test/archive/coverage.finish.lines664_871_964.test.js:46:5)
  

  302) coverage.pinpoint.next: flip specific Commerce branch arms
       toggles TEST flags, calls msg.sender variants and mass helpers:
     TypeError: ce.TEST_dup_line435_with_locals is not a function
      at Context.<anonymous> (test/archive/coverage.pinpoint.next.test.js:157:27)

  303) Commerce: Push to 100% Coverage - Final Push
       "before each" hook for "should hit line 87 when removing active merchant":
     Error: VM Exception while processing transaction: reverted with reason string 'devVault !contract'
    at VFIDEToken.constructor (contracts-min/VFIDEToken.sol:123)
    at EdrProviderWrapper.request (node_modules/hardhat/src/internal/hardhat-network/provider/provider.ts:434:41)
    at HardhatEthersSigner.sendTransaction (node_modules/@nomicfoundation/hardhat-ethers/src/signers.ts:181:18)
    at ContractFactory.deploy (node_modules/ethers/src.ts/contract/factory.ts:111:24)
    at Context.<anonymous> (test/archive/coverage.push100.commerce.final.test.js:12:13)
  

  304) Push to 100%: Missing Branch Coverage
       "before all" hook in "Push to 100%: Missing Branch Coverage":
     Error: VM Exception while processing transaction: reverted with custom error 'COM_NotAllowed()'
    at MerchantRegistry.addMerchant (contracts-min/VFIDECommerce.sol:105)
    at EdrProviderWrapper.request (node_modules/hardhat/src/internal/hardhat-network/provider/provider.ts:434:41)
    at HardhatEthersSigner.sendTransaction (node_modules/@nomicfoundation/hardhat-ethers/src/signers.ts:181:18)
    at send (node_modules/ethers/src.ts/contract/contract.ts:313:20)
    at Proxy.addMerchant (node_modules/ethers/src.ts/contract/contract.ts:352:16)
    at Context.<anonymous> (test/archive/coverage.push100.final.test.js:59:5)
  

  305) Coverage: Additional Uncovered Branches - Part 2
       covers remaining Commerce and Finance branches systematically:
     Error: VM Exception while processing transaction: reverted with custom error 'FI_AlreadyWhitelisted()'
    at StablecoinRegistry.addAsset (contracts-min/VFIDEFinance.sol:73)
    at EdrProviderWrapper.request (node_modules/hardhat/src/internal/hardhat-network/provider/provider.ts:434:41)
    at HardhatEthersSigner.sendTransaction (node_modules/@nomicfoundation/hardhat-ethers/src/signers.ts:181:18)
    at send (node_modules/ethers/src.ts/contract/contract.ts:313:20)
    at Proxy.addAsset (node_modules/ethers/src.ts/contract/contract.ts:352:16)
    at Context.<anonymous> (test/archive/coverage.uncovered.branches2.test.js:344:5)
  

  306) Coverage: CommerceEscrow Uncovered Branches
       covers dense branch clusters in lines 435-664 and beyond:
     TypeError: ce.TEST_dup_line435_with_locals is not a function
      at Context.<anonymous> (test/archive/coverage.uncovered.escrow.test.js:48:31)

  307) Coverage: VFIDEFinance Uncovered Branches
       covers remaining Finance contract branches systematically:

      AssertionError: expected true to equal false
      + expected - actual

      -true
      +false
      
      at Context.<anonymous> (test/archive/coverage.uncovered.finance.test.js:385:33)

  308) Smoke Tests - Core Functionality
       "before each" hook for "Should deploy VFIDEToken successfully":
     Error: incorrect number of arguments to constructor
      at ContractFactory.getDeployTransaction (node_modules/ethers/src.ts/contract/factory.ts:87:19)
      at ContractFactory.deploy (node_modules/ethers/src.ts/contract/factory.ts:105:31)
      at Context.<anonymous> (test/smoke.test.js:23:30)



